[Licensing::Module] Trying to connect to existing licensing client channel...
[Licensing::IpcConnector] Successfully connected to: "LicenseClient-admin" at "2026-08-25T14:56:39.3664473Z"
[Licensing::Client] Code 1 while verifying Licensing Client signature (process Id: 26760, path: "C:/Program Files/Unity Hub/UnityLicensingClient_V1/Unity.Licensing.Client.exe")
[Licensing::Module] LicensingClient has failed validation; ignoring
[Licensing::Client] Error: HandshakeResponse reported an error:
	ResponseCode: 505
	ResponseStatus: Unsupported protocol version '1.16.2'.
[Licensing::Module] Error: Failed to handshake to channel: "LicenseClient-admin"
[Licensing::IpcConnector] LicenseClient-admin channel disconnected successfully.
[Licensing::IpcConnector] Channel LicenseClient-admin-2022.3.62 doesn't exist
[Licensing::Module] Successfully launched the LicensingClient (PId: 42832)
[Licensing::IpcConnector] Successfully connected to: "LicenseClient-admin-2022.3.62" at "2026-08-25T14:56:40.2346422Z"
[Licensing::Client] Code 10 while verifying Licensing Client signature (process Id: 42832, path: "E:/workwork/steamgamework/unit/2022.3.62f3c1/Editor/Data/Resources/Licensing/Client/Unity.Licensing.Client.exe")
[Licensing::Module] LicensingClient has failed validation; ignoring
[Licensing::Client] Handshaking with LicensingClient:
  Version:                 1.16.2+bdef8f5
  Session Id:              dc588213233d43bfbae11951aa5252e7
  Correlation Id:          87d1b700dd0dc202bba63f6d2d0a9470
  External correlation Id: 4821196812060025487
  Machine Id:              WDcRLaI4OR0B+iLstjufGiulM9k=
[Licensing::Module] Successfully connected to LicensingClient on channel: "LicenseClient-admin-2022.3.62" (connect: 0.85s, validation: 0.05s, handshake: 0.02s)
[Licensing::IpcConnector] Successfully connected to: "LicenseClient-admin-2022.3.62-notifications" at "2026-08-25T14:56:40.2999144Z"
[Licensing::Module] Connected to LicensingClient (PId: 42832, launch time: 0.00, total connection time: 0.92s)
[Licensing::Module] Error: Access token is unavailable; failed to update
[Licensing::Client] Successfully updated license
Built from '2022.3/china_unity/release' branch; Version is '2022.3.62f3c1 (1623fc0bbb97) revision 1451004'; Using compiler version '192829333'; Build Type 'Release'
OS: 'Windows 11  (10.0.22631) 64bit Professional' Language: 'zh' Physical Memory: 16197 MB
[Licensing::Client] Successfully resolved entitlement details
[Licensing::Module] Serial number assigned to: "F4-ZYBJ-ZJJ4-YPAS-69E8-XXXX"
BatchMode: 1, IsHumanControllingUs: 0, StartBugReporterOnCrash: 0, Is64bit: 1, IsPro: 0
[Licensing::Client] Successfully resolved entitlement details

COMMAND LINE ARGUMENTS:
E:\workwork\steamgamework\unit\2022.3.62f3c1\Editor\Unity.exe
-batchmode
-projectPath
D:\WorkWork\Assist\image_to_smart\.codex_tmp\w24-s0a-full110-20260825-1448\project
-runTests
-testPlatform
PlayMode
-assemblyNames
VFXComposer.Tests.PlayMode.W24S0aFormalRuntime
-testFilter
VFXComposer.Tests.PlayMode.W24S0aFormalRuntime.W24S0aFormalPlayModeProxyTests.Capture_Full110_OperatorOnlyMutants_WhenTheFutureCohortExists
-testResults
D:\WorkWork\Assist\image_to_smart\.codex_tmp\w24-s0a-full110-20260825-1448\test-results\s0a-full110.xml
-logFile
D:\WorkWork\Assist\image_to_smart\.codex_tmp\w24-s0a-full110-20260825-1448\Logs\s0a-full110.log
Successfully changed project path to: D:\WorkWork\Assist\image_to_smart\.codex_tmp\w24-s0a-full110-20260825-1448\project
D:/WorkWork/Assist/image_to_smart/.codex_tmp/w24-s0a-full110-20260825-1448/project
[UnityMemory] Configuration Parameters - Can be set up in boot.config
    "memorysetup-bucket-allocator-granularity=16"
    "memorysetup-bucket-allocator-bucket-count=8"
    "memorysetup-bucket-allocator-block-size=33554432"
    "memorysetup-bucket-allocator-block-count=8"
    "memorysetup-main-allocator-block-size=16777216"
    "memorysetup-thread-allocator-block-size=16777216"
    "memorysetup-gfx-main-allocator-block-size=16777216"
    "memorysetup-gfx-thread-allocator-block-size=16777216"
    "memorysetup-cache-allocator-block-size=4194304"
    "memorysetup-typetree-allocator-block-size=2097152"
    "memorysetup-profiler-bucket-allocator-granularity=16"
    "memorysetup-profiler-bucket-allocator-bucket-count=8"
    "memorysetup-profiler-bucket-allocator-block-size=33554432"
    "memorysetup-profiler-bucket-allocator-block-count=8"
    "memorysetup-profiler-allocator-block-size=16777216"
    "memorysetup-profiler-editor-allocator-block-size=1048576"
    "memorysetup-temp-allocator-size-main=16777216"
    "memorysetup-job-temp-allocator-block-size=2097152"
    "memorysetup-job-temp-allocator-block-size-background=1048576"
    "memorysetup-job-temp-allocator-reduction-small-platforms=262144"
    "memorysetup-allocator-temp-initial-block-size-main=262144"
    "memorysetup-allocator-temp-initial-block-size-worker=262144"
    "memorysetup-temp-allocator-size-background-worker=32768"
    "memorysetup-temp-allocator-size-job-worker=262144"
    "memorysetup-temp-allocator-size-preload-manager=33554432"
    "memorysetup-temp-allocator-size-nav-mesh-worker=65536"
    "memorysetup-temp-allocator-size-audio-worker=65536"
    "memorysetup-temp-allocator-size-cloud-worker=32768"
    "memorysetup-temp-allocator-size-gi-baking-worker=262144"
    "memorysetup-temp-allocator-size-gfx=262144"
Player connection [29604]  Target information:

Player connection [29604]  * "[IP] 192.168.1.2 [Port] 55504 [Flags] 2 [Guid] 1956617643 [EditorId] 1956617643 [Version] 1048832 [Id] WindowsEditor(7,snowpeak) [Debug] 1 [PackageName] WindowsEditor [ProjectName] Editor" 

Player connection [29604]  * "[IP] 172.18.96.1 [Port] 55504 [Flags] 2 [Guid] 1956617643 [EditorId] 1956617643 [Version] 1048832 [Id] WindowsEditor(7,snowpeak) [Debug] 1 [PackageName] WindowsEditor [ProjectName] Editor" 

Player connection [29604]  * "[IP] 198.18.0.1 [Port] 55504 [Flags] 2 [Guid] 1956617643 [EditorId] 1956617643 [Version] 1048832 [Id] WindowsEditor(7,snowpeak) [Debug] 1 [PackageName] WindowsEditor [ProjectName] Editor" 

Player connection [29604] Host joined multi-casting on [225.0.0.222:54997]...
Player connection [29604] Host joined alternative multi-casting on [225.0.0.222:34997]...
Input System module state changed to: Initialized.
[PhysX] Initialized MultithreadedTaskDispatcher with 20 workers.
[Package Manager] UpmClient::Connect -- Connected to IPC stream "Upm-44944" after 0.3 seconds.
[Package Manager] Done resolving packages in 17.09 seconds
[Licensing::Client] Successfully resolved entitlement details
An error occurred while resolving packages:
  One or more packages could not be added to the local file system:
    com.unity.burst: ENOSPC: no space left on device, write
Exiting without the bug reporter. Application will terminate with return code 1