[Licensing::Module] Trying to connect to existing licensing client channel...
[Licensing::IpcConnector] Successfully connected to: "LicenseClient-admin" at "2026-08-25T14:37:08.5653438Z"
[Licensing::Client] Code 1 while verifying Licensing Client signature (process Id: 26760, path: "C:/Program Files/Unity Hub/UnityLicensingClient_V1/Unity.Licensing.Client.exe")
[Licensing::Module] LicensingClient has failed validation; ignoring
[Licensing::Client] Error: HandshakeResponse reported an error:
	ResponseCode: 505
	ResponseStatus: Unsupported protocol version '1.16.2'.
[Licensing::Module] Error: Failed to handshake to channel: "LicenseClient-admin"
[Licensing::IpcConnector] LicenseClient-admin channel disconnected successfully.
[Licensing::IpcConnector] Successfully connected to: "LicenseClient-admin-2022.3.62" at "2026-08-25T14:37:08.5779109Z"
[Licensing::Client] Code 10 while verifying Licensing Client signature (process Id: 34860, path: "E:/workwork/steamgamework/unit/2022.3.62f3c1/Editor/Data/Resources/Licensing/Client/Unity.Licensing.Client.exe")
[Licensing::Module] LicensingClient has failed validation; ignoring
[Licensing::Client] Handshaking with LicensingClient:
  Version:                 1.16.2+bdef8f5
  Session Id:              639b63758bc44501bd9349e6bb0a1da0
  Correlation Id:          e6984ccf5e508b9309fb318b5ee0578c
  External correlation Id: 6489299921529759493
  Machine Id:              WDcRLaI4OR0B+iLstjufGiulM9k=
[Licensing::Module] Successfully connected to LicensingClient on channel: "LicenseClient-admin-2022.3.62" (connect: 0.00s, validation: 0.01s, handshake: 0.02s)
[Licensing::IpcConnector] Successfully connected to: "LicenseClient-admin-2022.3.62-notifications" at "2026-08-25T14:37:08.6067094Z"
[Licensing::Module] Error: Access token is unavailable; failed to update
[Licensing::Client] Successfully updated license
Built from '2022.3/china_unity/release' branch; Version is '2022.3.62f3c1 (1623fc0bbb97) revision 1451004'; Using compiler version '192829333'; Build Type 'Release'
OS: 'Windows 11  (10.0.22631) 64bit Professional' Language: 'zh' Physical Memory: 16197 MB
[Licensing::Client] Successfully resolved entitlement details
[Licensing::Module] Serial number assigned to: "F4-ZYBJ-ZJJ4-YPAS-69E8-XXXX"
BatchMode: 1, IsHumanControllingUs: 0, StartBugReporterOnCrash: 0, Is64bit: 1, IsPro: 0
[Licensing::Client] Successfully resolved entitlement details

COMMAND LINE ARGUMENTS:
E:\workwork\steamgamework\unit\2022.3.62f3c1\Editor\Unity.exe
-batchmode
-nographics
-projectPath
D:\WorkWork\Assist\image_to_smart\.codex_tmp\w24-fresh-20260825-0628\project
-runTests
-testPlatform
EditMode
-testFilter
VFXComposer.Tests.EditMode.W24FormalBatchAuthoringEntrypointsTests
-testResults
D:\WorkWork\Assist\image_to_smart\.codex_tmp\w24-stage-regression-results\r9\formal-batch-entrypoints.xml
-logFile
D:\WorkWork\Assist\image_to_smart\.codex_tmp\w24-stage-regression-results\r9\formal-batch-entrypoints.log
Successfully changed project path to: D:\WorkWork\Assist\image_to_smart\.codex_tmp\w24-fresh-20260825-0628\project
D:/WorkWork/Assist/image_to_smart/.codex_tmp/w24-fresh-20260825-0628/project
[UnityMemory] Configuration Parameters - Can be set up in boot.config
    "memorysetup-bucket-allocator-granularity=16"
    "memorysetup-bucket-allocator-bucket-count=8"
    "memorysetup-bucket-allocator-block-size=33554432"
    "memorysetup-bucket-allocator-block-count=8"
    "memorysetup-main-allocator-block-size=16777216"
    "memorysetup-thread-allocator-block-size=16777216"
    "memorysetup-gfx-main-allocator-block-size=16777216"
    "memorysetup-gfx-thread-allocator-block-size=16777216"
    "memorysetup-cache-allocator-block-size=4194304"
    "memorysetup-typetree-allocator-block-size=2097152"
    "memorysetup-profiler-bucket-allocator-granularity=16"
    "memorysetup-profiler-bucket-allocator-bucket-count=8"
    "memorysetup-profiler-bucket-allocator-block-size=33554432"
    "memorysetup-profiler-bucket-allocator-block-count=8"
    "memorysetup-profiler-allocator-block-size=16777216"
    "memorysetup-profiler-editor-allocator-block-size=1048576"
    "memorysetup-temp-allocator-size-main=16777216"
    "memorysetup-job-temp-allocator-block-size=2097152"
    "memorysetup-job-temp-allocator-block-size-background=1048576"
    "memorysetup-job-temp-allocator-reduction-small-platforms=262144"
    "memorysetup-allocator-temp-initial-block-size-main=262144"
    "memorysetup-allocator-temp-initial-block-size-worker=262144"
    "memorysetup-temp-allocator-size-background-worker=32768"
    "memorysetup-temp-allocator-size-job-worker=262144"
    "memorysetup-temp-allocator-size-preload-manager=33554432"
    "memorysetup-temp-allocator-size-nav-mesh-worker=65536"
    "memorysetup-temp-allocator-size-audio-worker=65536"
    "memorysetup-temp-allocator-size-cloud-worker=32768"
    "memorysetup-temp-allocator-size-gi-baking-worker=262144"
    "memorysetup-temp-allocator-size-gfx=262144"
Player connection [35712]  Target information:

Player connection [35712]  * "[IP] 192.168.1.2 [Port] 55505 [Flags] 2 [Guid] 697613593 [EditorId] 697613593 [Version] 1048832 [Id] WindowsEditor(7,snowpeak) [Debug] 1 [PackageName] WindowsEditor [ProjectName] Editor" 

Player connection [35712]  * "[IP] 172.18.96.1 [Port] 55505 [Flags] 2 [Guid] 697613593 [EditorId] 697613593 [Version] 1048832 [Id] WindowsEditor(7,snowpeak) [Debug] 1 [PackageName] WindowsEditor [ProjectName] Editor" 

Player connection [35712]  * "[IP] 198.18.0.1 [Port] 55505 [Flags] 2 [Guid] 697613593 [EditorId] 697613593 [Version] 1048832 [Id] WindowsEditor(7,snowpeak) [Debug] 1 [PackageName] WindowsEditor [ProjectName] Editor" 

Player connection [35712] Host joined multi-casting on [225.0.0.222:54997]...
Player connection [35712] Host joined alternative multi-casting on [225.0.0.222:34997]...
Input System module state changed to: Initialized.
[PhysX] Initialized MultithreadedTaskDispatcher with 20 workers.
[Package Manager] UpmClient::Connect -- Connected to IPC stream "Upm-32704" after 0.3 seconds.
[Package Manager] Restoring resolved packages state from cache
[Licensing::Client] Successfully resolved entitlement details
[Package Manager] Registered 23 packages:
  Packages from [https://packages.unity.cn]:
    com.unity.nuget.newtonsoft-json@3.0.2 (location: D:\WorkWork\Assist\image_to_smart\.codex_tmp\w24-fresh-20260825-0628\project\Library\PackageCache\com.unity.nuget.newtonsoft-json@3.0.2)
    com.unity.test-framework@1.1.33 (location: D:\WorkWork\Assist\image_to_smart\.codex_tmp\w24-fresh-20260825-0628\project\Library\PackageCache\com.unity.test-framework@1.1.33)
    com.unity.toolchain.win-x86_64-linux-x86_64@2.0.11 (location: D:\WorkWork\Assist\image_to_smart\.codex_tmp\w24-fresh-20260825-0628\project\Library\PackageCache\com.unity.toolchain.win-x86_64-linux-x86_64@2.0.11)
    com.unity.sysroot@2.0.10 (location: D:\WorkWork\Assist\image_to_smart\.codex_tmp\w24-fresh-20260825-0628\project\Library\PackageCache\com.unity.sysroot@2.0.10)
    com.unity.sysroot.linux-x86_64@2.0.9 (location: D:\WorkWork\Assist\image_to_smart\.codex_tmp\w24-fresh-20260825-0628\project\Library\PackageCache\com.unity.sysroot.linux-x86_64@2.0.9)
    com.unity.ext.nunit@1.0.6 (location: D:\WorkWork\Assist\image_to_smart\.codex_tmp\w24-fresh-20260825-0628\project\Library\PackageCache\com.unity.ext.nunit@1.0.6)
    com.unity.mathematics@1.2.6 (location: D:\WorkWork\Assist\image_to_smart\.codex_tmp\w24-fresh-20260825-0628\project\Library\PackageCache\com.unity.mathematics@1.2.6)
    com.unity.burst@1.8.21 (location: D:\WorkWork\Assist\image_to_smart\.codex_tmp\w24-fresh-20260825-0628\project\Library\PackageCache\com.unity.burst@1.8.21)
    com.unity.searcher@4.9.2 (location: D:\WorkWork\Assist\image_to_smart\.codex_tmp\w24-fresh-20260825-0628\project\Library\PackageCache\com.unity.searcher@4.9.2)
  Built-in packages:
    com.unity.2d.sprite@1.0.0 (location: D:\WorkWork\Assist\image_to_smart\.codex_tmp\w24-fresh-20260825-0628\project\Library\PackageCache\com.unity.2d.sprite@1.0.0)
    com.unity.modules.particlesystem@1.0.0 (location: D:\WorkWork\Assist\image_to_smart\.codex_tmp\w24-fresh-20260825-0628\project\Library\PackageCache\com.unity.modules.particlesystem@1.0.0)
    com.unity.modules.imageconversion@1.0.0 (location: D:\WorkWork\Assist\image_to_smart\.codex_tmp\w24-fresh-20260825-0628\project\Library\PackageCache\com.unity.modules.imageconversion@1.0.0)
    com.unity.render-pipelines.universal@14.0.12 (location: D:\WorkWork\Assist\image_to_smart\.codex_tmp\w24-fresh-20260825-0628\project\Library\PackageCache\com.unity.render-pipelines.universal@14.0.12)
    com.unity.modules.imgui@1.0.0 (location: D:\WorkWork\Assist\image_to_smart\.codex_tmp\w24-fresh-20260825-0628\project\Library\PackageCache\com.unity.modules.imgui@1.0.0)
    com.unity.modules.jsonserialize@1.0.0 (location: D:\WorkWork\Assist\image_to_smart\.codex_tmp\w24-fresh-20260825-0628\project\Library\PackageCache\com.unity.modules.jsonserialize@1.0.0)
    com.unity.render-pipelines.core@14.0.12 (location: D:\WorkWork\Assist\image_to_smart\.codex_tmp\w24-fresh-20260825-0628\project\Library\PackageCache\com.unity.render-pipelines.core@14.0.12)
    com.unity.shadergraph@14.0.12 (location: D:\WorkWork\Assist\image_to_smart\.codex_tmp\w24-fresh-20260825-0628\project\Library\PackageCache\com.unity.shadergraph@14.0.12)
    com.unity.render-pipelines.universal-config@14.0.10 (location: D:\WorkWork\Assist\image_to_smart\.codex_tmp\w24-fresh-20260825-0628\project\Library\PackageCache\com.unity.render-pipelines.universal-config@14.0.10)
    com.unity.ugui@1.0.0 (location: D:\WorkWork\Assist\image_to_smart\.codex_tmp\w24-fresh-20260825-0628\project\Library\PackageCache\com.unity.ugui@1.0.0)
    com.unity.modules.physics@1.0.0 (location: D:\WorkWork\Assist\image_to_smart\.codex_tmp\w24-fresh-20260825-0628\project\Library\PackageCache\com.unity.modules.physics@1.0.0)
    com.unity.modules.terrain@1.0.0 (location: D:\WorkWork\Assist\image_to_smart\.codex_tmp\w24-fresh-20260825-0628\project\Library\PackageCache\com.unity.modules.terrain@1.0.0)
    com.unity.modules.ui@1.0.0 (location: D:\WorkWork\Assist\image_to_smart\.codex_tmp\w24-fresh-20260825-0628\project\Library\PackageCache\com.unity.modules.ui@1.0.0)
  Embedded packages:
    com.vfxcomposer.unity@file:D:\WorkWork\Assist\image_to_smart\.codex_tmp\w24-fresh-20260825-0628\project\Packages\com.vfxcomposer.unity (location: D:\WorkWork\Assist\image_to_smart\.codex_tmp\w24-fresh-20260825-0628\project\Packages\com.vfxcomposer.unity)
[Subsystems] No new subsystems found in resolved package list.
Package Manager log level set to [2]
[Package Manager] Done registering packages in 0.04 seconds
Refreshing native plugins compatible for Editor in 2.27 ms, found 0 plugins.
Preloading 0 native plugins for Editor in 0.00 ms.
Initialize engine version: 2022.3.62f3c1 (1623fc0bbb97)
[Subsystems] Discovering subsystems at path E:/workwork/steamgamework/unit/2022.3.62f3c1/Editor/Data/Resources/UnitySubsystems
[Subsystems] Discovering subsystems at path D:/WorkWork/Assist/image_to_smart/.codex_tmp/w24-fresh-20260825-0628/project/Assets
Forcing GfxDevice: Null
GfxDevice: creating device client; threaded=0; jobified=0
NullGfxDevice:
    Version:  NULL 1.0 [1.0]
    Renderer: Null Device
    Vendor:   Unity Technologies
[Licensing::Client] Successfully resolved entitlement details
Initialize mono
Mono path[0] = 'E:/workwork/steamgamework/unit/2022.3.62f3c1/Editor/Data/Managed'
Mono path[1] = 'E:/workwork/steamgamework/unit/2022.3.62f3c1/Editor/Data/MonoBleedingEdge/lib/mono/unityjit-win32'
Mono config path = 'E:/workwork/steamgamework/unit/2022.3.62f3c1/Editor/Data/MonoBleedingEdge/etc'
Using monoOptions --debugger-agent=transport=dt_socket,embedding=1,server=y,suspend=n,address=127.0.0.1:56704
Using cacheserver namespaces - metadata:defaultmetadata, artifacts:defaultartifacts
Using cacheserver namespaces - metadata:defaultmetadata, artifacts:defaultartifacts
ImportWorker Server TCP listen port: 0
Begin MonoManager ReloadAssembly
Registering precompiled unity dll's ...
Register platform support module: E:/workwork/steamgamework/unit/2022.3.62f3c1/Editor/Data/PlaybackEngines/WindowsStandaloneSupport/UnityEditor.WindowsStandalone.Extensions.dll
Register platform support module: E:/workwork/steamgamework/unit/2022.3.62f3c1/Editor/Data/PlaybackEngines/LinuxStandaloneSupport/UnityEditor.LinuxStandalone.Extensions.dll
Registered in 0.003851 seconds.
- Loaded All Assemblies, in  0.225 seconds
Native extension for LinuxStandalone target not found
Native extension for WindowsStandalone target not found
Mono: successfully reloaded assembly
- Finished resetting the current domain, in  0.189 seconds
Domain Reload Profiling: 414ms
	BeginReloadAssembly (69ms)
		ExecutionOrderSort (0ms)
		DisableScriptedObjects (0ms)
		BackupInstance (0ms)
		ReleaseScriptingObjects (0ms)
		CreateAndSetChildDomain (1ms)
	RebuildCommonClasses (22ms)
	RebuildNativeTypeToScriptingClass (7ms)
	initialDomainReloadingComplete (36ms)
	LoadAllAssembliesAndSetupDomain (90ms)
		LoadAssemblies (68ms)
		RebuildTransferFunctionScriptingTraits (0ms)
		AnalyzeDomain (88ms)
			TypeCache.Refresh (87ms)
				TypeCache.ScanAssembly (79ms)
			ScanForSourceGeneratedMonoScriptInfo (0ms)
			ResolveRequiredComponents (0ms)
	FinalizeReload (190ms)
		ReleaseScriptCaches (0ms)
		RebuildScriptCaches (0ms)
		SetupLoadedEditorAssemblies (159ms)
			LogAssemblyErrors (0ms)
			InitializePlatformSupportModulesInManaged (10ms)
			SetLoadedEditorAssemblies (6ms)
			RefreshPlugins (0ms)
			BeforeProcessingInitializeOnLoad (1ms)
			ProcessInitializeOnLoadAttributes (111ms)
			ProcessInitializeOnLoadMethodAttributes (32ms)
			AfterProcessingInitializeOnLoad (0ms)
			EditorAssembliesLoaded (0ms)
		ExecutionOrderSort2 (0ms)
		AwakeInstancesAfterBackupRestoration (0ms)
[Licensing::Client] Successfully resolved entitlement details
Application.AssetDatabase Initial Refresh Start
Starting: E:\workwork\steamgamework\unit\2022.3.62f3c1\Editor\Data\bee_backend.exe --ipc --defer-dag-verification --dagfile="Library/Bee/1900b0aE.dag" --continue-on-failure --profile="Library/Bee/backend1.traceevents" ScriptAssemblies
WorkingDir: D:/WorkWork/Assist/image_to_smart/.codex_tmp/w24-fresh-20260825-0628/project
DisplayProgressbar: Compiling Scripts
ExitCode: 0 Duration: 0s151ms
[368/465    0s] ILPP-Configuration Library/ilpp-configuration.nevergeneratedoutput
*** Tundra build success (0.13 seconds), 1 items updated, 465 evaluated
AssetDatabase: script compilation time: 0.485448s
Begin MonoManager ReloadAssembly
- Loaded All Assemblies, in  0.320 seconds
Refreshing native plugins compatible for Editor in 0.64 ms, found 0 plugins.
Preloading 0 native plugins for Editor in 0.00 ms.
Refreshing native plugins compatible for Editor in 0.70 ms, found 0 plugins.
Native extension for LinuxStandalone target not found
Native extension for WindowsStandalone target not found
Mono: successfully reloaded assembly
- Finished resetting the current domain, in  1.238 seconds
Domain Reload Profiling: 1557ms
	BeginReloadAssembly (105ms)
		ExecutionOrderSort (0ms)
		DisableScriptedObjects (3ms)
		BackupInstance (0ms)
		ReleaseScriptingObjects (0ms)
		CreateAndSetChildDomain (18ms)
	RebuildCommonClasses (22ms)
	RebuildNativeTypeToScriptingClass (7ms)
	initialDomainReloadingComplete (18ms)
	LoadAllAssembliesAndSetupDomain (167ms)
		LoadAssemblies (152ms)
		RebuildTransferFunctionScriptingTraits (0ms)
		AnalyzeDomain (70ms)
			TypeCache.Refresh (55ms)
				TypeCache.ScanAssembly (45ms)
			ScanForSourceGeneratedMonoScriptInfo (10ms)
			ResolveRequiredComponents (5ms)
	FinalizeReload (1238ms)
		ReleaseScriptCaches (0ms)
		RebuildScriptCaches (0ms)
		SetupLoadedEditorAssemblies (1113ms)
			LogAssemblyErrors (0ms)
			InitializePlatformSupportModulesInManaged (6ms)
			SetLoadedEditorAssemblies (3ms)
			RefreshPlugins (0ms)
			BeforeProcessingInitializeOnLoad (38ms)
			ProcessInitializeOnLoadAttributes (1005ms)
			ProcessInitializeOnLoadMethodAttributes (59ms)
			AfterProcessingInitializeOnLoad (3ms)
			EditorAssembliesLoaded (0ms)
		ExecutionOrderSort2 (0ms)
		AwakeInstancesAfterBackupRestoration (5ms)
Asset Pipeline Refresh (id=a826207e6b360c042a927fc0c3bf27ef): Total: 2.578 seconds - Initiated by InitialRefreshV2(ForceSynchronousImport)
	Summary:
		Imports: total=0 (actual=0, local cache=0, cache server=0)
		Asset DB Process Time: managed=0 ms, native=475 ms
		Asset DB Callback time: managed=14 ms, native=0 ms
		Scripting: domain reloads=1, domain reload time=1582 ms, compile time=487 ms, other=17 ms
		Project Asset Count: scripts=3723, non-scripts=2401
		Asset File Changes: new=0, changed=0, moved=0, deleted=0
		Scan Filter Count: 0
	InvokeBeforeRefreshCallbacks: 0.330ms
	ApplyChangesToAssetFolders: 0.021ms
	Scan: 61.467ms
	OnSourceAssetsModified: 0.001ms
	GetAllGuidsForCategorization: 0.451ms
	CategorizeAssets: 82.457ms
	ImportOutOfDateAssets: 1254.856ms (757.155ms without children)
		CompileScripts: 486.903ms
		ReloadNativeAssets: 0.014ms
		UnloadImportedAssets: 8.736ms
		EnsureUptoDateAssetsAreRegisteredWithGuidPM: 1.173ms
		InitializingProgressBar: 0.001ms
		OnDemandSchedulerStart: 0.875ms
	PostProcessAllAssets: 14.481ms
	GatherAllCurrentPrimaryArtifactRevisions: 0.000ms
	UnloadStreamsBegin: 0.186ms
	PersistCurrentRevisions: 0.322ms
	UnloadStreamsEnd: 0.052ms
	GenerateScriptTypeHashes: 3.037ms
	Untracked: 1163.555ms
Application.AssetDatabase Initial Refresh End
Shader Hidden/ProbeVolume/VoxelizeScene is not supported: GPU does not support conservative rasterization
Shader Hidden/ProbeVolume/VoxelizeScene is not supported: GPU does not support conservative rasterization
Scanning for USB devices : 7.238ms
Initializing Unity extensions:
[MODES] ModeService[none].Initialize
[MODES] ModeService[none].LoadModes
[MODES] Loading mode Default (0) for mode-current-id-project
[PhysX] Initialized MultithreadedTaskDispatcher with 20 workers.
ProgressiveSceneManager::Cancel()
Unloading 64 Unused Serialized files (Serialized files now loaded: 0)
Unloading 121 unused Assets / (4.3 MB). Loaded Objects now: 3182.
Memory consumption went from 141.8 MB to 137.5 MB.
Total: 4.258600 ms (FindLiveObjects: 0.126900 ms CreateObjectMapping: 0.054400 ms MarkObjects: 2.961200 ms  DeleteObjects: 1.115300 ms)

Microsoft Media Foundation video decoding to texture disabled: graphics device is Null, only Direct3D 11 and Direct3D 12 (only on desktop) are supported for hardware-accelerated video decoding.
[Project] Loading completed in 6.334 seconds
	Project init time: 				3.668 seconds
		Template init time: 		0.000 seconds
		Package Manager init time: 		0.270 seconds
		Asset Database init time: 		0.151 seconds
		Global illumination init time: 	0.002 seconds
		Assemblies load time: 			0.423 seconds
		Unity extensions init time: 	0.002 seconds
		Asset Database refresh time: 	0.000 seconds
	Scene opening time: 			0.245 seconds
##utp:{"type":"ProjectInfo","version":2,"phase":"Immediate","time":1787668634845,"processId":32704,"projectLoad":6.333654,"projectInit":3.6676483,"templateInit":0.0,"packageManagerInit":0.2701118,"assetDatabaseInit":0.1507593,"globalIlluminationInit":0.0021764,"assembliesLoad":0.4232152,"unityExtensionsInit":0.0024307,"assetDatabaseRefresh":0.0,"sceneOpening":0.2446532}
##utp:{"type":"EditorInfo","version":2,"phase":"Immediate","time":1787668634845,"processId":32704,"editorVersion":"2022.3.62f3c1 (1623fc0bbb97)","branch":"2022.3/china_unity/release","buildType":"Release","platform":"Windows"}
Running tests for EditMode
With test filter: VFXComposer.Tests.EditMode.W24FormalBatchAuthoringEntrypointsTests
Executing tests with settings: test mode = EditMode
UnityEngine.StackTraceUtility:ExtractStackTrace ()
UnityEngine.DebugLogHandler:LogFormat (UnityEngine.LogType,UnityEngine.Object,string,object[])
UnityEngine.Logger:Log (UnityEngine.LogType,object)
UnityEngine.Debug:Log (object)
UnityEditor.TestTools.TestRunner.CommandLineTest.Executer:InitializeAndExecuteRun (string[]) (at ./Library/PackageCache/com.unity.test-framework@1.1.33/UnityEditor.TestRunner/CommandLineTest/Executer.cs:47)
UnityEditor.TestTools.TestRunner.CommandLineTest.TestStarter:UpdateWatch () (at ./Library/PackageCache/com.unity.test-framework@1.1.33/UnityEditor.TestRunner/CommandLineTest/TestStarter.cs:50)
UnityEditor.EditorApplication:Internal_CallUpdateFunctions ()

(Filename: ./Library/PackageCache/com.unity.test-framework@1.1.33/UnityEditor.TestRunner/CommandLineTest/Executer.cs Line: 47)

[UnityConnectServicesConfig] config is NOT valid, switching to default
Created GICache directory at C:/Users/admin/AppData/LocalLow/Unity/Caches/GiCache. Took: 0.009s, timestamps: [6.342 - 6.351]
gi::BakeBackendSwitch: switching bake backend from 3 to 1.
GfxDevice renderer is null. Unity cannot update the Ambient Probe and Reflection Probes that the SkyManager generates. Run the Editor without the -nographics argument or generate lighting for your scene.
[PhysX] Initialized MultithreadedTaskDispatcher with 20 workers.
Unloading 1 Unused Serialized files (Serialized files now loaded: 0)
Unloading 0 unused Assets / (0 B). Loaded Objects now: 3199.
Memory consumption went from 122.4 MB to 122.4 MB.
Total: 3.958900 ms (FindLiveObjects: 0.129300 ms CreateObjectMapping: 0.054600 ms MarkObjects: 3.764800 ms  DeleteObjects: 0.009600 ms)

GfxDevice renderer is null. Unity cannot update the Ambient Probe and Reflection Probes that the SkyManager generates. Run the Editor without the -nographics argument or generate lighting for your scene.
[PhysX] Initialized MultithreadedTaskDispatcher with 20 workers.
Unloading 0 Unused Serialized files (Serialized files now loaded: 0)
Unloading 0 unused Assets / (Unknown). Loaded Objects now: 3204.
Memory consumption went from 122.2 MB to 122.2 MB.
Total: 3.707200 ms (FindLiveObjects: 0.105300 ms CreateObjectMapping: 0.045500 ms MarkObjects: 3.547700 ms  DeleteObjects: 0.007900 ms)

Saving results to: D:\WorkWork\Assist\image_to_smart\.codex_tmp\w24-stage-regression-results\r9\formal-batch-entrypoints.xml
[PhysX] Initialized MultithreadedTaskDispatcher with 20 workers.
Input System module state changed to: ShutdownInProgress.
Input System polling thread exited.
Input System module state changed to: Shutdown.
[Licensing::IpcConnector] LicenseClient-admin-2022.3.62-notifications channel disconnected successfully.
[Licensing::IpcConnector] LicenseClient-admin-2022.3.62 channel disconnected successfully.
Cleanup mono
[Performance] WinEditorMain                                                                                                                        :        1 samples, Peak.  2.41 s (1.0x), Avg.  2.41 s, Total. 2.407 s (31.2%)
[Performance] WinEditorMain.ConfigureCrashHandler                                                                                                  :        1 samples, Peak.  21.7 us (1.0x), Avg.  21.7 us, Total. 21.70 us (0.0%)
[Performance] WinEditorMain.CurlRequestInitialize                                                                                                  :        1 samples, Peak.   250 us (1.0x), Avg.   250 us, Total. 249.6 us (0.0%)
[Performance] WinEditorMain.SetupLogFile                                                                                                           :        1 samples, Peak.   159 us (1.0x), Avg.   159 us, Total. 158.6 us (0.0%)
[Performance] WinEditorMain.RunNativeTestsIfRequiredAndExit                                                                                        :        1 samples, Peak. 100.0 ns (1.0x), Avg. 100.0 ns, Total. 100.00 ns (0.0%)
[Performance] WinEditorMain.Licensing                                                                                                              :        1 samples, Peak.  2.33 s (1.0x), Avg.  2.33 s, Total. 2.327 s (30.1%)
[Performance] WinEditorMain.InitializeCrashHandler                                                                                                 :        1 samples, Peak.  13.5 ms (1.0x), Avg.  13.5 ms, Total. 13.48 ms (0.2%)
[Performance] WinEditorMain.CreateApplication                                                                                                      :        1 samples, Peak.  16.9 ms (1.0x), Avg.  16.9 ms, Total. 16.89 ms (0.2%)
[Performance] Application.InitializeProject                                                                                                        :        1 samples, Peak.  3.67 s (1.0x), Avg.  3.67 s, Total. 3.668 s (47.5%)
[Performance] Application.PackageManager.StartServer                                                                                               :        1 samples, Peak.  3.49 ms (1.0x), Avg.  3.49 ms, Total. 3.494 ms (0.0%)
[Performance] Application.AcquireProjectLock                                                                                                       :        1 samples, Peak.  2.12 ms (1.0x), Avg.  2.12 ms, Total. 2.121 ms (0.0%)
[Performance] Application.InitializeEngineNoGraphics                                                                                               :        1 samples, Peak.  39.0 ms (1.0x), Avg.  39.0 ms, Total. 38.99 ms (0.5%)
[Performance] Application.PackageManager.Initialize                                                                                                :        1 samples, Peak.   270 ms (1.0x), Avg.   270 ms, Total. 270.1 ms (3.5%)
[Performance] Connecting to Package Manager                                                                                                        :       28 samples, Peak.  57.2 us (16.9x), Avg.  3.39 us, Total. 94.90 us (0.0%)
[Performance] Application.EngineGraphics.Initialize                                                                                                :        1 samples, Peak.  23.2 ms (1.0x), Avg.  23.2 ms, Total. 23.16 ms (0.3%)
[Performance] Application.GI.Initialize                                                                                                            :        1 samples, Peak.  2.18 ms (1.0x), Avg.  2.18 ms, Total. 2.178 ms (0.0%)
[Performance] Application.LoadAllDefaultResourcesFromEditor                                                                                        :        1 samples, Peak.  1.56 ms (1.0x), Avg.  1.56 ms, Total. 1.561 ms (0.0%)
[Performance] Application.LoadMonoAssemblies                                                                                                       :        1 samples, Peak.   423 ms (1.0x), Avg.   423 ms, Total. 423.2 ms (5.5%)
[Performance] RestoreManagedReferences                                                                                                             :        2 samples, Peak.  53.2 ms (2.0x), Avg.  26.6 ms, Total. 53.18 ms (0.7%)
[Performance] InitializeOnLoad DrivenRectTransformUndo                                                                                             :        2 samples, Peak.   309 us (1.0x), Avg.   305 us, Total. 609.7 us (0.0%)
[Performance] InitializeOnLoad SceneSearch                                                                                                         :        2 samples, Peak.  94.8 us (1.1x), Avg.  88.5 us, Total. 177.0 us (0.0%)
[Performance] InitializeOnLoad CloudBuild                                                                                                          :        2 samples, Peak.  3.80 us (1.3x), Avg.  2.85 us, Total. 5.700 us (0.0%)
[Performance] InitializeOnLoad NativeFormatImporterUtility                                                                                         :        2 samples, Peak.  2.11 ms (1.2x), Avg.  1.81 ms, Total. 3.615 ms (0.0%)
[Performance] InitializeOnLoad SearchService                                                                                                       :        2 samples, Peak.   105 us (1.1x), Avg.  92.2 us, Total. 184.5 us (0.0%)
[Performance] InitializeOnLoad SettingsService                                                                                                     :        2 samples, Peak. 10.00 us (1.4x), Avg.  7.00 us, Total. 14.00 us (0.0%)
[Performance] InitializeOnLoad WindowLayout                                                                                                        :        2 samples, Peak.   583 us (1.1x), Avg.   541 us, Total. 1.081 ms (0.0%)
[Performance] InitializeOnLoad AssetStoreContext                                                                                                   :        2 samples, Peak.  20.1 ms (1.0x), Avg.  19.4 ms, Total. 38.89 ms (0.5%)
[Performance] InitializeOnLoad PoolManager                                                                                                         :        2 samples, Peak.   803 us (1.1x), Avg.   757 us, Total. 1.513 ms (0.0%)
[Performance] InitializeOnLoad MixerEffectDefinitionReloader                                                                                       :        2 samples, Peak.  1.94 ms (1.2x), Avg.  1.62 ms, Total. 3.235 ms (0.0%)
[Performance] InitializeOnLoad ProjectSearch                                                                                                       :        2 samples, Peak.  62.1 us (1.2x), Avg.  51.1 us, Total. 102.3 us (0.0%)
[Performance] InitializeOnLoad UISystemProfilerRenderService                                                                                       :        2 samples, Peak.  8.00 us (1.2x), Avg.  6.75 us, Total. 13.50 us (0.0%)
[Performance] InitializeOnLoad EditMode                                                                                                            :        2 samples, Peak.   301 us (1.0x), Avg.   288 us, Total. 575.8 us (0.0%)
[Performance] InitializeOnLoad UnityConnect                                                                                                        :        2 samples, Peak.  36.2 us (1.0x), Avg.  35.6 us, Total. 71.20 us (0.0%)
[Performance] InitializeOnLoad ManagedDebugger                                                                                                     :        2 samples, Peak.   408 us (1.7x), Avg.   247 us, Total. 494.0 us (0.0%)
[Performance] InitializeOnLoad ShortcutIntegration                                                                                                 :        2 samples, Peak.  43.4 us (1.1x), Avg.  40.0 us, Total. 80.00 us (0.0%)
[Performance] InitializeOnLoad AddComponentWindow                                                                                                  :        2 samples, Peak.  78.7 us (1.0x), Avg.  75.1 us, Total. 150.2 us (0.0%)
[Performance] InitializeOnLoad ManagedDebuggerWindow                                                                                               :        2 samples, Peak.  93.9 us (1.0x), Avg.  89.6 us, Total. 179.3 us (0.0%)
[Performance] InitializeOnLoad CacheServerWindow                                                                                                   :        2 samples, Peak.  7.40 us (1.2x), Avg.  5.95 us, Total. 11.90 us (0.0%)
[Performance] InitializeOnLoad PlayModeDownload                                                                                                    :        2 samples, Peak.  4.69 ms (1.9x), Avg.  2.43 ms, Total. 4.852 ms (0.1%)
[Performance] InitializeOnLoad MenuItems                                                                                                           :        2 samples, Peak.   111 us (1.3x), Avg.  83.9 us, Total. 167.8 us (0.0%)
[Performance] InitializeOnLoad PrefabInstanceChangedListener                                                                                       :        2 samples, Peak.   119 us (1.1x), Avg.   106 us, Total. 211.5 us (0.0%)
[Performance] InitializeOnLoad ObjectSelectorSearch                                                                                                :        2 samples, Peak.  30.8 us (1.0x), Avg.  30.2 us, Total. 60.30 us (0.0%)
[Performance] InitializeOnLoad EditorMonitor                                                                                                       :        2 samples, Peak.   580 us (1.3x), Avg.   457 us, Total. 914.7 us (0.0%)
[Performance] InitializeOnLoad RetainedMode                                                                                                        :        2 samples, Peak.  2.49 ms (1.2x), Avg.  2.03 ms, Total. 4.058 ms (0.1%)
[Performance] InitializeOnLoad EditorShaderLoader                                                                                                  :        2 samples, Peak.   463 us (1.1x), Avg.   435 us, Total. 869.0 us (0.0%)
[Performance] InitializeOnLoad EditorDelegateRegistration                                                                                          :        2 samples, Peak.   361 us (1.2x), Avg.   313 us, Total. 625.5 us (0.0%)
[Performance] InitializeOnLoad UIDocumentHierarchyWatcher                                                                                          :        2 samples, Peak.  51.7 us (1.0x), Avg.  50.0 us, Total. 100.0 us (0.0%)
[Performance] InitializeOnLoad LiveReloadTrackerCreator                                                                                            :        2 samples, Peak.   162 us (1.3x), Avg.   126 us, Total. 251.7 us (0.0%)
[Performance] InitializeOnLoad UxmlObjectEditorFactories                                                                                           :        2 samples, Peak.   394 us (1.2x), Avg.   341 us, Total. 682.3 us (0.0%)
[Performance] InitializeOnLoad UXMLEditorFactories                                                                                                 :        2 samples, Peak.  48.3 ms (1.1x), Avg.  46.0 ms, Total. 91.97 ms (1.2%)
[Performance] InitializeOnLoad PurchasingService                                                                                                   :        2 samples, Peak.  5.61 ms (1.0x), Avg.  5.52 ms, Total. 11.04 ms (0.1%)
[Performance] InitializeOnLoad CloudBuildPoller                                                                                                    :        2 samples, Peak.  98.1 us (1.1x), Avg.  90.0 us, Total. 180.0 us (0.0%)
[Performance] InitializeOnLoad EditorGameServicesAnalytics                                                                                         :        2 samples, Peak.  2.28 ms (1.8x), Avg.  1.28 ms, Total. 2.550 ms (0.0%)
[Performance] InitializeOnLoad AnalyticsService                                                                                                    :        2 samples, Peak.   196 us (1.2x), Avg.   161 us, Total. 321.5 us (0.0%)
[Performance] InitializeOnLoad BuildService                                                                                                        :        2 samples, Peak.   107 us (1.1x), Avg.   102 us, Total. 203.1 us (0.0%)
[Performance] InitializeOnLoad AdsService                                                                                                          :        2 samples, Peak.   281 us (1.0x), Avg.   277 us, Total. 553.3 us (0.0%)
[Performance] InitializeOnLoad UDPService                                                                                                          :        2 samples, Peak.   118 us (1.0x), Avg.   112 us, Total. 224.3 us (0.0%)
[Performance] InitializeOnLoad CrashService                                                                                                        :        2 samples, Peak.   115 us (1.0x), Avg.   110 us, Total. 219.2 us (0.0%)
[Performance] InitializeOnLoad ServicesRepository                                                                                                  :        2 samples, Peak.   300 ns (1.0x), Avg.   300 ns, Total. 600.0 ns (0.0%)
[Performance] InitializeOnLoad SearchWindow                                                                                                        :        2 samples, Peak.   106 us (1.1x), Avg.  92.3 us, Total. 184.7 us (0.0%)
[Performance] InitializeOnLoad CustomIndexers                                                                                                      :        2 samples, Peak.  13.2 ms (1.1x), Avg.  12.1 ms, Total. 24.18 ms (0.3%)
[Performance] InitializeOnLoad SearchMonitor                                                                                                       :        2 samples, Peak.   721 us (1.1x), Avg.   655 us, Total. 1.310 ms (0.0%)
[Performance] InitializeOnLoad ParameterControllerEditor                                                                                           :        2 samples, Peak.  13.6 us (1.1x), Avg.  12.6 us, Total. 25.10 us (0.0%)
[Performance] InitializeOnLoad LayerSettingsWindow                                                                                                 :        2 samples, Peak.  16.6 us (1.7x), Avg.  9.70 us, Total. 19.40 us (0.0%)
[Performance] InitializeOnLoad PackageManagerHookGUIDConverter.RegisterPackagesEventHandler                                                        :        2 samples, Peak.   569 us (1.7x), Avg.   330 us, Total. 659.5 us (0.0%)
[Performance] InitializeOnLoad EditorDragAndDrop.RegisterEditorClient                                                                              :        2 samples, Peak.   174 us (1.2x), Avg.   150 us, Total. 300.7 us (0.0%)
[Performance] InitializeOnLoad EditorEventCallbacks.InitializeFontAssetResourceChangeCallBacks                                                     :        2 samples, Peak.   810 us (1.0x), Avg.   779 us, Total. 1.558 ms (0.0%)
[Performance] InitializeOnLoad SceneTemplateService.Init                                                                                           :        2 samples, Peak.   864 us (1.1x), Avg.   806 us, Total. 1.613 ms (0.0%)
[Performance] InitializeOnLoad DiagnosticSwitchesConsoleMessage.Init                                                                               :        2 samples, Peak.  4.03 ms (1.7x), Avg.  2.39 ms, Total. 4.774 ms (0.1%)
[Performance] InitializeOnLoad MemoryProfilerCompilationGuard.InjectCompileGuard                                                                   :        2 samples, Peak.   122 us (1.4x), Avg.  89.1 us, Total. 178.3 us (0.0%)
[Performance] InitializeOnLoad EditorWindow.Initialize                                                                                             :        2 samples, Peak.   185 us (1.0x), Avg.   177 us, Total. 354.1 us (0.0%)
[Performance] InitializeOnLoad AssetPostprocessingInternal.RefreshCustomDependencies                                                               :        2 samples, Peak.  3.08 ms (1.5x), Avg.  2.03 ms, Total. 4.057 ms (0.1%)
[Performance] InitializeOnLoad SysrootManager.Initialize                                                                                           :        2 samples, Peak.  9.90 us (1.0x), Avg.  9.85 us, Total. 19.70 us (0.0%)
[Performance] InitializeOnLoad PackageManagerWindow.EditorInitializedInSafeMode                                                                    :        2 samples, Peak.  17.2 ms (2.0x), Avg.  8.65 ms, Total. 17.30 ms (0.2%)
[Performance] InitializeOnLoad ToolShortcutContext.Init                                                                                            :        2 samples, Peak.  97.7 us (1.1x), Avg.  92.9 us, Total. 185.8 us (0.0%)
[Performance] InitializeOnLoad SceneVisibilityManager.Initialize                                                                                   :        2 samples, Peak.  3.55 ms (1.7x), Avg.  2.07 ms, Total. 4.133 ms (0.1%)
[Performance] InitializeOnLoad ScopedRegistryAddedPopup.SubscribeToRegistriesAdded                                                                 :        2 samples, Peak.  6.15 ms (2.0x), Avg.  3.11 ms, Total. 6.222 ms (0.1%)
[Performance] AssemblyReloadEvents.afterAssemblyReload: UnityEditor.SceneTemplate.SceneTemplateService.AfterAssemblyReload                         :        2 samples, Peak.  2.46 ms (1.8x), Avg.  1.35 ms, Total. 2.701 ms (0.0%)
[Performance] ProcessService.EditorAfterLoadAllAssemblies                                                                                          :        2 samples, Peak.   282 us (1.2x), Avg.   242 us, Total. 484.9 us (0.0%)
[Performance] Application.ReadLicenseInfo                                                                                                          :        1 samples, Peak.  13.5 ms (1.0x), Avg.  13.5 ms, Total. 13.45 ms (0.2%)
[Performance] Application.InitialRefresh                                                                                                           :        1 samples, Peak.  2.58 s (1.0x), Avg.  2.58 s, Total. 2.580 s (33.4%)
[Performance] Compiling Scripts                                                                                                                    :        1 samples, Peak.   485 ms (1.0x), Avg.   485 ms, Total. 485.5 ms (6.3%)
[Performance] AssemblyReloadEvents.beforeAssemblyReload: UnityEditor.SceneTemplate.SceneTemplateService.BeforeAssemblyReload                       :        1 samples, Peak.   384 us (1.0x), Avg.   384 us, Total. 384.1 us (0.0%)
[Performance] InitializeOnLoad S14SlashWysiwygCapture                                                                                              :        1 samples, Peak.   260 us (1.0x), Avg.   260 us, Total. 260.5 us (0.0%)
[Performance] InitializeOnLoad BurstLoader                                                                                                         :        1 samples, Peak.   900 ms (1.0x), Avg.   900 ms, Total. 900.1 ms (11.7%)
[Performance] InitializeOnLoad ShadowCasterGroup2DManager                                                                                          :        1 samples, Peak.  96.6 us (1.0x), Avg.  96.6 us, Total. 96.60 us (0.0%)
[Performance] InitializeOnLoad ProbeGIBaking                                                                                                       :        1 samples, Peak.  1.91 ms (1.0x), Avg.  1.91 ms, Total. 1.911 ms (0.0%)
[Performance] InitializeOnLoad FilterWindow                                                                                                        :        1 samples, Peak.  30.8 us (1.0x), Avg.  30.8 us, Total. 30.80 us (0.0%)
[Performance] InitializeOnLoad RealtimeProbeSubdivisionDebug                                                                                       :        1 samples, Peak.   117 us (1.0x), Avg.   117 us, Total. 116.8 us (0.0%)
[Performance] InitializeOnLoad NodeClassCache                                                                                                      :        1 samples, Peak.  4.60 us (1.0x), Avg.  4.60 us, Total. 4.600 us (0.0%)
[Performance] InitializeOnLoad ShaderGraphMaterialsUpdater                                                                                         :        2 samples, Peak.   250 us (1.6x), Avg.   155 us, Total. 310.8 us (0.0%)
[Performance] InitializeOnLoad PrefabLayoutRebuilder                                                                                               :        1 samples, Peak.   176 us (1.0x), Avg.   176 us, Total. 176.4 us (0.0%)
[Performance] InitializeOnLoad SpriteEditorWindow                                                                                                  :        1 samples, Peak.   284 us (1.0x), Avg.   284 us, Total. 284.1 us (0.0%)
[Performance] InitializeOnLoad BackgroundWatcher                                                                                                   :        1 samples, Peak.  93.0 us (1.0x), Avg.  93.0 us, Total. 93.00 us (0.0%)
[Performance] InitializeOnLoad UnityTestProtocolStarter                                                                                            :        1 samples, Peak.   256 us (1.0x), Avg.   256 us, Total. 256.1 us (0.0%)
[Performance] InitializeOnLoad TestStarter                                                                                                         :        1 samples, Peak.  1.34 ms (1.0x), Avg.  1.34 ms, Total. 1.341 ms (0.0%)
[Performance] InitializeOnLoad RerunCallbackInitializer                                                                                            :        1 samples, Peak.  2.67 ms (1.0x), Avg.  2.67 ms, Total. 2.667 ms (0.0%)
[Performance] InitializeOnLoad Renderer2DAnalytics                                                                                                 :        1 samples, Peak.  93.8 us (1.0x), Avg.  93.8 us, Total. 93.80 us (0.0%)
[Performance] InitializeOnLoad EditorToolManager                                                                                                   :        1 samples, Peak.  1.53 ms (1.0x), Avg.  1.53 ms, Total. 1.531 ms (0.0%)
[Performance] InitializeOnLoad MaterialReimporter.RegisterUpgraderReimport                                                                         :        2 samples, Peak.   560 us (1.9x), Avg.   290 us, Total. 580.2 us (0.0%)
[Performance] InitializeOnLoad SysrootPackage.IssueWarningIfLinuxIL2CPPNotPresent                                                                  :        1 samples, Peak.   131 us (1.0x), Avg.   131 us, Total. 131.2 us (0.0%)
[Performance] InitializeOnLoad TestJobDataHolder.ResumeRunningJobs                                                                                 :        1 samples, Peak.   610 us (1.0x), Avg.   610 us, Total. 610.3 us (0.0%)
[Performance] InitializeOnLoad AnalyticsReporter.RegisterCallbacks                                                                                 :        1 samples, Peak.   173 us (1.0x), Avg.   173 us, Total. 173.2 us (0.0%)
[Performance] InitializeOnLoad DebugManagerWindowLifetimeAnalytic.SubscribeToDebugManagerOpenCloseWindows                                          :        1 samples, Peak.   561 us (1.0x), Avg.   561 us, Total. 560.8 us (0.0%)
[Performance] InitializeOnLoad CoreRenderPipelinePreferences.InitPreferenceProviders                                                               :        1 samples, Peak.  45.3 ms (1.0x), Avg.  45.3 ms, Total. 45.34 ms (0.6%)
[Performance] InitializeOnLoad VolumeGizmoDrawer.InitVolumeGizmoCallbacks                                                                          :        1 samples, Peak.   286 us (1.0x), Avg.   286 us, Total. 286.1 us (0.0%)
[Performance] DidReloadScriptsTestRunnerWindow.CompilationCallback                                                                                 :        1 samples, Peak.   681 us (1.0x), Avg.   681 us, Total. 680.6 us (0.0%)
[Performance] DidReloadScriptsTestListCache.ScriptReloaded                                                                                         :        1 samples, Peak.   896 us (1.0x), Avg.   896 us, Total. 895.8 us (0.0%)
[Performance] DidReloadScriptsLookDev.OnEditorReload                                                                                               :        1 samples, Peak.   156 us (1.0x), Avg.   156 us, Total. 156.4 us (0.0%)
[Performance] DidReloadScriptsDebugWindow.OnEditorReload                                                                                           :        1 samples, Peak.  6.82 ms (1.0x), Avg.  6.82 ms, Total. 6.822 ms (0.1%)
[Performance] DidReloadScriptsVolumeComponentEditor.OnEditorReload                                                                                 :        1 samples, Peak.  14.9 ms (1.0x), Avg.  14.9 ms, Total. 14.88 ms (0.2%)
[Performance] DidReloadScriptsAdvancedDropdownWindow.OnScriptReload                                                                                :        1 samples, Peak.   182 us (1.0x), Avg.   182 us, Total. 182.3 us (0.0%)
[Performance] UniversalRenderPipelineGlobalSettingsPostprocessor.OnPostprocessAllAssets                                                            :        2 samples, Peak.  1.38 ms (1.1x), Avg.  1.32 ms, Total. 2.632 ms (0.0%)
[Performance] SyncVS.PostprocessSyncProject                                                                                                        :        1 samples, Peak.  1.62 ms (1.0x), Avg.  1.62 ms, Total. 1.622 ms (0.0%)
[Performance] Application.ImportPackagesAndSetTemplateWhenCreatingProject                                                                          :        1 samples, Peak.  10.8 ms (1.0x), Avg.  10.8 ms, Total. 10.81 ms (0.1%)
[Performance] Application.SyncCurrentColorSpace                                                                                                    :        1 samples, Peak.  17.4 ms (1.0x), Avg.  17.4 ms, Total. 17.43 ms (0.2%)
[Performance] Application.OnUsbDevicesChanged                                                                                                      :        1 samples, Peak.  7.30 ms (1.0x), Avg.  7.30 ms, Total. 7.299 ms (0.1%)
[Performance] Application.AssetInstanceCacheUpdate                                                                                                 :        1 samples, Peak.   300 ns (1.0x), Avg.   300 ns, Total. 300.0 ns (0.0%)
[Performance] Application.UnityExtensions.Initialize                                                                                               :        1 samples, Peak.  2.43 ms (1.0x), Avg.  2.43 ms, Total. 2.432 ms (0.0%)
[Performance] CodeEditorProjectSync.SyncEditorProject                                                                                              :        1 samples, Peak.   125 us (1.0x), Avg.   125 us, Total. 124.7 us (0.0%)
[Performance] Application.ExecuteStartups                                                                                                          :        1 samples, Peak.  33.8 ms (1.0x), Avg.  33.8 ms, Total. 33.83 ms (0.4%)
[Performance] Menu.RegisterMenuInterface                                                                                                           :       26 samples, Peak.  1.30 us (6.3x), Avg.   208 ns, Total. 5.400 us (0.0%)
[Performance] Gizmo.RebuildRenderers                                                                                                               :        1 samples, Peak.  32.5 ms (1.0x), Avg.  32.5 ms, Total. 32.47 ms (0.4%)
[Performance] Gizmo.AddGizmoRenderers                                                                                                              :       61 samples, Peak.  1.18 ms (37.7x), Avg.  31.3 us, Total. 1.911 ms (0.0%)
[Performance] Application.editorInitializingProject                                                                                                :        1 samples, Peak.  17.8 us (1.0x), Avg.  17.8 us, Total. 17.80 us (0.0%)
[Performance] Application.FinishLoadingProject                                                                                                     :        1 samples, Peak.   245 ms (1.0x), Avg.   245 ms, Total. 244.7 ms (3.2%)
[Performance] Application.InitializeMenu                                                                                                           :        1 samples, Peak.  71.2 ms (1.0x), Avg.  71.2 ms, Total. 71.17 ms (0.9%)
[Performance] Menu.RebuildAll                                                                                                                      :        1 samples, Peak.  71.2 ms (1.0x), Avg.  71.2 ms, Total. 71.16 ms (0.9%)
[Performance] Menu.BuildRegisteredMenuInterfaces                                                                                                   :        1 samples, Peak.  68.6 ms (1.0x), Avg.  68.6 ms, Total. 68.58 ms (0.9%)
[Performance] Menu.FilterMenuItem                                                                                                                  :      744 samples, Peak.  36.9 ms (644.0x), Avg.  57.2 us, Total. 42.58 ms (0.6%)
[Performance] UpdateAllMenus                                                                                                                       :        1 samples, Peak.   412 us (1.0x), Avg.   412 us, Total. 412.2 us (0.0%)
[Performance] Menu.RebuildOSMainMenu                                                                                                               :        1 samples, Peak.  1.97 ms (1.0x), Avg.  1.97 ms, Total. 1.974 ms (0.0%)
[Performance] EditorSceneManager.sceneClosing: UnityEditor.SceneVisibilityManager.EditorSceneManagerOnSceneClosing                                 :        3 samples, Peak.   248 us (2.9x), Avg.  86.6 us, Total. 259.8 us (0.0%)
[Performance] GUIView.RepaintAll.PlayerLoopController                                                                                              :        5 samples, Peak.  1.20 us (1.5x), Avg.   800 ns, Total. 4.000 us (0.0%)
[Performance] EditorSceneManager.newSceneCreated: UnityEditor.SceneTemplate.SceneTemplateService.OnNewSceneCreated                                 :        3 samples, Peak.   209 us (3.0x), Avg.  70.5 us, Total. 211.6 us (0.0%)
[Performance] EditorSceneManager.newSceneCreated: UnityEditor.SceneVisibilityManager.EditorSceneManagerOnNewSceneCreated                           :        3 samples, Peak.   152 us (2.7x), Avg.  56.2 us, Total. 168.7 us (0.0%)
[Performance] EditorSceneManager.newSceneCreated: UnityEditor.SceneManagement.StageNavigationManager.OnNewSceneCreated                             :        3 samples, Peak.  44.1 us (2.8x), Avg.  15.5 us, Total. 46.60 us (0.0%)
[Performance] Application.InvokeFinishedLoadingProject                                                                                             :        1 samples, Peak.   140 ms (1.0x), Avg.   140 ms, Total. 140.5 ms (1.8%)
[Performance] ProcessService.OnProjectLoaded                                                                                                       :        1 samples, Peak.  33.0 us (1.0x), Avg.  33.0 us, Total. 33.00 us (0.0%)
[Performance] VersionControl.Task.Wait                                                                                                             :        1 samples, Peak.  7.20 us (1.0x), Avg.  7.20 us, Total. 7.200 us (0.0%)
[Performance] Application.InvokeProjectWasLoaded                                                                                                   :        1 samples, Peak.  33.0 us (1.0x), Avg.  33.0 us, Total. 33.00 us (0.0%)
[Performance] Application.Message                                                                                                                  :       28 samples, Peak.  76.3 us (13.2x), Avg.  5.79 us, Total. 162.0 us (0.0%)
[Performance] Application.Message.Timer                                                                                                            :        3 samples, Peak.  48.4 us (1.5x), Avg.  31.3 us, Total. 93.90 us (0.0%)
[Performance] Application.Message.WM_0031F                                                                                                         :        1 samples, Peak.  3.80 us (1.0x), Avg.  3.80 us, Total. 3.800 us (0.0%)
[Performance] Application.Tick                                                                                                                     :       27 samples, Peak.   376 ms (12.2x), Avg.  30.7 ms, Total. 829.4 ms (10.7%)
[Performance] CheckLicensingClient                                                                                                                 :        1 samples, Peak.  8.10 us (1.0x), Avg.  8.10 us, Total. 8.100 us (0.0%)
[Performance] CheckLicensingClientNotification                                                                                                     :        1 samples, Peak.  9.60 us (1.0x), Avg.  9.60 us, Total. 9.600 us (0.0%)
[Performance] LicenseActivated.Tick                                                                                                                :        1 samples, Peak.  7.40 us (1.0x), Avg.  7.40 us, Total. 7.400 us (0.0%)
[Performance] Application.TickVersionControl                                                                                                       :       28 samples, Peak.  2.10 us (2.0x), Avg.  1.05 us, Total. 29.30 us (0.0%)
[Performance] MonoCompiler.Tick                                                                                                                    :        3 samples, Peak.  6.40 us (1.7x), Avg.  3.87 us, Total. 11.60 us (0.0%)
[Performance] UnityConnect.Tick                                                                                                                    :        8 samples, Peak.  5.05 ms (7.8x), Avg.   646 us, Total. 5.168 ms (0.1%)
[Performance] UnityVersionControl.Tick                                                                                                             :        8 samples, Peak.   500 ns (2.0x), Avg.   250 ns, Total. 2.000 us (0.0%)
[Performance] CurlRequest.Tick                                                                                                                     :        5 samples, Peak.   143 us (3.7x), Avg.  38.9 us, Total. 194.6 us (0.0%)
[Performance] HubClient.Tick                                                                                                                       :        5 samples, Peak.   400 ns (2.9x), Avg.   140 ns, Total. 700.0 ns (0.0%)
[Performance] AssetDatabase.Tick                                                                                                                   :        5 samples, Peak.  63.2 us (4.9x), Avg.  12.8 us, Total. 64.10 us (0.0%)
[Performance] SceneBackgroundTask.Tick                                                                                                             :        4 samples, Peak.   300 ns (1.5x), Avg.   200 ns, Total. 800.0 ns (0.0%)
[Performance] Scheduler.Tick                                                                                                                       :       15 samples, Peak.  1.82 ms (14.5x), Avg.   125 us, Total. 1.882 ms (0.0%)
[Performance] RepaintAllProfilerWindows                                                                                                            :        2 samples, Peak.   218 us (2.0x), Avg.   109 us, Total. 218.9 us (0.0%)
[Performance] PlayerUpdates.Tick                                                                                                                   :        8 samples, Peak.  17.1 us (1.2x), Avg.  14.6 us, Total. 116.5 us (0.0%)
[Performance] Application.TickGlobalCallbacks                                                                                                      :       28 samples, Peak.  64.1 ms (26.2x), Avg.  2.45 ms, Total. 68.56 ms (0.9%)
[Performance] CoreBusinessMetrics.Tick                                                                                                             :        1 samples, Peak.  49.2 us (1.0x), Avg.  49.2 us, Total. 49.20 us (0.0%)
[Performance] EditorAnalytics.Tick                                                                                                                 :        3 samples, Peak.  8.00 us (2.7x), Avg.  2.97 us, Total. 8.900 us (0.0%)
[Performance] GI.Tick                                                                                                                              :        8 samples, Peak.  3.45 ms (6.9x), Avg.   502 us, Total. 4.014 ms (0.1%)
[Performance] Video.Update                                                                                                                         :       28 samples, Peak.  1.20 us (2.5x), Avg.   471 ns, Total. 13.20 us (0.0%)
[Performance] UnitySynchronization.ExecuteTasks                                                                                                    :        8 samples, Peak.  3.60 us (1.5x), Avg.  2.46 us, Total. 19.70 us (0.0%)
[Performance] Application.TickPreloadManager                                                                                                       :       28 samples, Peak.  5.80 us (1.6x), Avg.  3.68 us, Total. 103.1 us (0.0%)
[Performance] Application.TickProgress                                                                                                             :       28 samples, Peak.  2.94 ms (27.4x), Avg.   108 us, Total. 3.011 ms (0.0%)
[Performance] Application.TickSceneTracker                                                                                                         :       27 samples, Peak.   375 ms (14.1x), Avg.  26.6 ms, Total. 719.2 ms (9.3%)
[Performance] EditorApplication.update                                                                                                             :       27 samples, Peak.   375 ms (14.1x), Avg.  26.6 ms, Total. 719.0 ms (9.3%)
[Performance] EditorApplication.update: UnityEngine.Rendering.ProbeSubdivisionContext+RealtimeProbeSubdivisionDebug.UpdateRealtimeSubdivisionDebug :       28 samples, Peak.  4.10 ms (27.8x), Avg.   148 us, Total. 4.131 ms (0.1%)
[Performance] EditorApplication.update: UnityEditor.TestTools.TestRunner.CommandLineTest.TestStarter.UpdateWatch                                   :        1 samples, Peak.  66.4 ms (1.0x), Avg.  66.4 ms, Total. 66.35 ms (0.9%)
[Performance] EditorApplication.update: callback in UnityEditor.Rendering.Universal.MaterialReimporter                                             :       28 samples, Peak.   891 us (25.6x), Avg.  34.8 us, Total. 975.5 us (0.0%)
[Performance] EditorApplication.update: UnityEditor.PackageManager.UI.Internal.ApplicationProxy.OnUpdate                                           :       28 samples, Peak.   452 us (25.1x), Avg.  18.0 us, Total. 503.9 us (0.0%)
[Performance] EditorApplication.update: UnityEditor.SceneManagement.StageNavigationManager.Update                                                  :       28 samples, Peak.   301 us (26.7x), Avg.  11.3 us, Total. 315.4 us (0.0%)
[Performance] ConsoleLog.Tick                                                                                                                      :        3 samples, Peak.   177 us (2.5x), Avg.  70.4 us, Total. 211.1 us (0.0%)
[Performance] HierarchyWindow.Tick                                                                                                                 :        3 samples, Peak.   630 us (2.5x), Avg.   252 us, Total. 757.0 us (0.0%)
[Performance] EditorApplication.hierarchyChanged: Unity.UIElements.Editor.UIDocumentHierarchyWatcher.OnHierarchyChanged                            :        2 samples, Peak.   320 us (1.9x), Avg.   167 us, Total. 333.3 us (0.0%)
[Performance] Inspector.Tick                                                                                                                       :        3 samples, Peak.  26.7 ms (3.0x), Avg.  8.92 ms, Total. 26.75 ms (0.3%)
[Performance] EditorApplication.delayCall: UnityEditor.ShortcutManagement.ShortcutIntegration.EnsureShortcutsAreInitialized                        :        1 samples, Peak.  25.4 ms (1.0x), Avg.  25.4 ms, Total. 25.43 ms (0.3%)
[Performance] EditorApplication.delayCall: callback in UnityEditor.EditorWindow                                                                    :        1 samples, Peak.  1.03 ms (1.0x), Avg.  1.03 ms, Total. 1.027 ms (0.0%)
[Performance] EditorApplication.delayCall: callback in UnityEditor.EditorTools.ToolShortcutContext                                                 :        1 samples, Peak.  87.9 us (1.0x), Avg.  87.9 us, Total. 87.90 us (0.0%)
[Performance] EditorApplication.delayCall: callback in UnityEditor.SceneVisibilityManager                                                          :        1 samples, Peak.  31.4 us (1.0x), Avg.  31.4 us, Total. 31.40 us (0.0%)
[Performance] Tooltip.Tick                                                                                                                         :        7 samples, Peak.   120 us (3.7x), Avg.  32.7 us, Total. 229.0 us (0.0%)
[Performance] Application.RequestRepaintForPanels                                                                                                  :       27 samples, Peak.   309 us (21.6x), Avg.  14.3 us, Total. 385.9 us (0.0%)
[Performance] Application.UpdateScene                                                                                                              :       27 samples, Peak.   166 us (6.6x), Avg.  25.2 us, Total. 680.9 us (0.0%)
[Performance] Application.UpdateTextureStreaming                                                                                                   :       27 samples, Peak.   600 ns (2.4x), Avg.   248 ns, Total. 6.700 us (0.0%)
[Performance] Application.UpdateVideoTextures                                                                                                      :       27 samples, Peak.   500 ns (2.1x), Avg.   241 ns, Total. 6.500 us (0.0%)
[Performance] PackageImporter.Tick                                                                                                                 :        3 samples, Peak.   300 ns (1.1x), Avg.   267 ns, Total. 800.0 ns (0.0%)
[Performance] InspectorBackground.Tick                                                                                                             :        3 samples, Peak.  1.80 us (1.4x), Avg.  1.27 us, Total. 3.800 us (0.0%)
[Performance] BurstDebug.Tick                                                                                                                      :        2 samples, Peak.   800 ns (1.1x), Avg.   700 ns, Total. 1.400 us (0.0%)
[Performance] Application.ChangeLayoutIfNeeded                                                                                                     :       27 samples, Peak.   200 ns (4.9x), Avg.  40.7 ns, Total. 1.100 us (0.0%)
[Performance] AsyncReadManager.ForceCloseFiles                                                                                                     :        1 samples, Peak.  24.1 us (1.0x), Avg.  24.1 us, Total. 24.10 us (0.0%)
[Performance] EditorApplication.update: UnityEditor.TestTools.TestRunner.TestRun.TestJobRunner.ExecuteStep                                         :       27 samples, Peak.   375 ms (17.3x), Avg.  21.7 ms, Total. 585.3 ms (7.6%)
[Performance] GUIView.RepaintAll.RepaintScene                                                                                                      :       25 samples, Peak.  1.40 us (3.2x), Avg.   432 ns, Total. 10.80 us (0.0%)
[Performance] Application.Idle                                                                                                                     :       15 samples, Peak.  5.14 ms (2.0x), Avg.  2.53 ms, Total. 37.91 ms (0.5%)
[Performance] EditorApplication.update: UnityEditor.TestTools.TestRunner.EditModeRunnerCallback.DisplayProgressBar                                 :        7 samples, Peak.   163 us (6.9x), Avg.  23.7 us, Total. 165.6 us (0.0%)
[Performance] EditorApplication.update: UnityEditor.TestTools.TestRunner.EditModeRunner.TestConsumer                                               :        6 samples, Peak.  24.7 ms (2.5x), Avg.  9.97 ms, Total. 59.84 ms (0.8%)
[Performance] Application.Shutdown.SaveDefaultWindowPreferences                                                                                    :        1 samples, Peak.  96.5 us (1.0x), Avg.  96.5 us, Total. 96.50 us (0.0%)
[Performance] Application.Shutdown.SaveSceneManagerSetup                                                                                           :        1 samples, Peak.   181 us (1.0x), Avg.   181 us, Total. 180.9 us (0.0%)
[Performance] Application.Shutdown.CleanupAllContainerWindows                                                                                      :        1 samples, Peak.  1.40 us (1.0x), Avg.  1.40 us, Total. 1.400 us (0.0%)
[Performance] EditorApplication.quitting: Unity.Burst.Editor.BurstLoader.OnEditorApplicationQuitting                                               :        1 samples, Peak.  26.0 us (1.0x), Avg.  26.0 us, Total. 26.00 us (0.0%)
[Performance] EditorApplication.quitting: callback in UnityEditor.TextCore.Text.EditorEventCallbacks                                               :        1 samples, Peak.  13.1 ms (1.0x), Avg.  13.1 ms, Total. 13.09 ms (0.2%)
[Performance] Application.Shutdown.PauseProfilerSession                                                                                            :        1 samples, Peak.  23.7 us (1.0x), Avg.  23.7 us, Total. 23.70 us (0.0%)
[Performance] Application.Shutdown.PauseAssetImportWorkers                                                                                         :        1 samples, Peak.   250 us (1.0x), Avg.   250 us, Total. 250.5 us (0.0%)
[Performance] Application.Shutdown.SaveAssets                                                                                                      :        1 samples, Peak.  5.65 ms (1.0x), Avg.  5.65 ms, Total. 5.650 ms (0.1%)
[Performance] BuilderAssetModificationProcessor.OnWillSaveAssets                                                                                   :        1 samples, Peak.   355 us (1.0x), Avg.   355 us, Total. 355.4 us (0.0%)
[Performance] TerrainModificationProcessor.OnWillSaveAssets                                                                                        :        1 samples, Peak.   440 us (1.0x), Avg.   440 us, Total. 440.0 us (0.0%)
[Performance] AssetDatabase.ImportAssets                                                                                                           :        2 samples, Peak.   700 ns (2.0x), Avg.   350 ns, Total. 700.0 ns (0.0%)
[Performance] Application.Shutdown.CleanupRenderPipeline                                                                                           :        1 samples, Peak.  8.90 us (1.0x), Avg.  8.90 us, Total. 8.900 us (0.0%)
[Performance] Application.Shutdown.StopPreloadManager                                                                                              :        1 samples, Peak.  9.62 ms (1.0x), Avg.  9.62 ms, Total. 9.625 ms (0.1%)
[Performance] Application.Shutdown.DestroyWorld                                                                                                    :        1 samples, Peak.   448 us (1.0x), Avg.   448 us, Total. 448.5 us (0.0%)
[Performance] Application.Shutdown.CleanupAfterLoad                                                                                                :        1 samples, Peak.   108 ms (1.0x), Avg.   108 ms, Total. 108.2 ms (1.4%)
[Performance] Application.Shutdown.Progress                                                                                                        :        1 samples, Peak.  6.30 us (1.0x), Avg.  6.30 us, Total. 6.300 us (0.0%)
[Performance] Application.Shutdown.GICleanupManagers                                                                                               :        1 samples, Peak.   494 us (1.0x), Avg.   494 us, Total. 493.7 us (0.0%)
[Performance] Application.Shutdown.MenuCleanupClass                                                                                                :        1 samples, Peak.   196 us (1.0x), Avg.   196 us, Total. 195.5 us (0.0%)
[Performance] Application.Shutdown.ADBSaveStateBeforeShutdown                                                                                      :        1 samples, Peak.  7.60 us (1.0x), Avg.  7.60 us, Total. 7.600 us (0.0%)
[Performance] Application.Shutdown.RemoteShutdown                                                                                                  :        1 samples, Peak.  1.20 us (1.0x), Avg.  1.20 us, Total. 1.200 us (0.0%)
[Performance] Application.Shutdown.CleanupVCProvider                                                                                               :        1 samples, Peak.  7.00 us (1.0x), Avg.  7.00 us, Total. 7.000 us (0.0%)
[Performance] Application.Shutdown.InputShutdown                                                                                                   :        1 samples, Peak.   300 ns (1.0x), Avg.   300 ns, Total. 300.0 ns (0.0%)
[Performance] Application.Shutdown.GizmoManagerDestroy                                                                                             :        1 samples, Peak.   483 us (1.0x), Avg.   483 us, Total. 483.2 us (0.0%)
[Performance] Application.Shutdown.ProfilerSession                                                                                                 :        1 samples, Peak.   138 us (1.0x), Avg.   138 us, Total. 138.2 us (0.0%)
[Performance] Application.Shutdown.ReleaseGfxWindowOnAllGUIViews                                                                                   :        1 samples, Peak.   200 ns (1.0x), Avg.   200 ns, Total. 200.0 ns (0.0%)
[Performance] Application.Shutdown.CleanupEngine                                                                                                   :        1 samples, Peak.   120 ms (1.0x), Avg.   120 ms, Total. 120.3 ms (1.6%)
[Performance] Application.Shutdown.CleanupAssetDatabase                                                                                            :        1 samples, Peak.  5.97 ms (1.0x), Avg.  5.97 ms, Total. 5.969 ms (0.1%)
[Performance] Application.Shutdown.ScriptCompilationCleanUp                                                                                        :        1 samples, Peak.  16.1 ms (1.0x), Avg.  16.1 ms, Total. 16.11 ms (0.2%)
[Performance] Application.Shutdown.DestroyJobSystem                                                                                                :        1 samples, Peak.   171 us (1.0x), Avg.   171 us, Total. 171.5 us (0.0%)
[Performance] Application.Shutdown.CleanupPersistentManager                                                                                        :        1 samples, Peak.  1.15 ms (1.0x), Avg.  1.15 ms, Total. 1.146 ms (0.0%)
[Performance] Application.Shutdown.CleanupAsyncReadManager                                                                                         :        1 samples, Peak.   354 us (1.0x), Avg.   354 us, Total. 353.9 us (0.0%)
[Performance] Application.Shutdown.CleanupProgressBar                                                                                              :        1 samples, Peak.   300 ns (1.0x), Avg.   300 ns, Total. 300.0 ns (0.0%)
[Performance] Application.Shutdown.CleanupMono                                                                                                     :        1 samples, Peak.  61.6 ms (1.0x), Avg.  61.6 ms, Total. 61.62 ms (0.8%)
[Performance] Application.Shutdown.CleanupStdConverters                                                                                            :        1 samples, Peak.  7.50 us (1.0x), Avg.  7.50 us, Total. 7.500 us (0.0%)
[Performance] Application.Shutdown.UnloadAllPlatformSupportModuleNativeDlls                                                                        :        1 samples, Peak.   400 ns (1.0x), Avg.   400 ns, Total. 400.0 ns (0.0%)
[Performance] Application.Shutdown.UnloadAllPlatformSupportNativeLibraries                                                                         :        1 samples, Peak.   100 ns (1.0x), Avg.   100 ns, Total. 100.0 ns (0.0%)
[Performance] Application.Shutdown.CleanupAutoDocumentation                                                                                        :        1 samples, Peak.   523 us (1.0x), Avg.   523 us, Total. 522.7 us (0.0%)
[Performance] Application.Shutdown.ShaderNameManagerDestroy                                                                                        :        1 samples, Peak.  35.5 us (1.0x), Avg.  35.5 us, Total. 35.50 us (0.0%)
[Performance] Application.Shutdown.CleanupCacheServer                                                                                              :        1 samples, Peak.   200 ns (1.0x), Avg.   200 ns, Total. 200.0 ns (0.0%)
[Performance] Application.Shutdown.Virtualization_Shutdown                                                                                         :        1 samples, Peak.   200 ns (1.0x), Avg.   200 ns, Total. 200.0 ns (0.0%)
[Performance] Application.Shutdown.DevConnections                                                                                                  :        1 samples, Peak.   200 us (1.0x), Avg.   200 us, Total. 199.6 us (0.0%)
Checking for leaked weakptr:
  Found no leaked weakptrs.
[Package Manager] Server::Kill -- Server was shutdown
Memory Statistics:
[ALLOC_TEMP_TLS] TLS Allocator
  StackAllocators : 
    [ALLOC_TEMP_CurlRequest]
      Initial Block Size 64.0 KB
      Current Block Size 64.0 KB
      Peak Allocated Bytes 0 B
      Overflow Count 0
    [ALLOC_TEMP_MAIN]
      Peak usage frame count: [0.5 MB-1.0 MB]: 1 frames, [8.0 MB-16.0 MB]: 1 frames
      Initial Block Size 16.0 MB
      Current Block Size 16.0 MB
      Peak Allocated Bytes 9.8 MB
      Overflow Count 0
    [ALLOC_TEMP_Job.Worker 18]
      Initial Block Size 256.0 KB
      Current Block Size 256.0 KB
      Peak Allocated Bytes 2.0 KB
      Overflow Count 1
    [ALLOC_TEMP_Background Job.Worker 8]
      Initial Block Size 32.0 KB
      Current Block Size 32.0 KB
      Peak Allocated Bytes 54 B
      Overflow Count 0
    [ALLOC_TEMP_Job.Worker 4]
      Initial Block Size 256.0 KB
      Current Block Size 256.0 KB
      Peak Allocated Bytes 1.9 KB
      Overflow Count 1
    [ALLOC_TEMP_AUDIO_FMOD mixer thread]
      Initial Block Size 64.0 KB
      Current Block Size 64.0 KB
      Peak Allocated Bytes 54 B
      Overflow Count 0
    [ALLOC_TEMP_BakingJobs.Worker 5]
      Initial Block Size 256.0 KB
      Current Block Size 256.0 KB
      Peak Allocated Bytes 54 B
      Overflow Count 0
    [ALLOC_TEMP_BakingJobs.Worker 10]
      Initial Block Size 256.0 KB
      Current Block Size 256.0 KB
      Peak Allocated Bytes 54 B
      Overflow Count 0
    [ALLOC_TEMP_Background Job.Worker 3]
      Initial Block Size 32.0 KB
      Current Block Size 32.0 KB
      Peak Allocated Bytes 54 B
      Overflow Count 0
    [ALLOC_TEMP_BatchDeleteObjects]
      Initial Block Size 64.0 KB
      Current Block Size 64.0 KB
      Peak Allocated Bytes 54 B
      Overflow Count 0
    [ALLOC_TEMP_Background Job.Worker 11]
      Initial Block Size 32.0 KB
      Current Block Size 32.0 KB
      Peak Allocated Bytes 54 B
      Overflow Count 0
    [ALLOC_TEMP_REST Message Handler]
      Initial Block Size 64.0 KB
      Current Block Size 64.0 KB
      Peak Allocated Bytes 54 B
      Overflow Count 0
    [ALLOC_TEMP_CoreBusinessMetricsCache]
      Initial Block Size 64.0 KB
      Current Block Size 64.0 KB
      Peak Allocated Bytes 8.0 KB
      Overflow Count 0
    [ALLOC_TEMP_Job.Worker 13]
      Initial Block Size 256.0 KB
      Current Block Size 0.9 MB
      Peak Allocated Bytes 0.9 MB
      Overflow Count 0
    [ALLOC_TEMP_Background Job.Worker 2]
      Initial Block Size 32.0 KB
      Current Block Size 32.0 KB
      Peak Allocated Bytes 1.9 KB
      Overflow Count 0
    [ALLOC_TEMP_AssetDatabase.IOService]
      Initial Block Size 64.0 KB
      Current Block Size 64.0 KB
      Peak Allocated Bytes 54 B
      Overflow Count 0
    [ALLOC_TEMP_Job.Worker 10]
      Initial Block Size 256.0 KB
      Current Block Size 256.0 KB
      Peak Allocated Bytes 2.0 KB
      Overflow Count 1
    [ALLOC_TEMP_Job.Worker 15]
      Initial Block Size 256.0 KB
      Current Block Size 256.0 KB
      Peak Allocated Bytes 1.8 KB
      Overflow Count 1
    [ALLOC_TEMP_Job.Worker 12]
      Initial Block Size 256.0 KB
      Current Block Size 0.9 MB
      Peak Allocated Bytes 0.9 MB
      Overflow Count 0
    [ALLOC_TEMP_Loading.PreloadManager]
      Initial Block Size 32.0 MB
      Current Block Size 32.0 MB
      Peak Allocated Bytes 54 B
      Overflow Count 0
    [ALLOC_TEMP_Profiler.Dispatcher]
      Initial Block Size 64.0 KB
      Current Block Size 64.0 KB
      Peak Allocated Bytes 0 B
      Overflow Count 0
    [ALLOC_TEMP_Job.Worker 17]
      Initial Block Size 256.0 KB
      Current Block Size 256.0 KB
      Peak Allocated Bytes 2.0 KB
      Overflow Count 1
    [ALLOC_TEMP_Job.Worker 3]
      Initial Block Size 256.0 KB
      Current Block Size 0.9 MB
      Peak Allocated Bytes 0.9 MB
      Overflow Count 0
    [ALLOC_TEMP_BakingJobs.Worker 7]
      Initial Block Size 256.0 KB
      Current Block Size 256.0 KB
      Peak Allocated Bytes 54 B
      Overflow Count 0
    [ALLOC_TEMP_Job.Worker 14]
      Initial Block Size 256.0 KB
      Current Block Size 256.0 KB
      Peak Allocated Bytes 2.1 KB
      Overflow Count 0
    [ALLOC_TEMP_Background Job.Worker 5]
      Initial Block Size 32.0 KB
      Current Block Size 32.0 KB
      Peak Allocated Bytes 54 B
      Overflow Count 0
    [ALLOC_TEMP_CurlRequest]
      Initial Block Size 64.0 KB
      Current Block Size 64.0 KB
      Peak Allocated Bytes 1.9 KB
      Overflow Count 0
    [ALLOC_TEMP_Background Job.Worker 13]
      Initial Block Size 32.0 KB
      Current Block Size 32.0 KB
      Peak Allocated Bytes 54 B
      Overflow Count 0
    [ALLOC_TEMP_Job.Worker 2]
      Initial Block Size 256.0 KB
      Current Block Size 256.0 KB
      Peak Allocated Bytes 1.9 KB
      Overflow Count 1
    [ALLOC_TEMP_BakingJobs.Worker 6]
      Initial Block Size 256.0 KB
      Current Block Size 256.0 KB
      Peak Allocated Bytes 54 B
      Overflow Count 0
    [ALLOC_TEMP_Job.Worker 11]
      Initial Block Size 256.0 KB
      Current Block Size 0.9 MB
      Peak Allocated Bytes 0.9 MB
      Overflow Count 0
    [ALLOC_TEMP_Job.Worker 0]
      Initial Block Size 256.0 KB
      Current Block Size 256.0 KB
      Peak Allocated Bytes 1.8 KB
      Overflow Count 1
    [ALLOC_TEMP_Job.Worker 5]
      Initial Block Size 256.0 KB
      Current Block Size 0.9 MB
      Peak Allocated Bytes 0.9 MB
      Overflow Count 0
    [ALLOC_TEMP_Job.Worker 6]
      Initial Block Size 256.0 KB
      Current Block Size 256.0 KB
      Peak Allocated Bytes 1.9 KB
      Overflow Count 1
    [ALLOC_TEMP_Background Job.Worker 9]
      Initial Block Size 32.0 KB
      Current Block Size 32.0 KB
      Peak Allocated Bytes 54 B
      Overflow Count 0
    [ALLOC_TEMP_BakingJobs.Worker 8]
      Initial Block Size 256.0 KB
      Current Block Size 256.0 KB
      Peak Allocated Bytes 54 B
      Overflow Count 0
    [ALLOC_TEMP_Job.Worker 9]
      Initial Block Size 256.0 KB
      Current Block Size 0.9 MB
      Peak Allocated Bytes 0.9 MB
      Overflow Count 0
    [ALLOC_TEMP_DirMonitor]
      Initial Block Size 64.0 KB
      Current Block Size 64.0 KB
      Peak Allocated Bytes 1.0 KB
      Overflow Count 0
    [ALLOC_TEMP_BakingJobs.Worker 1]
      Initial Block Size 256.0 KB
      Current Block Size 256.0 KB
      Peak Allocated Bytes 0.6 KB
      Overflow Count 0
    [ALLOC_TEMP_Loading.AsyncRead]
      Initial Block Size 64.0 KB
      Current Block Size 64.0 KB
      Peak Allocated Bytes 128 B
      Overflow Count 0
    [ALLOC_TEMP_Background Job.Worker 10]
      Initial Block Size 32.0 KB
      Current Block Size 32.0 KB
      Peak Allocated Bytes 54 B
      Overflow Count 0
    [ALLOC_TEMP_Job.Worker 16]
      Initial Block Size 256.0 KB
      Current Block Size 256.0 KB
      Peak Allocated Bytes 1.9 KB
      Overflow Count 1
    [ALLOC_TEMP_BakingJobs.Worker 9]
      Initial Block Size 256.0 KB
      Current Block Size 256.0 KB
      Peak Allocated Bytes 54 B
      Overflow Count 0
    [ALLOC_TEMP_AUDIO_FMOD (WASAPI) feeder thread]
      Initial Block Size 64.0 KB
      Current Block Size 64.0 KB
      Peak Allocated Bytes 168 B
      Overflow Count 0
    [ALLOC_TEMP_Background Job.Worker 6]
      Initial Block Size 32.0 KB
      Current Block Size 32.0 KB
      Peak Allocated Bytes 54 B
      Overflow Count 0
    [ALLOC_TEMP_Background Job.Worker 1]
      Initial Block Size 32.0 KB
      Current Block Size 216.0 KB
      Peak Allocated Bytes 170.6 KB
      Overflow Count 2
    [ALLOC_TEMP_BakingJobs.Worker 11]
      Initial Block Size 256.0 KB
      Current Block Size 256.0 KB
      Peak Allocated Bytes 54 B
      Overflow Count 0
    [ALLOC_TEMP_AUDIO_FMOD stream thread]
      Initial Block Size 64.0 KB
      Current Block Size 64.0 KB
      Peak Allocated Bytes 54 B
      Overflow Count 0
    [ALLOC_TEMP_BakingJobs.Worker 2]
      Initial Block Size 256.0 KB
      Current Block Size 256.0 KB
      Peak Allocated Bytes 54 B
      Overflow Count 0
    [ALLOC_TEMP_Background Job.Worker 15]
      Initial Block Size 32.0 KB
      Current Block Size 32.0 KB
      Peak Allocated Bytes 54 B
      Overflow Count 0
    [ALLOC_TEMP_Background Job.Worker 7]
      Initial Block Size 32.0 KB
      Current Block Size 32.0 KB
      Peak Allocated Bytes 54 B
      Overflow Count 0
    [ALLOC_TEMP_Job.Worker 8]
      Initial Block Size 256.0 KB
      Current Block Size 0.9 MB
      Peak Allocated Bytes 0.9 MB
      Overflow Count 0
    [ALLOC_TEMP_Job.Worker 1]
      Initial Block Size 256.0 KB
      Current Block Size 0.9 MB
      Peak Allocated Bytes 0.9 MB
      Overflow Count 0
    [ALLOC_TEMP_BakingJobs.Worker 0]
      Initial Block Size 256.0 KB
      Current Block Size 256.0 KB
      Peak Allocated Bytes 54 B
      Overflow Count 0
    [ALLOC_TEMP_BakingJobs.Worker 3]
      Initial Block Size 256.0 KB
      Current Block Size 256.0 KB
      Peak Allocated Bytes 54 B
      Overflow Count 0
    [ALLOC_TEMP_EditorTaskManager]
      Initial Block Size 64.0 KB
      Current Block Size 68.0 KB
      Peak Allocated Bytes 64.0 KB
      Overflow Count 0
    [ALLOC_TEMP_BakingJobs.Worker 4]
      Initial Block Size 256.0 KB
      Current Block Size 256.0 KB
      Peak Allocated Bytes 54 B
      Overflow Count 0
    [ALLOC_TEMP_Background Job.Worker 12]
      Initial Block Size 32.0 KB
      Current Block Size 32.0 KB
      Peak Allocated Bytes 54 B
      Overflow Count 0
    [ALLOC_TEMP_HTTP REST Server]
      Initial Block Size 64.0 KB
      Current Block Size 64.0 KB
      Peak Allocated Bytes 152 B
      Overflow Count 0
    [ALLOC_TEMP_AssetGarbageCollectorHelper] x 19
      Initial Block Size 64.0 KB
      Current Block Size 64.0 KB
      Peak Allocated Bytes 0 B
      Overflow Count 0
    [ALLOC_TEMP_Background Job.Worker 0]
      Initial Block Size 32.0 KB
      Current Block Size 32.0 KB
      Peak Allocated Bytes 54 B
      Overflow Count 0
    [ALLOC_TEMP_Background Job.Worker 4]
      Initial Block Size 32.0 KB
      Current Block Size 32.0 KB
      Peak Allocated Bytes 54 B
      Overflow Count 0
    [ALLOC_TEMP_Background Job.Worker 14]
      Initial Block Size 32.0 KB
      Current Block Size 32.0 KB
      Peak Allocated Bytes 54 B
      Overflow Count 0
    [ALLOC_TEMP_Job.Worker 7]
      Initial Block Size 256.0 KB
      Current Block Size 0.9 MB
      Peak Allocated Bytes 0.9 MB
      Overflow Count 0
[ALLOC_MEMORYPROFILER]
  Peak usage frame count: [128.0 KB-256.0 KB]: 1 frames, [256.0 KB-0.5 MB]: 1 frames
  Requested Block Size 1.0 MB
  Peak Block count 1
  Peak Allocated memory 455.5 KB
  Peak Large allocation bytes 0 B
[ALLOC_DEFAULT] Dual Thread Allocator
  Peak main deferred allocation count 1298
    [ALLOC_BUCKET]
      Large Block size 32.0 MB
      Used Block count 1
      Peak Allocated bytes 9.8 MB
    [ALLOC_DEFAULT_MAIN]
      Peak usage frame count: [64.0 MB-128.0 MB]: 2 frames
      Requested Block Size 16.0 MB
      Peak Block count 5
      Peak Allocated memory 70.2 MB
      Peak Large allocation bytes 0 B
    [ALLOC_DEFAULT_THREAD]
      Peak usage frame count: [4.0 MB-8.0 MB]: 2 frames
      Requested Block Size 16.0 MB
      Peak Block count 1
      Peak Allocated memory 5.5 MB
      Peak Large allocation bytes 0 B
[ALLOC_TEMP_JOB_1_FRAME]
  Initial Block Size 2.0 MB
  Used Block Count 0
  Overflow Count (too large) 0
  Overflow Count (full) 0
[ALLOC_TEMP_JOB_2_FRAMES]
  Initial Block Size 2.0 MB
  Used Block Count 0
  Overflow Count (too large) 0
  Overflow Count (full) 0
[ALLOC_TEMP_JOB_4_FRAMES (JobTemp)]
  Initial Block Size 2.0 MB
  Used Block Count 1
  Overflow Count (too large) 0
  Overflow Count (full) 0
[ALLOC_TEMP_JOB_ASYNC (Background)]
  Initial Block Size 1.0 MB
  Used Block Count 1
  Overflow Count (too large) 0
  Overflow Count (full) 0
[ALLOC_GFX] Dual Thread Allocator
  Peak main deferred allocation count 0
    [ALLOC_BUCKET]
      Large Block size 32.0 MB
      Used Block count 1
      Peak Allocated bytes 9.8 MB
    [ALLOC_GFX_MAIN]
      Peak usage frame count: [4.0 MB-8.0 MB]: 2 frames
      Requested Block Size 16.0 MB
      Peak Block count 1
      Peak Allocated memory 6.9 MB
      Peak Large allocation bytes 0 B
    [ALLOC_GFX_THREAD]
      Peak usage frame count: [0-1.0 KB]: 2 frames
      Requested Block Size 16.0 MB
      Peak Block count 0
      Peak Allocated memory 0 B
      Peak Large allocation bytes 0 B
[ALLOC_CACHEOBJECTS] Dual Thread Allocator
  Peak main deferred allocation count 656
    [ALLOC_BUCKET]
      Large Block size 32.0 MB
      Used Block count 1
      Peak Allocated bytes 9.8 MB
    [ALLOC_CACHEOBJECTS_MAIN]
      Peak usage frame count: [16.0 MB-32.0 MB]: 1 frames, [32.0 MB-64.0 MB]: 1 frames
      Requested Block Size 4.0 MB
      Peak Block count 11
      Peak Allocated memory 32.8 MB
      Peak Large allocation bytes 10.7 MB
    [ALLOC_CACHEOBJECTS_THREAD]
      Peak usage frame count: [0-1.0 KB]: 2 frames
      Requested Block Size 4.0 MB
      Peak Block count 0
      Peak Allocated memory 0 B
      Peak Large allocation bytes 0 B
[ALLOC_TYPETREE] Dual Thread Allocator
  Peak main deferred allocation count 1037
    [ALLOC_BUCKET]
      Large Block size 32.0 MB
      Used Block count 1
      Peak Allocated bytes 9.8 MB
    [ALLOC_TYPETREE_MAIN]
      Peak usage frame count: [1.0 MB-2.0 MB]: 1 frames, [8.0 MB-16.0 MB]: 1 frames
      Requested Block Size 2.0 MB
      Peak Block count 7
      Peak Allocated memory 12.3 MB
      Peak Large allocation bytes 0 B
    [ALLOC_TYPETREE_THREAD]
      Peak usage frame count: [0-1.0 KB]: 2 frames
      Requested Block Size 2.0 MB
      Peak Block count 0
      Peak Allocated memory 0 B
      Peak Large allocation bytes 0 B
[ALLOC_PROFILER]
  Peak usage frame count: [256.0 KB-0.5 MB]: 2 frames
  Requested Block Size 16.0 MB
  Peak Block count 1
  Peak Allocated memory 416.3 KB
  Peak Large allocation bytes 0 B
    [ALLOC_PROFILER_BUCKET]
      Large Block size 32.0 MB
      Used Block count 1
      Peak Allocated bytes 4.0 KB
[ALLOC_PROFILER_EDITOR]
  Peak usage frame count: [0-1.0 KB]: 2 frames
  Requested Block Size 1.0 MB
  Peak Block count 0
  Peak Allocated memory 0 B
  Peak Large allocation bytes 0 B
    [ALLOC_PROFILER_BUCKET]
      Large Block size 32.0 MB
      Used Block count 1
      Peak Allocated bytes 4.0 KB
##utp:{"type":"MemoryLeaks","version":2,"phase":"Immediate","time":1787668636257,"processId":32704,"allocatedMemory":23675051,"memoryLabels":[{"Default":20431},{"Permanent":15615},{"NewDelete":80944},{"Thread":4229412},{"Manager":34523},{"VertexData":12},{"Geometry":560},{"Texture":176},{"Shader":68848},{"Material":24},{"GfxDevice":57048},{"Animation":296},{"Audio":3928},{"FontEngine":272},{"Physics":513},{"Serialization":948},{"Input":14744},{"JobScheduler":33360},{"Mono":40},{"ScriptingNativeRuntime":191848},{"BaseObject":1627276},{"Resource":1360},{"Renderer":2304},{"Transform":16},{"File":888},{"WebCam":96},{"Culling":40},{"Terrain":1137},{"Wind":24},{"STL":48},{"String":15270},{"DynamicArray":70353},{"HashMap":4411746},{"Utility":2664898},{"Curl":1424},{"PoolAlloc":1728},{"AI":104},{"TypeTree":5077},{"ScriptManager":640},{"RuntimeInitializeOnLoadManager":80},{"SpriteAtlas":128},{"GI":4072},{"Director":7960},{"WebRequest":5465},{"VR":46081},{"SceneManager":568},{"Video":72},{"LazyScriptCache":40},{"NativeArray":12},{"Camera":25},{"Secure":1},{"SerializationCache":1584},{"APIUpdating":11872},{"Subsystems":392},{"VirtualTexturing":57896},{"StaticSafetyDebugInfo":327680},{"EditorGui":56},{"EditorUtility":19895},{"VersionControl":4},{"Undo":704},{"AssetDatabase":9583751},{"RestService":1414},{"EditorGi":376},{"License":3584},{"UnityConnect":25344},{"Collab":593},{"Upm":2032},{"DrivenProperties":96},{"LocalIPC":296},{"ProfilerEditor":10943},{"CoreBusinessMetrics":3984},{"AssetReference":40},{"IPCStream":40}]}
