[Licensing::Module] Trying to connect to existing licensing client channel...
[Licensing::IpcConnector] Successfully connected to: "LicenseClient-admin" at "2026-08-25T12:21:22.148486Z"
[Licensing::Client] Code 1 while verifying Licensing Client signature (process Id: 26760, path: "C:/Program Files/Unity Hub/UnityLicensingClient_V1/Unity.Licensing.Client.exe")
[Licensing::Module] LicensingClient has failed validation; ignoring
[Licensing::Client] Error: HandshakeResponse reported an error:
	ResponseCode: 505
	ResponseStatus: Unsupported protocol version '1.16.2'.
[Licensing::Module] Error: Failed to handshake to channel: "LicenseClient-admin"
[Licensing::IpcConnector] LicenseClient-admin channel disconnected successfully.
[Licensing::IpcConnector] Successfully connected to: "LicenseClient-admin-2022.3.62" at "2026-08-25T12:21:22.1622244Z"
[Licensing::Client] Code 10 while verifying Licensing Client signature (process Id: 34860, path: "E:/workwork/steamgamework/unit/2022.3.62f3c1/Editor/Data/Resources/Licensing/Client/Unity.Licensing.Client.exe")
[Licensing::Module] LicensingClient has failed validation; ignoring
[Licensing::Client] Handshaking with LicensingClient:
  Version:                 1.16.2+bdef8f5
  Session Id:              f1ec6c371f16439e968202e7b661e0ea
  Correlation Id:          e6984ccf5e508b9309fb318b5ee0578c
  External correlation Id: 5757281636967543619
  Machine Id:              WDcRLaI4OR0B+iLstjufGiulM9k=
[Licensing::Module] Successfully connected to LicensingClient on channel: "LicenseClient-admin-2022.3.62" (connect: 0.00s, validation: 0.01s, handshake: 0.02s)
[Licensing::IpcConnector] Successfully connected to: "LicenseClient-admin-2022.3.62-notifications" at "2026-08-25T12:21:22.193093Z"
[Licensing::Module] Error: Access token is unavailable; failed to update
[Licensing::Client] Successfully updated license
Built from '2022.3/china_unity/release' branch; Version is '2022.3.62f3c1 (1623fc0bbb97) revision 1451004'; Using compiler version '192829333'; Build Type 'Release'
OS: 'Windows 11  (10.0.22631) 64bit Professional' Language: 'zh' Physical Memory: 16197 MB
[Licensing::Client] Successfully resolved entitlement details
[Licensing::Module] Serial number assigned to: "F4-ZYBJ-ZJJ4-YPAS-69E8-XXXX"
BatchMode: 1, IsHumanControllingUs: 0, StartBugReporterOnCrash: 0, Is64bit: 1, IsPro: 0
[Licensing::Client] Successfully resolved entitlement details

COMMAND LINE ARGUMENTS:
E:\workwork\steamgamework\unit\2022.3.62f3c1\Editor\Unity.exe
-batchmode
-nographics
-projectPath
D:\WorkWork\Assist\image_to_smart\.codex_tmp\w24-fresh-20260825-0628\project
-runTests
-testPlatform
EditMode
-testFilter
VFXComposer.Tests.EditMode.W24S1.W24S1ContractAndTraceTests
-testResults
D:\WorkWork\Assist\image_to_smart\.codex_tmp\w24-stage-regression-results\r1\s1-contract-trace.xml
-logFile
D:\WorkWork\Assist\image_to_smart\.codex_tmp\w24-stage-regression-results\r1\s1-contract-trace.log
Successfully changed project path to: D:\WorkWork\Assist\image_to_smart\.codex_tmp\w24-fresh-20260825-0628\project
D:/WorkWork/Assist/image_to_smart/.codex_tmp/w24-fresh-20260825-0628/project
[UnityMemory] Configuration Parameters - Can be set up in boot.config
    "memorysetup-bucket-allocator-granularity=16"
    "memorysetup-bucket-allocator-bucket-count=8"
    "memorysetup-bucket-allocator-block-size=33554432"
    "memorysetup-bucket-allocator-block-count=8"
    "memorysetup-main-allocator-block-size=16777216"
    "memorysetup-thread-allocator-block-size=16777216"
    "memorysetup-gfx-main-allocator-block-size=16777216"
    "memorysetup-gfx-thread-allocator-block-size=16777216"
    "memorysetup-cache-allocator-block-size=4194304"
    "memorysetup-typetree-allocator-block-size=2097152"
    "memorysetup-profiler-bucket-allocator-granularity=16"
    "memorysetup-profiler-bucket-allocator-bucket-count=8"
    "memorysetup-profiler-bucket-allocator-block-size=33554432"
    "memorysetup-profiler-bucket-allocator-block-count=8"
    "memorysetup-profiler-allocator-block-size=16777216"
    "memorysetup-profiler-editor-allocator-block-size=1048576"
    "memorysetup-temp-allocator-size-main=16777216"
    "memorysetup-job-temp-allocator-block-size=2097152"
    "memorysetup-job-temp-allocator-block-size-background=1048576"
    "memorysetup-job-temp-allocator-reduction-small-platforms=262144"
    "memorysetup-allocator-temp-initial-block-size-main=262144"
    "memorysetup-allocator-temp-initial-block-size-worker=262144"
    "memorysetup-temp-allocator-size-background-worker=32768"
    "memorysetup-temp-allocator-size-job-worker=262144"
    "memorysetup-temp-allocator-size-preload-manager=33554432"
    "memorysetup-temp-allocator-size-nav-mesh-worker=65536"
    "memorysetup-temp-allocator-size-audio-worker=65536"
    "memorysetup-temp-allocator-size-cloud-worker=32768"
    "memorysetup-temp-allocator-size-gi-baking-worker=262144"
    "memorysetup-temp-allocator-size-gfx=262144"
Player connection [36384]  Target information:

Player connection [36384]  * "[IP] 192.168.1.2 [Port] 55505 [Flags] 2 [Guid] 2153387839 [EditorId] 2153387839 [Version] 1048832 [Id] WindowsEditor(7,snowpeak) [Debug] 1 [PackageName] WindowsEditor [ProjectName] Editor" 

Player connection [36384]  * "[IP] 172.18.96.1 [Port] 55505 [Flags] 2 [Guid] 2153387839 [EditorId] 2153387839 [Version] 1048832 [Id] WindowsEditor(7,snowpeak) [Debug] 1 [PackageName] WindowsEditor [ProjectName] Editor" 

Player connection [36384]  * "[IP] 198.18.0.1 [Port] 55505 [Flags] 2 [Guid] 2153387839 [EditorId] 2153387839 [Version] 1048832 [Id] WindowsEditor(7,snowpeak) [Debug] 1 [PackageName] WindowsEditor [ProjectName] Editor" 

Player connection [36384] Host joined multi-casting on [225.0.0.222:54997]...
Player connection [36384] Host joined alternative multi-casting on [225.0.0.222:34997]...
Input System module state changed to: Initialized.
[PhysX] Initialized MultithreadedTaskDispatcher with 20 workers.
[Package Manager] UpmClient::Connect -- Connected to IPC stream "Upm-43536" after 0.3 seconds.
[Package Manager] Restoring resolved packages state from cache
[Licensing::Client] Successfully resolved entitlement details
[Package Manager] Registered 23 packages:
  Packages from [https://packages.unity.cn]:
    com.unity.nuget.newtonsoft-json@3.0.2 (location: D:\WorkWork\Assist\image_to_smart\.codex_tmp\w24-fresh-20260825-0628\project\Library\PackageCache\com.unity.nuget.newtonsoft-json@3.0.2)
    com.unity.test-framework@1.1.33 (location: D:\WorkWork\Assist\image_to_smart\.codex_tmp\w24-fresh-20260825-0628\project\Library\PackageCache\com.unity.test-framework@1.1.33)
    com.unity.toolchain.win-x86_64-linux-x86_64@2.0.11 (location: D:\WorkWork\Assist\image_to_smart\.codex_tmp\w24-fresh-20260825-0628\project\Library\PackageCache\com.unity.toolchain.win-x86_64-linux-x86_64@2.0.11)
    com.unity.sysroot@2.0.10 (location: D:\WorkWork\Assist\image_to_smart\.codex_tmp\w24-fresh-20260825-0628\project\Library\PackageCache\com.unity.sysroot@2.0.10)
    com.unity.sysroot.linux-x86_64@2.0.9 (location: D:\WorkWork\Assist\image_to_smart\.codex_tmp\w24-fresh-20260825-0628\project\Library\PackageCache\com.unity.sysroot.linux-x86_64@2.0.9)
    com.unity.ext.nunit@1.0.6 (location: D:\WorkWork\Assist\image_to_smart\.codex_tmp\w24-fresh-20260825-0628\project\Library\PackageCache\com.unity.ext.nunit@1.0.6)
    com.unity.mathematics@1.2.6 (location: D:\WorkWork\Assist\image_to_smart\.codex_tmp\w24-fresh-20260825-0628\project\Library\PackageCache\com.unity.mathematics@1.2.6)
    com.unity.burst@1.8.21 (location: D:\WorkWork\Assist\image_to_smart\.codex_tmp\w24-fresh-20260825-0628\project\Library\PackageCache\com.unity.burst@1.8.21)
    com.unity.searcher@4.9.2 (location: D:\WorkWork\Assist\image_to_smart\.codex_tmp\w24-fresh-20260825-0628\project\Library\PackageCache\com.unity.searcher@4.9.2)
  Built-in packages:
    com.unity.2d.sprite@1.0.0 (location: D:\WorkWork\Assist\image_to_smart\.codex_tmp\w24-fresh-20260825-0628\project\Library\PackageCache\com.unity.2d.sprite@1.0.0)
    com.unity.modules.particlesystem@1.0.0 (location: D:\WorkWork\Assist\image_to_smart\.codex_tmp\w24-fresh-20260825-0628\project\Library\PackageCache\com.unity.modules.particlesystem@1.0.0)
    com.unity.modules.imageconversion@1.0.0 (location: D:\WorkWork\Assist\image_to_smart\.codex_tmp\w24-fresh-20260825-0628\project\Library\PackageCache\com.unity.modules.imageconversion@1.0.0)
    com.unity.render-pipelines.universal@14.0.12 (location: D:\WorkWork\Assist\image_to_smart\.codex_tmp\w24-fresh-20260825-0628\project\Library\PackageCache\com.unity.render-pipelines.universal@14.0.12)
    com.unity.modules.imgui@1.0.0 (location: D:\WorkWork\Assist\image_to_smart\.codex_tmp\w24-fresh-20260825-0628\project\Library\PackageCache\com.unity.modules.imgui@1.0.0)
    com.unity.modules.jsonserialize@1.0.0 (location: D:\WorkWork\Assist\image_to_smart\.codex_tmp\w24-fresh-20260825-0628\project\Library\PackageCache\com.unity.modules.jsonserialize@1.0.0)
    com.unity.render-pipelines.core@14.0.12 (location: D:\WorkWork\Assist\image_to_smart\.codex_tmp\w24-fresh-20260825-0628\project\Library\PackageCache\com.unity.render-pipelines.core@14.0.12)
    com.unity.shadergraph@14.0.12 (location: D:\WorkWork\Assist\image_to_smart\.codex_tmp\w24-fresh-20260825-0628\project\Library\PackageCache\com.unity.shadergraph@14.0.12)
    com.unity.render-pipelines.universal-config@14.0.10 (location: D:\WorkWork\Assist\image_to_smart\.codex_tmp\w24-fresh-20260825-0628\project\Library\PackageCache\com.unity.render-pipelines.universal-config@14.0.10)
    com.unity.ugui@1.0.0 (location: D:\WorkWork\Assist\image_to_smart\.codex_tmp\w24-fresh-20260825-0628\project\Library\PackageCache\com.unity.ugui@1.0.0)
    com.unity.modules.physics@1.0.0 (location: D:\WorkWork\Assist\image_to_smart\.codex_tmp\w24-fresh-20260825-0628\project\Library\PackageCache\com.unity.modules.physics@1.0.0)
    com.unity.modules.terrain@1.0.0 (location: D:\WorkWork\Assist\image_to_smart\.codex_tmp\w24-fresh-20260825-0628\project\Library\PackageCache\com.unity.modules.terrain@1.0.0)
    com.unity.modules.ui@1.0.0 (location: D:\WorkWork\Assist\image_to_smart\.codex_tmp\w24-fresh-20260825-0628\project\Library\PackageCache\com.unity.modules.ui@1.0.0)
  Embedded packages:
    com.vfxcomposer.unity@file:D:\WorkWork\Assist\image_to_smart\.codex_tmp\w24-fresh-20260825-0628\project\Packages\com.vfxcomposer.unity (location: D:\WorkWork\Assist\image_to_smart\.codex_tmp\w24-fresh-20260825-0628\project\Packages\com.vfxcomposer.unity)
[Subsystems] No new subsystems found in resolved package list.
Package Manager log level set to [2]
[Package Manager] Done registering packages in 0.21 seconds
Refreshing native plugins compatible for Editor in 317.26 ms, found 0 plugins.
Preloading 0 native plugins for Editor in 0.00 ms.
Initialize engine version: 2022.3.62f3c1 (1623fc0bbb97)
[Subsystems] Discovering subsystems at path E:/workwork/steamgamework/unit/2022.3.62f3c1/Editor/Data/Resources/UnitySubsystems
[Subsystems] Discovering subsystems at path D:/WorkWork/Assist/image_to_smart/.codex_tmp/w24-fresh-20260825-0628/project/Assets
Forcing GfxDevice: Null
GfxDevice: creating device client; threaded=0; jobified=0
NullGfxDevice:
    Version:  NULL 1.0 [1.0]
    Renderer: Null Device
    Vendor:   Unity Technologies
[Licensing::Client] Successfully resolved entitlement details
Initialize mono
Mono path[0] = 'E:/workwork/steamgamework/unit/2022.3.62f3c1/Editor/Data/Managed'
Mono path[1] = 'E:/workwork/steamgamework/unit/2022.3.62f3c1/Editor/Data/MonoBleedingEdge/lib/mono/unityjit-win32'
Mono config path = 'E:/workwork/steamgamework/unit/2022.3.62f3c1/Editor/Data/MonoBleedingEdge/etc'
Using monoOptions --debugger-agent=transport=dt_socket,embedding=1,server=y,suspend=n,address=127.0.0.1:56536
Using cacheserver namespaces - metadata:defaultmetadata, artifacts:defaultartifacts
Using cacheserver namespaces - metadata:defaultmetadata, artifacts:defaultartifacts
ImportWorker Server TCP listen port: 0
Begin MonoManager ReloadAssembly
Registering precompiled unity dll's ...
Register platform support module: E:/workwork/steamgamework/unit/2022.3.62f3c1/Editor/Data/PlaybackEngines/WindowsStandaloneSupport/UnityEditor.WindowsStandalone.Extensions.dll
Register platform support module: E:/workwork/steamgamework/unit/2022.3.62f3c1/Editor/Data/PlaybackEngines/LinuxStandaloneSupport/UnityEditor.LinuxStandalone.Extensions.dll
Registered in 0.003585 seconds.
- Loaded All Assemblies, in  0.271 seconds
Native extension for LinuxStandalone target not found
Native extension for WindowsStandalone target not found
Mono: successfully reloaded assembly
- Finished resetting the current domain, in  0.188 seconds
Domain Reload Profiling: 458ms
	BeginReloadAssembly (102ms)
		ExecutionOrderSort (0ms)
		DisableScriptedObjects (0ms)
		BackupInstance (0ms)
		ReleaseScriptingObjects (0ms)
		CreateAndSetChildDomain (1ms)
	RebuildCommonClasses (26ms)
	RebuildNativeTypeToScriptingClass (6ms)
	initialDomainReloadingComplete (38ms)
	LoadAllAssembliesAndSetupDomain (98ms)
		LoadAssemblies (101ms)
		RebuildTransferFunctionScriptingTraits (0ms)
		AnalyzeDomain (96ms)
			TypeCache.Refresh (94ms)
				TypeCache.ScanAssembly (84ms)
			ScanForSourceGeneratedMonoScriptInfo (0ms)
			ResolveRequiredComponents (1ms)
	FinalizeReload (188ms)
		ReleaseScriptCaches (0ms)
		RebuildScriptCaches (0ms)
		SetupLoadedEditorAssemblies (158ms)
			LogAssemblyErrors (0ms)
			InitializePlatformSupportModulesInManaged (9ms)
			SetLoadedEditorAssemblies (6ms)
			RefreshPlugins (0ms)
			BeforeProcessingInitializeOnLoad (1ms)
			ProcessInitializeOnLoadAttributes (105ms)
			ProcessInitializeOnLoadMethodAttributes (37ms)
			AfterProcessingInitializeOnLoad (0ms)
			EditorAssembliesLoaded (0ms)
		ExecutionOrderSort2 (0ms)
		AwakeInstancesAfterBackupRestoration (0ms)
[Licensing::Client] Successfully resolved entitlement details
Application.AssetDatabase Initial Refresh Start
Starting: E:\workwork\steamgamework\unit\2022.3.62f3c1\Editor\Data\bee_backend.exe --ipc --defer-dag-verification --dagfile="Library/Bee/1900b0aE.dag" --continue-on-failure --profile="Library/Bee/backend1.traceevents" ScriptAssemblies
WorkingDir: D:/WorkWork/Assist/image_to_smart/.codex_tmp/w24-fresh-20260825-0628/project
DisplayProgressbar: Compiling Scripts
ExitCode: 0 Duration: 0s307ms
[368/465    0s] ILPP-Configuration Library/ilpp-configuration.nevergeneratedoutput
*** Tundra build success (0.27 seconds), 1 items updated, 465 evaluated
AssetDatabase: script compilation time: 0.665038s
Begin MonoManager ReloadAssembly
- Loaded All Assemblies, in  2.650 seconds
Refreshing native plugins compatible for Editor in 0.65 ms, found 0 plugins.
Preloading 0 native plugins for Editor in 0.00 ms.
Refreshing native plugins compatible for Editor in 0.72 ms, found 0 plugins.
Native extension for LinuxStandalone target not found
Native extension for WindowsStandalone target not found
Mono: successfully reloaded assembly
- Finished resetting the current domain, in  2.173 seconds
Domain Reload Profiling: 4823ms
	BeginReloadAssembly (96ms)
		ExecutionOrderSort (0ms)
		DisableScriptedObjects (4ms)
		BackupInstance (0ms)
		ReleaseScriptingObjects (0ms)
		CreateAndSetChildDomain (17ms)
	RebuildCommonClasses (21ms)
	RebuildNativeTypeToScriptingClass (7ms)
	initialDomainReloadingComplete (18ms)
	LoadAllAssembliesAndSetupDomain (2507ms)
		LoadAssemblies (2491ms)
		RebuildTransferFunctionScriptingTraits (0ms)
		AnalyzeDomain (71ms)
			TypeCache.Refresh (55ms)
				TypeCache.ScanAssembly (47ms)
			ScanForSourceGeneratedMonoScriptInfo (9ms)
			ResolveRequiredComponents (5ms)
	FinalizeReload (2174ms)
		ReleaseScriptCaches (0ms)
		RebuildScriptCaches (0ms)
		SetupLoadedEditorAssemblies (1865ms)
			LogAssemblyErrors (0ms)
			InitializePlatformSupportModulesInManaged (6ms)
			SetLoadedEditorAssemblies (3ms)
			RefreshPlugins (0ms)
			BeforeProcessingInitializeOnLoad (37ms)
			ProcessInitializeOnLoadAttributes (1765ms)
			ProcessInitializeOnLoadMethodAttributes (52ms)
			AfterProcessingInitializeOnLoad (2ms)
			EditorAssembliesLoaded (0ms)
		ExecutionOrderSort2 (0ms)
		AwakeInstancesAfterBackupRestoration (4ms)
Asset Pipeline Refresh (id=f664b64a1a3e0b04898264b673a0ddde): Total: 18.686 seconds - Initiated by InitialRefreshV2(ForceSynchronousImport)
	Summary:
		Imports: total=0 (actual=0, local cache=0, cache server=0)
		Asset DB Process Time: managed=0 ms, native=13137 ms
		Asset DB Callback time: managed=8 ms, native=0 ms
		Scripting: domain reloads=1, domain reload time=4854 ms, compile time=667 ms, other=18 ms
		Project Asset Count: scripts=3723, non-scripts=2401
		Asset File Changes: new=0, changed=0, moved=0, deleted=0
		Scan Filter Count: 0
	InvokeBeforeRefreshCallbacks: 0.318ms
	ApplyChangesToAssetFolders: 0.020ms
	Scan: 47.450ms
	OnSourceAssetsModified: 0.001ms
	GetAllGuidsForCategorization: 0.525ms
	CategorizeAssets: 98.418ms
	ImportOutOfDateAssets: 2195.326ms (1518.169ms without children)
		CompileScripts: 666.516ms
		ReloadNativeAssets: 0.011ms
		UnloadImportedAssets: 8.654ms
		EnsureUptoDateAssetsAreRegisteredWithGuidPM: 1.106ms
		InitializingProgressBar: 0.001ms
		PostProcessAllAssetNotificationsAddChangedAssets: 0.001ms
		OnDemandSchedulerStart: 0.870ms
	PostProcessAllAssets: 8.670ms
	GatherAllCurrentPrimaryArtifactRevisions: 0.001ms
	UnloadStreamsBegin: 0.183ms
	PersistCurrentRevisions: 0.222ms
	UnloadStreamsEnd: 0.020ms
	GenerateScriptTypeHashes: 2.144ms
	Untracked: 16335.278ms
Application.AssetDatabase Initial Refresh End
Shader Hidden/ProbeVolume/VoxelizeScene is not supported: GPU does not support conservative rasterization
Shader Hidden/ProbeVolume/VoxelizeScene is not supported: GPU does not support conservative rasterization
Scanning for USB devices : 7.312ms
Initializing Unity extensions:
[MODES] ModeService[none].Initialize
[MODES] ModeService[none].LoadModes
[MODES] Loading mode Default (0) for mode-current-id-project
[PhysX] Initialized MultithreadedTaskDispatcher with 20 workers.
ProgressiveSceneManager::Cancel()
Unloading 64 Unused Serialized files (Serialized files now loaded: 0)
Unloading 121 unused Assets / (4.3 MB). Loaded Objects now: 3182.
Memory consumption went from 141.9 MB to 137.6 MB.
Total: 4.216900 ms (FindLiveObjects: 0.142700 ms CreateObjectMapping: 0.067500 ms MarkObjects: 2.543400 ms  DeleteObjects: 1.462400 ms)

Microsoft Media Foundation video decoding to texture disabled: graphics device is Null, only Direct3D 11 and Direct3D 12 (only on desktop) are supported for hardware-accelerated video decoding.
[Project] Loading completed in 24.219 seconds
	Project init time: 				20.999 seconds
		Template init time: 		0.000 seconds
		Package Manager init time: 		0.260 seconds
		Asset Database init time: 		0.611 seconds
		Global illumination init time: 	0.005 seconds
		Assemblies load time: 			0.468 seconds
		Unity extensions init time: 	0.002 seconds
		Asset Database refresh time: 	0.000 seconds
	Scene opening time: 			0.251 seconds
##utp:{"type":"ProjectInfo","version":2,"phase":"Immediate","time":1787660506258,"processId":43536,"projectLoad":24.218575,"projectInit":20.9992039,"templateInit":0.0,"packageManagerInit":0.2601,"assetDatabaseInit":0.6110807,"globalIlluminationInit":0.0047033,"assembliesLoad":0.4682003,"unityExtensionsInit":0.002281,"assetDatabaseRefresh":0.0,"sceneOpening":0.25078}
##utp:{"type":"EditorInfo","version":2,"phase":"Immediate","time":1787660506258,"processId":43536,"editorVersion":"2022.3.62f3c1 (1623fc0bbb97)","branch":"2022.3/china_unity/release","buildType":"Release","platform":"Windows"}
Running tests for EditMode
With test filter: VFXComposer.Tests.EditMode.W24S1.W24S1ContractAndTraceTests
Executing tests with settings: test mode = EditMode
UnityEngine.StackTraceUtility:ExtractStackTrace ()
UnityEngine.DebugLogHandler:LogFormat (UnityEngine.LogType,UnityEngine.Object,string,object[])
UnityEngine.Logger:Log (UnityEngine.LogType,object)
UnityEngine.Debug:Log (object)
UnityEditor.TestTools.TestRunner.CommandLineTest.Executer:InitializeAndExecuteRun (string[]) (at ./Library/PackageCache/com.unity.test-framework@1.1.33/UnityEditor.TestRunner/CommandLineTest/Executer.cs:47)
UnityEditor.TestTools.TestRunner.CommandLineTest.TestStarter:UpdateWatch () (at ./Library/PackageCache/com.unity.test-framework@1.1.33/UnityEditor.TestRunner/CommandLineTest/TestStarter.cs:50)
UnityEditor.EditorApplication:Internal_CallUpdateFunctions ()

(Filename: ./Library/PackageCache/com.unity.test-framework@1.1.33/UnityEditor.TestRunner/CommandLineTest/Executer.cs Line: 47)

[UnityConnectServicesConfig] config is NOT valid, switching to default
Created GICache directory at C:/Users/admin/AppData/LocalLow/Unity/Caches/GiCache. Took: 0.010s, timestamps: [24.227 - 24.237]
gi::BakeBackendSwitch: switching bake backend from 3 to 1.
GfxDevice renderer is null. Unity cannot update the Ambient Probe and Reflection Probes that the SkyManager generates. Run the Editor without the -nographics argument or generate lighting for your scene.
[PhysX] Initialized MultithreadedTaskDispatcher with 20 workers.
Unloading 1 Unused Serialized files (Serialized files now loaded: 0)
Unloading 0 unused Assets / (0 B). Loaded Objects now: 3199.
Memory consumption went from 122.4 MB to 122.4 MB.
Total: 3.992900 ms (FindLiveObjects: 0.107800 ms CreateObjectMapping: 0.053500 ms MarkObjects: 3.824100 ms  DeleteObjects: 0.006800 ms)

GfxDevice renderer is null. Unity cannot update the Ambient Probe and Reflection Probes that the SkyManager generates. Run the Editor without the -nographics argument or generate lighting for your scene.
DisplayProgressbar: Test Runner
[PhysX] Initialized MultithreadedTaskDispatcher with 20 workers.
Unloading 0 Unused Serialized files (Serialized files now loaded: 0)
Unloading 0 unused Assets / (0 B). Loaded Objects now: 3204.
Memory consumption went from 122.1 MB to 122.1 MB.
Total: 5.102100 ms (FindLiveObjects: 0.108600 ms CreateObjectMapping: 0.051800 ms MarkObjects: 4.931300 ms  DeleteObjects: 0.009300 ms)

Saving results to: D:\WorkWork\Assist\image_to_smart\.codex_tmp\w24-stage-regression-results\r1\s1-contract-trace.xml
[PhysX] Initialized MultithreadedTaskDispatcher with 20 workers.
Input System module state changed to: ShutdownInProgress.
Input System polling thread exited.
Input System module state changed to: Shutdown.
[Licensing::IpcConnector] LicenseClient-admin-2022.3.62-notifications channel disconnected successfully.
[Licensing::IpcConnector] LicenseClient-admin-2022.3.62 channel disconnected successfully.
Cleanup mono
[Performance] WinEditorMain                                                                                                                        :        1 samples, Peak.  2.94 s (1.0x), Avg.  2.94 s, Total. 2.941 s (11.4%)
[Performance] WinEditorMain.ConfigureCrashHandler                                                                                                  :        1 samples, Peak.  18.3 us (1.0x), Avg.  18.3 us, Total. 18.30 us (0.0%)
[Performance] WinEditorMain.CurlRequestInitialize                                                                                                  :        1 samples, Peak.   227 us (1.0x), Avg.   227 us, Total. 227.4 us (0.0%)
[Performance] WinEditorMain.SetupLogFile                                                                                                           :        1 samples, Peak.   138 us (1.0x), Avg.   138 us, Total. 137.6 us (0.0%)
[Performance] WinEditorMain.RunNativeTestsIfRequiredAndExit                                                                                        :        1 samples, Peak.   100 ns (1.0x), Avg.   100 ns, Total. 100.0 ns (0.0%)
[Performance] WinEditorMain.Licensing                                                                                                              :        1 samples, Peak.  2.82 s (1.0x), Avg.  2.82 s, Total. 2.815 s (11.0%)
[Performance] WinEditorMain.InitializeCrashHandler                                                                                                 :        1 samples, Peak.  16.3 ms (1.0x), Avg.  16.3 ms, Total. 16.27 ms (0.1%)
[Performance] WinEditorMain.CreateApplication                                                                                                      :        1 samples, Peak.  18.0 ms (1.0x), Avg.  18.0 ms, Total. 18.00 ms (0.1%)
[Performance] Application.InitializeProject                                                                                                        :        1 samples, Peak.  21.0 s (1.0x), Avg.  21.0 s, Total. 21.00 s (81.7%)
[Performance] Application.PackageManager.StartServer                                                                                               :        1 samples, Peak.  4.14 ms (1.0x), Avg.  4.14 ms, Total. 4.138 ms (0.0%)
[Performance] Application.AcquireProjectLock                                                                                                       :        1 samples, Peak.  2.46 ms (1.0x), Avg.  2.46 ms, Total. 2.462 ms (0.0%)
[Performance] Application.InitializeEngineNoGraphics                                                                                               :        1 samples, Peak.  49.3 ms (1.0x), Avg.  49.3 ms, Total. 49.28 ms (0.2%)
[Performance] Application.PackageManager.Initialize                                                                                                :        1 samples, Peak.   260 ms (1.0x), Avg.   260 ms, Total. 260.1 ms (1.0%)
[Performance] Connecting to Package Manager                                                                                                        :       27 samples, Peak.  46.2 us (15.0x), Avg.  3.07 us, Total. 83.00 us (0.0%)
[Performance] Application.EngineGraphics.Initialize                                                                                                :        1 samples, Peak.  79.8 ms (1.0x), Avg.  79.8 ms, Total. 79.79 ms (0.3%)
[Performance] Application.GI.Initialize                                                                                                            :        1 samples, Peak.  4.70 ms (1.0x), Avg.  4.70 ms, Total. 4.705 ms (0.0%)
[Performance] Application.LoadAllDefaultResourcesFromEditor                                                                                        :        1 samples, Peak.  1.62 ms (1.0x), Avg.  1.62 ms, Total. 1.625 ms (0.0%)
[Performance] Application.LoadMonoAssemblies                                                                                                       :        1 samples, Peak.   468 ms (1.0x), Avg.   468 ms, Total. 468.2 ms (1.8%)
[Performance] RestoreManagedReferences                                                                                                             :        2 samples, Peak.   217 ms (2.0x), Avg.   108 ms, Total. 216.9 ms (0.8%)
[Performance] InitializeOnLoad DrivenRectTransformUndo                                                                                             :        2 samples, Peak.   308 us (1.0x), Avg.   306 us, Total. 611.7 us (0.0%)
[Performance] InitializeOnLoad SceneSearch                                                                                                         :        2 samples, Peak.  94.7 us (1.0x), Avg.  92.0 us, Total. 184.0 us (0.0%)
[Performance] InitializeOnLoad CloudBuild                                                                                                          :        2 samples, Peak.  3.20 us (1.1x), Avg.  2.85 us, Total. 5.700 us (0.0%)
[Performance] InitializeOnLoad NativeFormatImporterUtility                                                                                         :        2 samples, Peak.  2.09 ms (1.2x), Avg.  1.71 ms, Total. 3.412 ms (0.0%)
[Performance] InitializeOnLoad SearchService                                                                                                       :        2 samples, Peak.   307 us (1.6x), Avg.   195 us, Total. 389.8 us (0.0%)
[Performance] InitializeOnLoad SettingsService                                                                                                     :        2 samples, Peak.  7.50 us (1.0x), Avg.  7.45 us, Total. 14.90 us (0.0%)
[Performance] InitializeOnLoad WindowLayout                                                                                                        :        2 samples, Peak.   745 us (1.3x), Avg.   596 us, Total. 1.191 ms (0.0%)
[Performance] InitializeOnLoad AssetStoreContext                                                                                                   :        2 samples, Peak.  20.7 ms (1.0x), Avg.  19.8 ms, Total. 39.59 ms (0.2%)
[Performance] InitializeOnLoad PoolManager                                                                                                         :        2 samples, Peak.   422 us (1.0x), Avg.   421 us, Total. 841.9 us (0.0%)
[Performance] InitializeOnLoad MixerEffectDefinitionReloader                                                                                       :        2 samples, Peak.  2.47 ms (1.4x), Avg.  1.83 ms, Total. 3.653 ms (0.0%)
[Performance] InitializeOnLoad ProjectSearch                                                                                                       :        2 samples, Peak.  54.1 us (1.1x), Avg.  49.9 us, Total. 99.80 us (0.0%)
[Performance] InitializeOnLoad UISystemProfilerRenderService                                                                                       :        2 samples, Peak.  6.20 us (1.1x), Avg.  5.65 us, Total. 11.30 us (0.0%)
[Performance] InitializeOnLoad EditMode                                                                                                            :        2 samples, Peak.   307 us (1.1x), Avg.   276 us, Total. 552.3 us (0.0%)
[Performance] InitializeOnLoad UnityConnect                                                                                                        :        2 samples, Peak.  35.6 us (1.1x), Avg.  33.2 us, Total. 66.40 us (0.0%)
[Performance] InitializeOnLoad ManagedDebugger                                                                                                     :        2 samples, Peak.   396 us (1.7x), Avg.   236 us, Total. 472.5 us (0.0%)
[Performance] InitializeOnLoad ShortcutIntegration                                                                                                 :        2 samples, Peak.  87.2 us (1.4x), Avg.  64.3 us, Total. 128.6 us (0.0%)
[Performance] InitializeOnLoad AddComponentWindow                                                                                                  :        2 samples, Peak.   108 us (1.2x), Avg.  87.2 us, Total. 174.4 us (0.0%)
[Performance] InitializeOnLoad ManagedDebuggerWindow                                                                                               :        2 samples, Peak.   102 us (1.1x), Avg.  91.0 us, Total. 182.1 us (0.0%)
[Performance] InitializeOnLoad CacheServerWindow                                                                                                   :        2 samples, Peak.  7.50 us (1.3x), Avg.  5.75 us, Total. 11.50 us (0.0%)
[Performance] InitializeOnLoad PlayModeDownload                                                                                                    :        2 samples, Peak.  4.58 ms (1.9x), Avg.  2.35 ms, Total. 4.708 ms (0.0%)
[Performance] InitializeOnLoad MenuItems                                                                                                           :        2 samples, Peak.   312 us (1.7x), Avg.   181 us, Total. 361.5 us (0.0%)
[Performance] InitializeOnLoad PrefabInstanceChangedListener                                                                                       :        2 samples, Peak.   121 us (1.1x), Avg.   115 us, Total. 229.3 us (0.0%)
[Performance] InitializeOnLoad ObjectSelectorSearch                                                                                                :        2 samples, Peak.  31.5 us (1.1x), Avg.  29.1 us, Total. 58.10 us (0.0%)
[Performance] InitializeOnLoad EditorMonitor                                                                                                       :        2 samples, Peak.   525 us (1.3x), Avg.   415 us, Total. 830.0 us (0.0%)
[Performance] InitializeOnLoad RetainedMode                                                                                                        :        2 samples, Peak.  1.99 ms (1.0x), Avg.  1.96 ms, Total. 3.928 ms (0.0%)
[Performance] InitializeOnLoad EditorShaderLoader                                                                                                  :        2 samples, Peak.   470 us (1.1x), Avg.   430 us, Total. 859.2 us (0.0%)
[Performance] InitializeOnLoad EditorDelegateRegistration                                                                                          :        2 samples, Peak.   346 us (1.1x), Avg.   307 us, Total. 613.5 us (0.0%)
[Performance] InitializeOnLoad UIDocumentHierarchyWatcher                                                                                          :        2 samples, Peak.  51.3 us (1.0x), Avg.  50.7 us, Total. 101.4 us (0.0%)
[Performance] InitializeOnLoad LiveReloadTrackerCreator                                                                                            :        2 samples, Peak.   159 us (1.3x), Avg.   123 us, Total. 245.7 us (0.0%)
[Performance] InitializeOnLoad UxmlObjectEditorFactories                                                                                           :        2 samples, Peak.   358 us (1.1x), Avg.   320 us, Total. 640.9 us (0.0%)
[Performance] InitializeOnLoad UXMLEditorFactories                                                                                                 :        2 samples, Peak.  42.5 ms (1.1x), Avg.  40.4 ms, Total. 80.84 ms (0.3%)
[Performance] InitializeOnLoad PurchasingService                                                                                                   :        2 samples, Peak.  6.52 ms (1.1x), Avg.  5.98 ms, Total. 11.97 ms (0.0%)
[Performance] InitializeOnLoad CloudBuildPoller                                                                                                    :        2 samples, Peak.   153 us (1.1x), Avg.   141 us, Total. 282.7 us (0.0%)
[Performance] InitializeOnLoad EditorGameServicesAnalytics                                                                                         :        2 samples, Peak.  2.70 ms (1.7x), Avg.  1.64 ms, Total. 3.270 ms (0.0%)
[Performance] InitializeOnLoad AnalyticsService                                                                                                    :        2 samples, Peak.   163 us (1.0x), Avg.   161 us, Total. 322.0 us (0.0%)
[Performance] InitializeOnLoad BuildService                                                                                                        :        2 samples, Peak.   103 us (1.0x), Avg.   101 us, Total. 201.7 us (0.0%)
[Performance] InitializeOnLoad AdsService                                                                                                          :        2 samples, Peak.   273 us (1.0x), Avg.   262 us, Total. 523.6 us (0.0%)
[Performance] InitializeOnLoad UDPService                                                                                                          :        2 samples, Peak.   115 us (1.0x), Avg.   113 us, Total. 225.8 us (0.0%)
[Performance] InitializeOnLoad CrashService                                                                                                        :        2 samples, Peak.   101 us (1.0x), Avg.  96.8 us, Total. 193.7 us (0.0%)
[Performance] InitializeOnLoad ServicesRepository                                                                                                  :        2 samples, Peak.  3.70 us (1.9x), Avg.  2.00 us, Total. 4.000 us (0.0%)
[Performance] InitializeOnLoad SearchWindow                                                                                                        :        2 samples, Peak.   104 us (1.1x), Avg.  90.9 us, Total. 181.8 us (0.0%)
[Performance] InitializeOnLoad CustomIndexers                                                                                                      :        2 samples, Peak.  14.1 ms (1.2x), Avg.  11.9 ms, Total. 23.75 ms (0.1%)
[Performance] InitializeOnLoad SearchMonitor                                                                                                       :        2 samples, Peak.  1.04 ms (1.3x), Avg.   806 us, Total. 1.612 ms (0.0%)
[Performance] InitializeOnLoad ParameterControllerEditor                                                                                           :        2 samples, Peak.  15.3 us (1.1x), Avg.  14.1 us, Total. 28.10 us (0.0%)
[Performance] InitializeOnLoad LayerSettingsWindow                                                                                                 :        2 samples, Peak.  26.3 us (1.8x), Avg.  14.6 us, Total. 29.10 us (0.0%)
[Performance] InitializeOnLoad PackageManagerHookGUIDConverter.RegisterPackagesEventHandler                                                        :        2 samples, Peak.   550 us (1.7x), Avg.   319 us, Total. 637.9 us (0.0%)
[Performance] InitializeOnLoad EditorDragAndDrop.RegisterEditorClient                                                                              :        2 samples, Peak.   165 us (1.0x), Avg.   159 us, Total. 317.6 us (0.0%)
[Performance] InitializeOnLoad EditorEventCallbacks.InitializeFontAssetResourceChangeCallBacks                                                     :        2 samples, Peak.   942 us (1.0x), Avg.   905 us, Total. 1.811 ms (0.0%)
[Performance] InitializeOnLoad SceneTemplateService.Init                                                                                           :        2 samples, Peak.   929 us (1.0x), Avg.   892 us, Total. 1.784 ms (0.0%)
[Performance] InitializeOnLoad DiagnosticSwitchesConsoleMessage.Init                                                                               :        2 samples, Peak.  3.56 ms (1.6x), Avg.  2.17 ms, Total. 4.342 ms (0.0%)
[Performance] InitializeOnLoad MemoryProfilerCompilationGuard.InjectCompileGuard                                                                   :        2 samples, Peak.   126 us (1.4x), Avg.  93.0 us, Total. 186.1 us (0.0%)
[Performance] InitializeOnLoad EditorWindow.Initialize                                                                                             :        2 samples, Peak.   173 us (1.1x), Avg.   161 us, Total. 322.5 us (0.0%)
[Performance] InitializeOnLoad AssetPostprocessingInternal.RefreshCustomDependencies                                                               :        2 samples, Peak.  2.85 ms (1.5x), Avg.  1.89 ms, Total. 3.789 ms (0.0%)
[Performance] InitializeOnLoad SysrootManager.Initialize                                                                                           :        2 samples, Peak.  9.60 us (1.0x), Avg.  9.35 us, Total. 18.70 us (0.0%)
[Performance] InitializeOnLoad PackageManagerWindow.EditorInitializedInSafeMode                                                                    :        2 samples, Peak.  23.1 ms (2.0x), Avg.  11.6 ms, Total. 23.17 ms (0.1%)
[Performance] InitializeOnLoad ToolShortcutContext.Init                                                                                            :        2 samples, Peak.  94.4 us (1.1x), Avg.  87.4 us, Total. 174.9 us (0.0%)
[Performance] InitializeOnLoad SceneVisibilityManager.Initialize                                                                                   :        2 samples, Peak.  3.71 ms (1.7x), Avg.  2.16 ms, Total. 4.317 ms (0.0%)
[Performance] InitializeOnLoad ScopedRegistryAddedPopup.SubscribeToRegistriesAdded                                                                 :        2 samples, Peak.  6.14 ms (2.0x), Avg.  3.11 ms, Total. 6.226 ms (0.0%)
[Performance] AssemblyReloadEvents.afterAssemblyReload: UnityEditor.SceneTemplate.SceneTemplateService.AfterAssemblyReload                         :        2 samples, Peak.  2.88 ms (1.9x), Avg.  1.55 ms, Total. 3.090 ms (0.0%)
[Performance] ProcessService.EditorAfterLoadAllAssemblies                                                                                          :        2 samples, Peak.   262 us (1.2x), Avg.   217 us, Total. 434.5 us (0.0%)
[Performance] Application.ReadLicenseInfo                                                                                                          :        1 samples, Peak.  12.9 ms (1.0x), Avg.  12.9 ms, Total. 12.86 ms (0.1%)
[Performance] Application.InitialRefresh                                                                                                           :        1 samples, Peak.  18.7 s (1.0x), Avg.  18.7 s, Total. 18.69 s (72.7%)
[Performance] Compiling Scripts                                                                                                                    :        1 samples, Peak.   665 ms (1.0x), Avg.   665 ms, Total. 665.1 ms (2.6%)
[Performance] AssemblyReloadEvents.beforeAssemblyReload: UnityEditor.SceneTemplate.SceneTemplateService.BeforeAssemblyReload                       :        1 samples, Peak.   366 us (1.0x), Avg.   366 us, Total. 365.5 us (0.0%)
[Performance] InitializeOnLoad S14SlashWysiwygCapture                                                                                              :        1 samples, Peak.   241 us (1.0x), Avg.   241 us, Total. 241.2 us (0.0%)
[Performance] InitializeOnLoad BurstLoader                                                                                                         :        1 samples, Peak.  1.66 s (1.0x), Avg.  1.66 s, Total. 1.664 s (6.5%)
[Performance] InitializeOnLoad ShadowCasterGroup2DManager                                                                                          :        1 samples, Peak.   120 us (1.0x), Avg.   120 us, Total. 120.1 us (0.0%)
[Performance] InitializeOnLoad ProbeGIBaking                                                                                                       :        1 samples, Peak.  1.73 ms (1.0x), Avg.  1.73 ms, Total. 1.735 ms (0.0%)
[Performance] InitializeOnLoad FilterWindow                                                                                                        :        1 samples, Peak.  33.7 us (1.0x), Avg.  33.7 us, Total. 33.70 us (0.0%)
[Performance] InitializeOnLoad RealtimeProbeSubdivisionDebug                                                                                       :        1 samples, Peak.   240 us (1.0x), Avg.   240 us, Total. 239.8 us (0.0%)
[Performance] InitializeOnLoad NodeClassCache                                                                                                      :        1 samples, Peak.  8.10 us (1.0x), Avg.  8.10 us, Total. 8.100 us (0.0%)
[Performance] InitializeOnLoad ShaderGraphMaterialsUpdater                                                                                         :        2 samples, Peak.   313 us (1.6x), Avg.   192 us, Total. 385.0 us (0.0%)
[Performance] InitializeOnLoad PrefabLayoutRebuilder                                                                                               :        1 samples, Peak.   353 us (1.0x), Avg.   353 us, Total. 353.5 us (0.0%)
[Performance] InitializeOnLoad SpriteEditorWindow                                                                                                  :        1 samples, Peak.   273 us (1.0x), Avg.   273 us, Total. 272.8 us (0.0%)
[Performance] InitializeOnLoad BackgroundWatcher                                                                                                   :        1 samples, Peak.  87.5 us (1.0x), Avg.  87.5 us, Total. 87.50 us (0.0%)
[Performance] InitializeOnLoad UnityTestProtocolStarter                                                                                            :        1 samples, Peak.   122 us (1.0x), Avg.   122 us, Total. 122.2 us (0.0%)
[Performance] InitializeOnLoad TestStarter                                                                                                         :        1 samples, Peak.  1.16 ms (1.0x), Avg.  1.16 ms, Total. 1.159 ms (0.0%)
[Performance] InitializeOnLoad RerunCallbackInitializer                                                                                            :        1 samples, Peak.  1.52 ms (1.0x), Avg.  1.52 ms, Total. 1.517 ms (0.0%)
[Performance] InitializeOnLoad Renderer2DAnalytics                                                                                                 :        1 samples, Peak.  69.4 us (1.0x), Avg.  69.4 us, Total. 69.40 us (0.0%)
[Performance] InitializeOnLoad EditorToolManager                                                                                                   :        1 samples, Peak.  1.79 ms (1.0x), Avg.  1.79 ms, Total. 1.785 ms (0.0%)
[Performance] InitializeOnLoad MaterialReimporter.RegisterUpgraderReimport                                                                         :        2 samples, Peak.   596 us (1.9x), Avg.   308 us, Total. 616.4 us (0.0%)
[Performance] InitializeOnLoad SysrootPackage.IssueWarningIfLinuxIL2CPPNotPresent                                                                  :        1 samples, Peak.   140 us (1.0x), Avg.   140 us, Total. 139.7 us (0.0%)
[Performance] InitializeOnLoad TestJobDataHolder.ResumeRunningJobs                                                                                 :        1 samples, Peak.   660 us (1.0x), Avg.   660 us, Total. 659.9 us (0.0%)
[Performance] InitializeOnLoad AnalyticsReporter.RegisterCallbacks                                                                                 :        1 samples, Peak.   168 us (1.0x), Avg.   168 us, Total. 168.2 us (0.0%)
[Performance] InitializeOnLoad DebugManagerWindowLifetimeAnalytic.SubscribeToDebugManagerOpenCloseWindows                                          :        1 samples, Peak.   563 us (1.0x), Avg.   563 us, Total. 563.0 us (0.0%)
[Performance] InitializeOnLoad CoreRenderPipelinePreferences.InitPreferenceProviders                                                               :        1 samples, Peak.  37.2 ms (1.0x), Avg.  37.2 ms, Total. 37.22 ms (0.1%)
[Performance] InitializeOnLoad VolumeGizmoDrawer.InitVolumeGizmoCallbacks                                                                          :        1 samples, Peak.   275 us (1.0x), Avg.   275 us, Total. 274.7 us (0.0%)
[Performance] DidReloadScriptsTestRunnerWindow.CompilationCallback                                                                                 :        1 samples, Peak.   705 us (1.0x), Avg.   705 us, Total. 704.7 us (0.0%)
[Performance] DidReloadScriptsTestListCache.ScriptReloaded                                                                                         :        1 samples, Peak.   917 us (1.0x), Avg.   917 us, Total. 916.6 us (0.0%)
[Performance] DidReloadScriptsLookDev.OnEditorReload                                                                                               :        1 samples, Peak.   178 us (1.0x), Avg.   178 us, Total. 177.6 us (0.0%)
[Performance] DidReloadScriptsDebugWindow.OnEditorReload                                                                                           :        1 samples, Peak.  17.7 ms (1.0x), Avg.  17.7 ms, Total. 17.71 ms (0.1%)
[Performance] DidReloadScriptsVolumeComponentEditor.OnEditorReload                                                                                 :        1 samples, Peak.  22.6 ms (1.0x), Avg.  22.6 ms, Total. 22.57 ms (0.1%)
[Performance] DidReloadScriptsAdvancedDropdownWindow.OnScriptReload                                                                                :        1 samples, Peak.   198 us (1.0x), Avg.   198 us, Total. 198.4 us (0.0%)
[Performance] UniversalRenderPipelineGlobalSettingsPostprocessor.OnPostprocessAllAssets                                                            :        2 samples, Peak.  1.21 ms (1.0x), Avg.  1.16 ms, Total. 2.318 ms (0.0%)
[Performance] SyncVS.PostprocessSyncProject                                                                                                        :        1 samples, Peak.   892 us (1.0x), Avg.   892 us, Total. 891.5 us (0.0%)
[Performance] Application.ImportPackagesAndSetTemplateWhenCreatingProject                                                                          :        1 samples, Peak.  11.3 ms (1.0x), Avg.  11.3 ms, Total. 11.31 ms (0.0%)
[Performance] Application.SyncCurrentColorSpace                                                                                                    :        1 samples, Peak.  13.3 ms (1.0x), Avg.  13.3 ms, Total. 13.30 ms (0.1%)
[Performance] Application.OnUsbDevicesChanged                                                                                                      :        1 samples, Peak.  7.37 ms (1.0x), Avg.  7.37 ms, Total. 7.370 ms (0.0%)
[Performance] Application.AssetInstanceCacheUpdate                                                                                                 :        1 samples, Peak.   300 ns (1.0x), Avg.   300 ns, Total. 300.0 ns (0.0%)
[Performance] Application.UnityExtensions.Initialize                                                                                               :        1 samples, Peak.  2.28 ms (1.0x), Avg.  2.28 ms, Total. 2.282 ms (0.0%)
[Performance] CodeEditorProjectSync.SyncEditorProject                                                                                              :        1 samples, Peak.   125 us (1.0x), Avg.   125 us, Total. 125.0 us (0.0%)
[Performance] Application.ExecuteStartups                                                                                                          :        1 samples, Peak.  39.8 ms (1.0x), Avg.  39.8 ms, Total. 39.77 ms (0.2%)
[Performance] Menu.RegisterMenuInterface                                                                                                           :       26 samples, Peak.   600 ns (4.2x), Avg.   142 ns, Total. 3.700 us (0.0%)
[Performance] Gizmo.RebuildRenderers                                                                                                               :        1 samples, Peak.  38.8 ms (1.0x), Avg.  38.8 ms, Total. 38.75 ms (0.2%)
[Performance] Gizmo.AddGizmoRenderers                                                                                                              :       61 samples, Peak.  1.18 ms (38.1x), Avg.  31.0 us, Total. 1.890 ms (0.0%)
[Performance] Application.editorInitializingProject                                                                                                :        1 samples, Peak.  15.5 us (1.0x), Avg.  15.5 us, Total. 15.50 us (0.0%)
[Performance] Application.FinishLoadingProject                                                                                                     :        1 samples, Peak.   251 ms (1.0x), Avg.   251 ms, Total. 250.8 ms (1.0%)
[Performance] Application.InitializeMenu                                                                                                           :        1 samples, Peak.  53.7 ms (1.0x), Avg.  53.7 ms, Total. 53.75 ms (0.2%)
[Performance] Menu.RebuildAll                                                                                                                      :        1 samples, Peak.  53.7 ms (1.0x), Avg.  53.7 ms, Total. 53.74 ms (0.2%)
[Performance] Menu.BuildRegisteredMenuInterfaces                                                                                                   :        1 samples, Peak.  51.7 ms (1.0x), Avg.  51.7 ms, Total. 51.68 ms (0.2%)
[Performance] Menu.FilterMenuItem                                                                                                                  :      744 samples, Peak.  30.1 ms (738.2x), Avg.  40.8 us, Total. 30.37 ms (0.1%)
[Performance] UpdateAllMenus                                                                                                                       :        1 samples, Peak.   500 us (1.0x), Avg.   500 us, Total. 500.1 us (0.0%)
[Performance] Menu.RebuildOSMainMenu                                                                                                               :        1 samples, Peak.  1.43 ms (1.0x), Avg.  1.43 ms, Total. 1.435 ms (0.0%)
[Performance] EditorSceneManager.sceneClosing: UnityEditor.SceneVisibilityManager.EditorSceneManagerOnSceneClosing                                 :        3 samples, Peak.   246 us (2.9x), Avg.  85.7 us, Total. 257.0 us (0.0%)
[Performance] GUIView.RepaintAll.PlayerLoopController                                                                                              :        6 samples, Peak.  1.20 us (1.8x), Avg.   683 ns, Total. 4.100 us (0.0%)
[Performance] EditorSceneManager.newSceneCreated: UnityEditor.SceneTemplate.SceneTemplateService.OnNewSceneCreated                                 :        3 samples, Peak.   227 us (2.9x), Avg.  77.5 us, Total. 232.4 us (0.0%)
[Performance] EditorSceneManager.newSceneCreated: UnityEditor.SceneVisibilityManager.EditorSceneManagerOnNewSceneCreated                           :        3 samples, Peak.   157 us (2.7x), Avg.  57.7 us, Total. 173.0 us (0.0%)
[Performance] EditorSceneManager.newSceneCreated: UnityEditor.SceneManagement.StageNavigationManager.OnNewSceneCreated                             :        3 samples, Peak.  44.1 us (2.8x), Avg.  15.8 us, Total. 47.30 us (0.0%)
[Performance] Application.InvokeFinishedLoadingProject                                                                                             :        1 samples, Peak.   165 ms (1.0x), Avg.   165 ms, Total. 164.6 ms (0.6%)
[Performance] ProcessService.OnProjectLoaded                                                                                                       :        1 samples, Peak.  41.8 us (1.0x), Avg.  41.8 us, Total. 41.80 us (0.0%)
[Performance] VersionControl.Task.Wait                                                                                                             :        1 samples, Peak.  8.70 us (1.0x), Avg.  8.70 us, Total. 8.700 us (0.0%)
[Performance] Application.InvokeProjectWasLoaded                                                                                                   :        1 samples, Peak.  34.4 us (1.0x), Avg.  34.4 us, Total. 34.40 us (0.0%)
[Performance] Application.Message                                                                                                                  :       30 samples, Peak.  83.2 us (12.5x), Avg.  6.65 us, Total. 199.5 us (0.0%)
[Performance] Application.Message.Timer                                                                                                            :        4 samples, Peak.  39.6 us (1.3x), Avg.  30.2 us, Total. 120.7 us (0.0%)
[Performance] Application.Message.WM_0031F                                                                                                         :        1 samples, Peak.  5.00 us (1.0x), Avg.  5.00 us, Total. 5.000 us (0.0%)
[Performance] Application.Tick                                                                                                                     :       29 samples, Peak.   257 ms (8.1x), Avg.  31.8 ms, Total. 921.7 ms (3.6%)
[Performance] CheckLicensingClient                                                                                                                 :        1 samples, Peak.  11.1 us (1.0x), Avg.  11.1 us, Total. 11.10 us (0.0%)
[Performance] CheckLicensingClientNotification                                                                                                     :        1 samples, Peak.  13.6 us (1.0x), Avg.  13.6 us, Total. 13.60 us (0.0%)
[Performance] LicenseActivated.Tick                                                                                                                :        1 samples, Peak.  13.6 us (1.0x), Avg.  13.6 us, Total. 13.60 us (0.0%)
[Performance] Application.TickVersionControl                                                                                                       :       30 samples, Peak.  2.10 us (1.9x), Avg.  1.12 us, Total. 33.50 us (0.0%)
[Performance] MonoCompiler.Tick                                                                                                                    :        4 samples, Peak.  5.00 us (1.9x), Avg.  2.60 us, Total. 10.40 us (0.0%)
[Performance] UnityConnect.Tick                                                                                                                    :        8 samples, Peak.  5.69 ms (7.8x), Avg.   725 us, Total. 5.802 ms (0.0%)
[Performance] UnityVersionControl.Tick                                                                                                             :        8 samples, Peak.   900 ns (4.0x), Avg.   225 ns, Total. 1.800 us (0.0%)
[Performance] CurlRequest.Tick                                                                                                                     :        6 samples, Peak.   172 us (4.5x), Avg.  38.1 us, Total. 228.4 us (0.0%)
[Performance] HubClient.Tick                                                                                                                       :        6 samples, Peak.   600 ns (3.6x), Avg.   167 ns, Total. 1.000 us (0.0%)
[Performance] AssetDatabase.Tick                                                                                                                   :        6 samples, Peak.  65.6 us (5.9x), Avg.  11.1 us, Total. 66.50 us (0.0%)
[Performance] SceneBackgroundTask.Tick                                                                                                             :        5 samples, Peak.   600 ns (2.0x), Avg.   300 ns, Total. 1.500 us (0.0%)
[Performance] Scheduler.Tick                                                                                                                       :       15 samples, Peak.  1.74 ms (14.4x), Avg.   121 us, Total. 1.815 ms (0.0%)
[Performance] RepaintAllProfilerWindows                                                                                                            :        2 samples, Peak.   232 us (2.0x), Avg.   116 us, Total. 232.2 us (0.0%)
[Performance] PlayerUpdates.Tick                                                                                                                   :        8 samples, Peak.  18.4 us (1.4x), Avg.  13.6 us, Total. 108.5 us (0.0%)
[Performance] Application.TickGlobalCallbacks                                                                                                      :       30 samples, Peak.  26.3 ms (25.2x), Avg.  1.04 ms, Total. 31.26 ms (0.1%)
[Performance] CoreBusinessMetrics.Tick                                                                                                             :        1 samples, Peak.  50.0 us (1.0x), Avg.  50.0 us, Total. 50.00 us (0.0%)
[Performance] EditorAnalytics.Tick                                                                                                                 :        4 samples, Peak.  8.00 us (3.6x), Avg.  2.23 us, Total. 8.900 us (0.0%)
[Performance] GI.Tick                                                                                                                              :        8 samples, Peak.  3.88 ms (7.0x), Avg.   555 us, Total. 4.442 ms (0.0%)
[Performance] Video.Update                                                                                                                         :       30 samples, Peak.  1.20 us (2.1x), Avg.   563 ns, Total. 16.90 us (0.0%)
[Performance] UnitySynchronization.ExecuteTasks                                                                                                    :        8 samples, Peak.  4.10 us (1.8x), Avg.  2.27 us, Total. 18.20 us (0.0%)
[Performance] Application.TickPreloadManager                                                                                                       :       30 samples, Peak.  7.60 us (1.8x), Avg.  4.32 us, Total. 129.5 us (0.0%)
[Performance] Application.TickProgress                                                                                                             :       30 samples, Peak.  2.29 ms (29.5x), Avg.  77.6 us, Total. 2.329 ms (0.0%)
[Performance] Application.TickSceneTracker                                                                                                         :       29 samples, Peak.   257 ms (8.9x), Avg.  28.9 ms, Total. 837.1 ms (3.3%)
[Performance] EditorApplication.update                                                                                                             :       29 samples, Peak.   257 ms (8.9x), Avg.  28.9 ms, Total. 836.8 ms (3.3%)
[Performance] EditorApplication.update: UnityEngine.Rendering.ProbeSubdivisionContext+RealtimeProbeSubdivisionDebug.UpdateRealtimeSubdivisionDebug :       30 samples, Peak.  2.25 ms (29.4x), Avg.  76.7 us, Total. 2.302 ms (0.0%)
[Performance] EditorApplication.update: UnityEditor.TestTools.TestRunner.CommandLineTest.TestStarter.UpdateWatch                                   :        1 samples, Peak.  36.0 ms (1.0x), Avg.  36.0 ms, Total. 35.97 ms (0.1%)
[Performance] EditorApplication.update: callback in UnityEditor.Rendering.Universal.MaterialReimporter                                             :       30 samples, Peak.  7.43 ms (29.4x), Avg.   253 us, Total. 7.584 ms (0.0%)
[Performance] EditorApplication.update: UnityEditor.PackageManager.UI.Internal.ApplicationProxy.OnUpdate                                           :       30 samples, Peak.   509 us (26.5x), Avg.  19.2 us, Total. 575.0 us (0.0%)
[Performance] EditorApplication.update: UnityEditor.SceneManagement.StageNavigationManager.Update                                                  :       30 samples, Peak.   347 us (28.7x), Avg.  12.1 us, Total. 362.4 us (0.0%)
[Performance] ConsoleLog.Tick                                                                                                                      :        4 samples, Peak.   208 us (3.3x), Avg.  63.9 us, Total. 255.7 us (0.0%)
[Performance] HierarchyWindow.Tick                                                                                                                 :        4 samples, Peak.   733 us (3.5x), Avg.   211 us, Total. 843.7 us (0.0%)
[Performance] EditorApplication.hierarchyChanged: Unity.UIElements.Editor.UIDocumentHierarchyWatcher.OnHierarchyChanged                            :        2 samples, Peak.   379 us (1.9x), Avg.   195 us, Total. 389.6 us (0.0%)
[Performance] Inspector.Tick                                                                                                                       :        4 samples, Peak.  37.9 ms (4.0x), Avg.  9.48 ms, Total. 37.93 ms (0.1%)
[Performance] EditorApplication.delayCall: UnityEditor.ShortcutManagement.ShortcutIntegration.EnsureShortcutsAreInitialized                        :        1 samples, Peak.  36.2 ms (1.0x), Avg.  36.2 ms, Total. 36.21 ms (0.1%)
[Performance] EditorApplication.delayCall: callback in UnityEditor.EditorWindow                                                                    :        1 samples, Peak.  1.11 ms (1.0x), Avg.  1.11 ms, Total. 1.112 ms (0.0%)
[Performance] EditorApplication.delayCall: callback in UnityEditor.EditorTools.ToolShortcutContext                                                 :        1 samples, Peak.   196 us (1.0x), Avg.   196 us, Total. 195.9 us (0.0%)
[Performance] EditorApplication.delayCall: callback in UnityEditor.SceneVisibilityManager                                                          :        1 samples, Peak.  94.5 us (1.0x), Avg.  94.5 us, Total. 94.50 us (0.0%)
[Performance] Tooltip.Tick                                                                                                                         :        7 samples, Peak.   118 us (3.7x), Avg.  31.9 us, Total. 223.2 us (0.0%)
[Performance] Application.RequestRepaintForPanels                                                                                                  :       29 samples, Peak.   389 us (23.2x), Avg.  16.8 us, Total. 486.3 us (0.0%)
[Performance] Application.UpdateScene                                                                                                              :       29 samples, Peak.   154 us (5.3x), Avg.  29.3 us, Total. 850.4 us (0.0%)
[Performance] Application.UpdateTextureStreaming                                                                                                   :       29 samples, Peak.   500 ns (1.9x), Avg.   266 ns, Total. 7.700 us (0.0%)
[Performance] Application.UpdateVideoTextures                                                                                                      :       29 samples, Peak.   700 ns (2.6x), Avg.   269 ns, Total. 7.800 us (0.0%)
[Performance] PackageImporter.Tick                                                                                                                 :        4 samples, Peak.   300 ns (1.3x), Avg.   225 ns, Total. 900.0 ns (0.0%)
[Performance] InspectorBackground.Tick                                                                                                             :        4 samples, Peak.  1.60 us (2.1x), Avg.   750 ns, Total. 3.000 us (0.0%)
[Performance] BurstDebug.Tick                                                                                                                      :        2 samples, Peak.   900 ns (1.3x), Avg.   700 ns, Total. 1.400 us (0.0%)
[Performance] Application.ChangeLayoutIfNeeded                                                                                                     :       29 samples, Peak.   100 ns (2.2x), Avg.  44.8 ns, Total. 1.300 us (0.0%)
[Performance] AsyncReadManager.ForceCloseFiles                                                                                                     :        1 samples, Peak.  24.1 us (1.0x), Avg.  24.1 us, Total. 24.10 us (0.0%)
[Performance] EditorApplication.update: UnityEditor.TestTools.TestRunner.TestRun.TestJobRunner.ExecuteStep                                         :       29 samples, Peak.   207 ms (13.2x), Avg.  15.7 ms, Total. 455.9 ms (1.8%)
[Performance] GUIView.RepaintAll.RepaintScene                                                                                                      :       26 samples, Peak.   800 ns (1.7x), Avg.   462 ns, Total. 12.00 us (0.0%)
[Performance] Application.Idle                                                                                                                     :       13 samples, Peak.  3.38 ms (1.2x), Avg.  2.81 ms, Total. 36.54 ms (0.1%)
[Performance] EditorApplication.update: UnityEditor.TestTools.TestRunner.EditModeRunnerCallback.DisplayProgressBar                                 :        9 samples, Peak.   167 us (4.9x), Avg.  34.2 us, Total. 308.2 us (0.0%)
[Performance] EditorApplication.update: UnityEditor.TestTools.TestRunner.EditModeRunner.TestConsumer                                               :        8 samples, Peak.   257 ms (6.2x), Avg.  41.6 ms, Total. 332.5 ms (1.3%)
[Performance] Application.Shutdown.SaveDefaultWindowPreferences                                                                                    :        1 samples, Peak.  97.0 us (1.0x), Avg.  97.0 us, Total. 97.00 us (0.0%)
[Performance] Application.Shutdown.SaveSceneManagerSetup                                                                                           :        1 samples, Peak.   273 us (1.0x), Avg.   273 us, Total. 272.7 us (0.0%)
[Performance] Application.Shutdown.CleanupAllContainerWindows                                                                                      :        1 samples, Peak.   900 ns (1.0x), Avg.   900 ns, Total. 900.0 ns (0.0%)
[Performance] EditorApplication.quitting: Unity.Burst.Editor.BurstLoader.OnEditorApplicationQuitting                                               :        1 samples, Peak.  28.0 us (1.0x), Avg.  28.0 us, Total. 28.00 us (0.0%)
[Performance] EditorApplication.quitting: callback in UnityEditor.TextCore.Text.EditorEventCallbacks                                               :        1 samples, Peak.  13.5 ms (1.0x), Avg.  13.5 ms, Total. 13.52 ms (0.1%)
[Performance] Application.Shutdown.PauseProfilerSession                                                                                            :        1 samples, Peak.  20.5 us (1.0x), Avg.  20.5 us, Total. 20.50 us (0.0%)
[Performance] Application.Shutdown.PauseAssetImportWorkers                                                                                         :        1 samples, Peak.   237 us (1.0x), Avg.   237 us, Total. 237.3 us (0.0%)
[Performance] Application.Shutdown.SaveAssets                                                                                                      :        1 samples, Peak.  6.27 ms (1.0x), Avg.  6.27 ms, Total. 6.272 ms (0.0%)
[Performance] BuilderAssetModificationProcessor.OnWillSaveAssets                                                                                   :        1 samples, Peak.   473 us (1.0x), Avg.   473 us, Total. 472.7 us (0.0%)
[Performance] TerrainModificationProcessor.OnWillSaveAssets                                                                                        :        1 samples, Peak.   461 us (1.0x), Avg.   461 us, Total. 461.2 us (0.0%)
[Performance] AssetDatabase.ImportAssets                                                                                                           :        2 samples, Peak.  1.00 us (2.0x), Avg.   500 ns, Total. 1.000 us (0.0%)
[Performance] Application.Shutdown.CleanupRenderPipeline                                                                                           :        1 samples, Peak.  6.10 us (1.0x), Avg.  6.10 us, Total. 6.100 us (0.0%)
[Performance] Application.Shutdown.StopPreloadManager                                                                                              :        1 samples, Peak.  9.88 ms (1.0x), Avg.  9.88 ms, Total. 9.877 ms (0.0%)
[Performance] Application.Shutdown.DestroyWorld                                                                                                    :        1 samples, Peak.   422 us (1.0x), Avg.   422 us, Total. 422.2 us (0.0%)
[Performance] Application.Shutdown.CleanupAfterLoad                                                                                                :        1 samples, Peak.   108 ms (1.0x), Avg.   108 ms, Total. 108.4 ms (0.4%)
[Performance] Application.Shutdown.Progress                                                                                                        :        1 samples, Peak.  6.30 us (1.0x), Avg.  6.30 us, Total. 6.300 us (0.0%)
[Performance] Application.Shutdown.GICleanupManagers                                                                                               :        1 samples, Peak.   512 us (1.0x), Avg.   512 us, Total. 512.1 us (0.0%)
[Performance] Application.Shutdown.MenuCleanupClass                                                                                                :        1 samples, Peak.   304 us (1.0x), Avg.   304 us, Total. 303.6 us (0.0%)
[Performance] Application.Shutdown.ADBSaveStateBeforeShutdown                                                                                      :        1 samples, Peak.  8.70 us (1.0x), Avg.  8.70 us, Total. 8.700 us (0.0%)
[Performance] Application.Shutdown.RemoteShutdown                                                                                                  :        1 samples, Peak.   800 ns (1.0x), Avg.   800 ns, Total. 800.0 ns (0.0%)
[Performance] Application.Shutdown.CleanupVCProvider                                                                                               :        1 samples, Peak.  8.30 us (1.0x), Avg.  8.30 us, Total. 8.300 us (0.0%)
[Performance] Application.Shutdown.InputShutdown                                                                                                   :        1 samples, Peak.   300 ns (1.0x), Avg.   300 ns, Total. 300.0 ns (0.0%)
[Performance] Application.Shutdown.GizmoManagerDestroy                                                                                             :        1 samples, Peak.   723 us (1.0x), Avg.   723 us, Total. 723.1 us (0.0%)
[Performance] Application.Shutdown.ProfilerSession                                                                                                 :        1 samples, Peak.   173 us (1.0x), Avg.   173 us, Total. 173.1 us (0.0%)
[Performance] Application.Shutdown.ReleaseGfxWindowOnAllGUIViews                                                                                   :        1 samples, Peak.   300 ns (1.0x), Avg.   300 ns, Total. 300.0 ns (0.0%)
[Performance] Application.Shutdown.CleanupEngine                                                                                                   :        1 samples, Peak.   108 ms (1.0x), Avg.   108 ms, Total. 108.3 ms (0.4%)
[Performance] Application.Shutdown.CleanupAssetDatabase                                                                                            :        1 samples, Peak.  5.40 ms (1.0x), Avg.  5.40 ms, Total. 5.405 ms (0.0%)
[Performance] Application.Shutdown.ScriptCompilationCleanUp                                                                                        :        1 samples, Peak.  17.5 ms (1.0x), Avg.  17.5 ms, Total. 17.51 ms (0.1%)
[Performance] Application.Shutdown.DestroyJobSystem                                                                                                :        1 samples, Peak.   417 us (1.0x), Avg.   417 us, Total. 416.5 us (0.0%)
[Performance] Application.Shutdown.CleanupPersistentManager                                                                                        :        1 samples, Peak.   849 us (1.0x), Avg.   849 us, Total. 848.6 us (0.0%)
[Performance] Application.Shutdown.CleanupAsyncReadManager                                                                                         :        1 samples, Peak.   215 us (1.0x), Avg.   215 us, Total. 214.6 us (0.0%)
[Performance] Application.Shutdown.CleanupProgressBar                                                                                              :        1 samples, Peak.   300 ns (1.0x), Avg.   300 ns, Total. 300.0 ns (0.0%)
[Performance] Application.Shutdown.CleanupMono                                                                                                     :        1 samples, Peak.  79.8 ms (1.0x), Avg.  79.8 ms, Total. 79.79 ms (0.3%)
[Performance] Application.Shutdown.CleanupStdConverters                                                                                            :        1 samples, Peak.  7.40 us (1.0x), Avg.  7.40 us, Total. 7.400 us (0.0%)
[Performance] Application.Shutdown.UnloadAllPlatformSupportModuleNativeDlls                                                                        :        1 samples, Peak.   400 ns (1.0x), Avg.   400 ns, Total. 400.0 ns (0.0%)
[Performance] Application.Shutdown.UnloadAllPlatformSupportNativeLibraries                                                                         :        1 samples, Peak. 0.0 (-nan(ind)x), Avg. 0.0, Total. 0.0 (0.0%)
[Performance] Application.Shutdown.CleanupAutoDocumentation                                                                                        :        1 samples, Peak.   300 us (1.0x), Avg.   300 us, Total. 299.9 us (0.0%)
[Performance] Application.Shutdown.ShaderNameManagerDestroy                                                                                        :        1 samples, Peak.  36.8 us (1.0x), Avg.  36.8 us, Total. 36.80 us (0.0%)
[Performance] Application.Shutdown.CleanupCacheServer                                                                                              :        1 samples, Peak.   100 ns (1.0x), Avg.   100 ns, Total. 100.0 ns (0.0%)
[Performance] Application.Shutdown.Virtualization_Shutdown                                                                                         :        1 samples, Peak.   400 ns (1.0x), Avg.   400 ns, Total. 400.0 ns (0.0%)
[Performance] Application.Shutdown.DevConnections                                                                                                  :        1 samples, Peak.   207 us (1.0x), Avg.   207 us, Total. 207.3 us (0.0%)
Checking for leaked weakptr:
  Found no leaked weakptrs.
[Package Manager] Server::Kill -- Server was shutdown
Memory Statistics:
[ALLOC_TEMP_TLS] TLS Allocator
  StackAllocators : 
    [ALLOC_TEMP_CurlRequest]
      Initial Block Size 64.0 KB
      Current Block Size 64.0 KB
      Peak Allocated Bytes 0 B
      Overflow Count 0
    [ALLOC_TEMP_MAIN]
      Peak usage frame count: [4.0 KB-8.0 KB]: 1 frames, [0.5 MB-1.0 MB]: 1 frames, [8.0 MB-16.0 MB]: 1 frames
      Initial Block Size 16.0 MB
      Current Block Size 16.0 MB
      Peak Allocated Bytes 9.8 MB
      Overflow Count 0
    [ALLOC_TEMP_Job.Worker 18]
      Initial Block Size 256.0 KB
      Current Block Size 256.0 KB
      Peak Allocated Bytes 2.0 KB
      Overflow Count 1
    [ALLOC_TEMP_Background Job.Worker 8]
      Initial Block Size 32.0 KB
      Current Block Size 32.0 KB
      Peak Allocated Bytes 54 B
      Overflow Count 0
    [ALLOC_TEMP_Job.Worker 4]
      Initial Block Size 256.0 KB
      Current Block Size 0.9 MB
      Peak Allocated Bytes 0.9 MB
      Overflow Count 0
    [ALLOC_TEMP_AUDIO_FMOD mixer thread]
      Initial Block Size 64.0 KB
      Current Block Size 64.0 KB
      Peak Allocated Bytes 54 B
      Overflow Count 0
    [ALLOC_TEMP_BakingJobs.Worker 10]
      Initial Block Size 256.0 KB
      Current Block Size 256.0 KB
      Peak Allocated Bytes 54 B
      Overflow Count 0
    [ALLOC_TEMP_BakingJobs.Worker 5]
      Initial Block Size 256.0 KB
      Current Block Size 256.0 KB
      Peak Allocated Bytes 54 B
      Overflow Count 0
    [ALLOC_TEMP_Background Job.Worker 11]
      Initial Block Size 32.0 KB
      Current Block Size 32.0 KB
      Peak Allocated Bytes 54 B
      Overflow Count 0
    [ALLOC_TEMP_Background Job.Worker 3]
      Initial Block Size 32.0 KB
      Current Block Size 32.0 KB
      Peak Allocated Bytes 54 B
      Overflow Count 0
    [ALLOC_TEMP_BatchDeleteObjects]
      Initial Block Size 64.0 KB
      Current Block Size 64.0 KB
      Peak Allocated Bytes 54 B
      Overflow Count 0
    [ALLOC_TEMP_CoreBusinessMetricsCache]
      Initial Block Size 64.0 KB
      Current Block Size 64.0 KB
      Peak Allocated Bytes 8.0 KB
      Overflow Count 0
    [ALLOC_TEMP_REST Message Handler]
      Initial Block Size 64.0 KB
      Current Block Size 64.0 KB
      Peak Allocated Bytes 54 B
      Overflow Count 0
    [ALLOC_TEMP_Job.Worker 13]
      Initial Block Size 256.0 KB
      Current Block Size 0.9 MB
      Peak Allocated Bytes 0.9 MB
      Overflow Count 0
    [ALLOC_TEMP_Background Job.Worker 2]
      Initial Block Size 32.0 KB
      Current Block Size 32.0 KB
      Peak Allocated Bytes 1.9 KB
      Overflow Count 0
    [ALLOC_TEMP_AssetDatabase.IOService]
      Initial Block Size 64.0 KB
      Current Block Size 64.0 KB
      Peak Allocated Bytes 54 B
      Overflow Count 0
    [ALLOC_TEMP_Job.Worker 10]
      Initial Block Size 256.0 KB
      Current Block Size 0.9 MB
      Peak Allocated Bytes 0.9 MB
      Overflow Count 0
    [ALLOC_TEMP_Job.Worker 15]
      Initial Block Size 256.0 KB
      Current Block Size 256.0 KB
      Peak Allocated Bytes 1.9 KB
      Overflow Count 1
    [ALLOC_TEMP_Job.Worker 12]
      Initial Block Size 256.0 KB
      Current Block Size 0.9 MB
      Peak Allocated Bytes 0.9 MB
      Overflow Count 0
    [ALLOC_TEMP_Loading.PreloadManager]
      Initial Block Size 32.0 MB
      Current Block Size 32.0 MB
      Peak Allocated Bytes 54 B
      Overflow Count 0
    [ALLOC_TEMP_Profiler.Dispatcher]
      Initial Block Size 64.0 KB
      Current Block Size 64.0 KB
      Peak Allocated Bytes 0 B
      Overflow Count 0
    [ALLOC_TEMP_Job.Worker 14]
      Initial Block Size 256.0 KB
      Current Block Size 256.0 KB
      Peak Allocated Bytes 2.0 KB
      Overflow Count 1
    [ALLOC_TEMP_Job.Worker 3]
      Initial Block Size 256.0 KB
      Current Block Size 0.9 MB
      Peak Allocated Bytes 0.9 MB
      Overflow Count 0
    [ALLOC_TEMP_BakingJobs.Worker 7]
      Initial Block Size 256.0 KB
      Current Block Size 256.0 KB
      Peak Allocated Bytes 54 B
      Overflow Count 0
    [ALLOC_TEMP_Job.Worker 17]
      Initial Block Size 256.0 KB
      Current Block Size 256.0 KB
      Peak Allocated Bytes 2.0 KB
      Overflow Count 1
    [ALLOC_TEMP_Background Job.Worker 5]
      Initial Block Size 32.0 KB
      Current Block Size 32.0 KB
      Peak Allocated Bytes 54 B
      Overflow Count 0
    [ALLOC_TEMP_CurlRequest]
      Initial Block Size 64.0 KB
      Current Block Size 64.0 KB
      Peak Allocated Bytes 1.9 KB
      Overflow Count 0
    [ALLOC_TEMP_Background Job.Worker 13]
      Initial Block Size 32.0 KB
      Current Block Size 32.0 KB
      Peak Allocated Bytes 54 B
      Overflow Count 0
    [ALLOC_TEMP_Job.Worker 2]
      Initial Block Size 256.0 KB
      Current Block Size 256.0 KB
      Peak Allocated Bytes 1.8 KB
      Overflow Count 1
    [ALLOC_TEMP_BakingJobs.Worker 6]
      Initial Block Size 256.0 KB
      Current Block Size 256.0 KB
      Peak Allocated Bytes 54 B
      Overflow Count 0
    [ALLOC_TEMP_Job.Worker 11]
      Initial Block Size 256.0 KB
      Current Block Size 0.9 MB
      Peak Allocated Bytes 0.9 MB
      Overflow Count 0
    [ALLOC_TEMP_Job.Worker 0]
      Initial Block Size 256.0 KB
      Current Block Size 256.0 KB
      Peak Allocated Bytes 1.6 KB
      Overflow Count 0
    [ALLOC_TEMP_Job.Worker 5]
      Initial Block Size 256.0 KB
      Current Block Size 0.9 MB
      Peak Allocated Bytes 0.9 MB
      Overflow Count 0
    [ALLOC_TEMP_Job.Worker 6]
      Initial Block Size 256.0 KB
      Current Block Size 256.0 KB
      Peak Allocated Bytes 1.8 KB
      Overflow Count 1
    [ALLOC_TEMP_Background Job.Worker 9]
      Initial Block Size 32.0 KB
      Current Block Size 32.0 KB
      Peak Allocated Bytes 54 B
      Overflow Count 0
    [ALLOC_TEMP_BakingJobs.Worker 8]
      Initial Block Size 256.0 KB
      Current Block Size 256.0 KB
      Peak Allocated Bytes 54 B
      Overflow Count 0
    [ALLOC_TEMP_Job.Worker 9]
      Initial Block Size 256.0 KB
      Current Block Size 256.0 KB
      Peak Allocated Bytes 2.0 KB
      Overflow Count 1
    [ALLOC_TEMP_DirMonitor]
      Initial Block Size 64.0 KB
      Current Block Size 64.0 KB
      Peak Allocated Bytes 1.0 KB
      Overflow Count 0
    [ALLOC_TEMP_BakingJobs.Worker 1]
      Initial Block Size 256.0 KB
      Current Block Size 256.0 KB
      Peak Allocated Bytes 0.6 KB
      Overflow Count 0
    [ALLOC_TEMP_Loading.AsyncRead]
      Initial Block Size 64.0 KB
      Current Block Size 64.0 KB
      Peak Allocated Bytes 128 B
      Overflow Count 0
    [ALLOC_TEMP_Background Job.Worker 10]
      Initial Block Size 32.0 KB
      Current Block Size 32.0 KB
      Peak Allocated Bytes 54 B
      Overflow Count 0
    [ALLOC_TEMP_Job.Worker 16]
      Initial Block Size 256.0 KB
      Current Block Size 256.0 KB
      Peak Allocated Bytes 2.0 KB
      Overflow Count 1
    [ALLOC_TEMP_BakingJobs.Worker 9]
      Initial Block Size 256.0 KB
      Current Block Size 256.0 KB
      Peak Allocated Bytes 54 B
      Overflow Count 0
    [ALLOC_TEMP_AUDIO_FMOD (WASAPI) feeder thread]
      Initial Block Size 64.0 KB
      Current Block Size 64.0 KB
      Peak Allocated Bytes 168 B
      Overflow Count 0
    [ALLOC_TEMP_Background Job.Worker 6]
      Initial Block Size 32.0 KB
      Current Block Size 32.0 KB
      Peak Allocated Bytes 54 B
      Overflow Count 0
    [ALLOC_TEMP_Background Job.Worker 1]
      Initial Block Size 32.0 KB
      Current Block Size 216.0 KB
      Peak Allocated Bytes 170.6 KB
      Overflow Count 2
    [ALLOC_TEMP_BakingJobs.Worker 11]
      Initial Block Size 256.0 KB
      Current Block Size 256.0 KB
      Peak Allocated Bytes 54 B
      Overflow Count 0
    [ALLOC_TEMP_AUDIO_FMOD stream thread]
      Initial Block Size 64.0 KB
      Current Block Size 64.0 KB
      Peak Allocated Bytes 54 B
      Overflow Count 0
    [ALLOC_TEMP_BakingJobs.Worker 2]
      Initial Block Size 256.0 KB
      Current Block Size 256.0 KB
      Peak Allocated Bytes 54 B
      Overflow Count 0
    [ALLOC_TEMP_Background Job.Worker 7]
      Initial Block Size 32.0 KB
      Current Block Size 32.0 KB
      Peak Allocated Bytes 54 B
      Overflow Count 0
    [ALLOC_TEMP_Job.Worker 8]
      Initial Block Size 256.0 KB
      Current Block Size 256.0 KB
      Peak Allocated Bytes 1.9 KB
      Overflow Count 1
    [ALLOC_TEMP_Job.Worker 1]
      Initial Block Size 256.0 KB
      Current Block Size 0.9 MB
      Peak Allocated Bytes 0.9 MB
      Overflow Count 0
    [ALLOC_TEMP_BakingJobs.Worker 0]
      Initial Block Size 256.0 KB
      Current Block Size 256.0 KB
      Peak Allocated Bytes 54 B
      Overflow Count 0
    [ALLOC_TEMP_BakingJobs.Worker 3]
      Initial Block Size 256.0 KB
      Current Block Size 256.0 KB
      Peak Allocated Bytes 54 B
      Overflow Count 0
    [ALLOC_TEMP_EditorTaskManager]
      Initial Block Size 64.0 KB
      Current Block Size 68.0 KB
      Peak Allocated Bytes 64.0 KB
      Overflow Count 0
    [ALLOC_TEMP_Background Job.Worker 15]
      Initial Block Size 32.0 KB
      Current Block Size 32.0 KB
      Peak Allocated Bytes 54 B
      Overflow Count 0
    [ALLOC_TEMP_BakingJobs.Worker 4]
      Initial Block Size 256.0 KB
      Current Block Size 256.0 KB
      Peak Allocated Bytes 54 B
      Overflow Count 0
    [ALLOC_TEMP_Background Job.Worker 12]
      Initial Block Size 32.0 KB
      Current Block Size 32.0 KB
      Peak Allocated Bytes 54 B
      Overflow Count 0
    [ALLOC_TEMP_HTTP REST Server]
      Initial Block Size 64.0 KB
      Current Block Size 64.0 KB
      Peak Allocated Bytes 152 B
      Overflow Count 0
    [ALLOC_TEMP_AssetGarbageCollectorHelper] x 19
      Initial Block Size 64.0 KB
      Current Block Size 64.0 KB
      Peak Allocated Bytes 0 B
      Overflow Count 0
    [ALLOC_TEMP_Background Job.Worker 0]
      Initial Block Size 32.0 KB
      Current Block Size 32.0 KB
      Peak Allocated Bytes 54 B
      Overflow Count 0
    [ALLOC_TEMP_Background Job.Worker 4]
      Initial Block Size 32.0 KB
      Current Block Size 32.0 KB
      Peak Allocated Bytes 54 B
      Overflow Count 0
    [ALLOC_TEMP_Background Job.Worker 14]
      Initial Block Size 32.0 KB
      Current Block Size 32.0 KB
      Peak Allocated Bytes 54 B
      Overflow Count 0
    [ALLOC_TEMP_Job.Worker 7]
      Initial Block Size 256.0 KB
      Current Block Size 0.9 MB
      Peak Allocated Bytes 0.9 MB
      Overflow Count 0
[ALLOC_MEMORYPROFILER]
  Peak usage frame count: [128.0 KB-256.0 KB]: 2 frames, [256.0 KB-0.5 MB]: 1 frames
  Requested Block Size 1.0 MB
  Peak Block count 1
  Peak Allocated memory 455.5 KB
  Peak Large allocation bytes 0 B
[ALLOC_DEFAULT] Dual Thread Allocator
  Peak main deferred allocation count 1298
    [ALLOC_BUCKET]
      Large Block size 32.0 MB
      Used Block count 1
      Peak Allocated bytes 9.8 MB
    [ALLOC_DEFAULT_MAIN]
      Peak usage frame count: [64.0 MB-128.0 MB]: 3 frames
      Requested Block Size 16.0 MB
      Peak Block count 5
      Peak Allocated memory 70.3 MB
      Peak Large allocation bytes 0 B
    [ALLOC_DEFAULT_THREAD]
      Peak usage frame count: [4.0 MB-8.0 MB]: 3 frames
      Requested Block Size 16.0 MB
      Peak Block count 1
      Peak Allocated memory 5.5 MB
      Peak Large allocation bytes 0 B
[ALLOC_TEMP_JOB_1_FRAME]
  Initial Block Size 2.0 MB
  Used Block Count 0
  Overflow Count (too large) 0
  Overflow Count (full) 0
[ALLOC_TEMP_JOB_2_FRAMES]
  Initial Block Size 2.0 MB
  Used Block Count 0
  Overflow Count (too large) 0
  Overflow Count (full) 0
[ALLOC_TEMP_JOB_4_FRAMES (JobTemp)]
  Initial Block Size 2.0 MB
  Used Block Count 1
  Overflow Count (too large) 0
  Overflow Count (full) 0
[ALLOC_TEMP_JOB_ASYNC (Background)]
  Initial Block Size 1.0 MB
  Used Block Count 1
  Overflow Count (too large) 0
  Overflow Count (full) 0
[ALLOC_GFX] Dual Thread Allocator
  Peak main deferred allocation count 0
    [ALLOC_BUCKET]
      Large Block size 32.0 MB
      Used Block count 1
      Peak Allocated bytes 9.8 MB
    [ALLOC_GFX_MAIN]
      Peak usage frame count: [4.0 MB-8.0 MB]: 3 frames
      Requested Block Size 16.0 MB
      Peak Block count 1
      Peak Allocated memory 6.9 MB
      Peak Large allocation bytes 0 B
    [ALLOC_GFX_THREAD]
      Peak usage frame count: [0-1.0 KB]: 3 frames
      Requested Block Size 16.0 MB
      Peak Block count 0
      Peak Allocated memory 0 B
      Peak Large allocation bytes 0 B
[ALLOC_CACHEOBJECTS] Dual Thread Allocator
  Peak main deferred allocation count 656
    [ALLOC_BUCKET]
      Large Block size 32.0 MB
      Used Block count 1
      Peak Allocated bytes 9.8 MB
    [ALLOC_CACHEOBJECTS_MAIN]
      Peak usage frame count: [16.0 MB-32.0 MB]: 2 frames, [32.0 MB-64.0 MB]: 1 frames
      Requested Block Size 4.0 MB
      Peak Block count 11
      Peak Allocated memory 32.8 MB
      Peak Large allocation bytes 10.7 MB
    [ALLOC_CACHEOBJECTS_THREAD]
      Peak usage frame count: [0-1.0 KB]: 3 frames
      Requested Block Size 4.0 MB
      Peak Block count 0
      Peak Allocated memory 0 B
      Peak Large allocation bytes 0 B
[ALLOC_TYPETREE] Dual Thread Allocator
  Peak main deferred allocation count 1037
    [ALLOC_BUCKET]
      Large Block size 32.0 MB
      Used Block count 1
      Peak Allocated bytes 9.8 MB
    [ALLOC_TYPETREE_MAIN]
      Peak usage frame count: [1.0 MB-2.0 MB]: 2 frames, [8.0 MB-16.0 MB]: 1 frames
      Requested Block Size 2.0 MB
      Peak Block count 7
      Peak Allocated memory 12.3 MB
      Peak Large allocation bytes 0 B
    [ALLOC_TYPETREE_THREAD]
      Peak usage frame count: [0-1.0 KB]: 3 frames
      Requested Block Size 2.0 MB
      Peak Block count 0
      Peak Allocated memory 0 B
      Peak Large allocation bytes 0 B
[ALLOC_PROFILER]
  Peak usage frame count: [256.0 KB-0.5 MB]: 3 frames
  Requested Block Size 16.0 MB
  Peak Block count 1
  Peak Allocated memory 441.0 KB
  Peak Large allocation bytes 0 B
    [ALLOC_PROFILER_BUCKET]
      Large Block size 32.0 MB
      Used Block count 1
      Peak Allocated bytes 4.0 KB
[ALLOC_PROFILER_EDITOR]
  Peak usage frame count: [0-1.0 KB]: 3 frames
  Requested Block Size 1.0 MB
  Peak Block count 0
  Peak Allocated memory 0 B
  Peak Large allocation bytes 0 B
    [ALLOC_PROFILER_BUCKET]
      Large Block size 32.0 MB
      Used Block count 1
      Peak Allocated bytes 4.0 KB
##utp:{"type":"MemoryLeaks","version":2,"phase":"Immediate","time":1787660507770,"processId":43536,"allocatedMemory":23668738,"memoryLabels":[{"Default":20431},{"Permanent":15615},{"NewDelete":80944},{"Thread":4229412},{"Manager":34523},{"VertexData":12},{"Geometry":560},{"Texture":176},{"Shader":68848},{"Material":24},{"GfxDevice":57048},{"Animation":296},{"Audio":3928},{"FontEngine":272},{"Physics":513},{"Serialization":948},{"Input":14744},{"JobScheduler":33360},{"Mono":40},{"ScriptingNativeRuntime":191848},{"BaseObject":1627276},{"Resource":1360},{"Renderer":2304},{"Transform":16},{"File":888},{"WebCam":96},{"Culling":40},{"Terrain":1137},{"Wind":24},{"STL":48},{"String":15270},{"DynamicArray":70353},{"HashMap":4410210},{"Utility":2664898},{"Curl":1424},{"PoolAlloc":1728},{"AI":104},{"TypeTree":5077},{"ScriptManager":640},{"RuntimeInitializeOnLoadManager":80},{"SpriteAtlas":128},{"GI":4072},{"Director":7960},{"WebRequest":688},{"VR":46081},{"SceneManager":568},{"Video":72},{"LazyScriptCache":40},{"NativeArray":12},{"Camera":25},{"Secure":1},{"SerializationCache":1584},{"APIUpdating":11872},{"Subsystems":392},{"VirtualTexturing":57896},{"StaticSafetyDebugInfo":327680},{"EditorGui":56},{"EditorUtility":19895},{"VersionControl":4},{"Undo":704},{"AssetDatabase":9583751},{"RestService":1414},{"EditorGi":376},{"License":3584},{"UnityConnect":25344},{"Collab":593},{"Upm":2032},{"DrivenProperties":96},{"LocalIPC":296},{"ProfilerEditor":10943},{"CoreBusinessMetrics":3984},{"AssetReference":40},{"IPCStream":40}]}
