[Licensing::Module] Trying to connect to existing licensing client channel...
[Licensing::IpcConnector] Successfully connected to: "LicenseClient-admin" at "2026-08-25T14:36:00.1236387Z"
[Licensing::Client] Code 1 while verifying Licensing Client signature (process Id: 26760, path: "C:/Program Files/Unity Hub/UnityLicensingClient_V1/Unity.Licensing.Client.exe")
[Licensing::Module] LicensingClient has failed validation; ignoring
[Licensing::Client] Error: HandshakeResponse reported an error:
	ResponseCode: 505
	ResponseStatus: Unsupported protocol version '1.16.2'.
[Licensing::Module] Error: Failed to handshake to channel: "LicenseClient-admin"
[Licensing::IpcConnector] LicenseClient-admin channel disconnected successfully.
[Licensing::IpcConnector] Successfully connected to: "LicenseClient-admin-2022.3.62" at "2026-08-25T14:36:00.1364525Z"
[Licensing::Client] Code 10 while verifying Licensing Client signature (process Id: 34860, path: "E:/workwork/steamgamework/unit/2022.3.62f3c1/Editor/Data/Resources/Licensing/Client/Unity.Licensing.Client.exe")
[Licensing::Module] LicensingClient has failed validation; ignoring
[Licensing::Client] Handshaking with LicensingClient:
  Version:                 1.16.2+bdef8f5
  Session Id:              7ab83b2381934d3f909c08094b93fec4
  Correlation Id:          e6984ccf5e508b9309fb318b5ee0578c
  External correlation Id: 3036569674284176754
  Machine Id:              WDcRLaI4OR0B+iLstjufGiulM9k=
[Licensing::Module] Successfully connected to LicensingClient on channel: "LicenseClient-admin-2022.3.62" (connect: 0.00s, validation: 0.01s, handshake: 0.02s)
[Licensing::IpcConnector] Successfully connected to: "LicenseClient-admin-2022.3.62-notifications" at "2026-08-25T14:36:00.1651863Z"
[Licensing::Module] Error: Access token is unavailable; failed to update
[Licensing::Client] Successfully updated license
Built from '2022.3/china_unity/release' branch; Version is '2022.3.62f3c1 (1623fc0bbb97) revision 1451004'; Using compiler version '192829333'; Build Type 'Release'
OS: 'Windows 11  (10.0.22631) 64bit Professional' Language: 'zh' Physical Memory: 16197 MB
[Licensing::Client] Successfully resolved entitlement details
[Licensing::Module] Serial number assigned to: "F4-ZYBJ-ZJJ4-YPAS-69E8-XXXX"
BatchMode: 1, IsHumanControllingUs: 0, StartBugReporterOnCrash: 0, Is64bit: 1, IsPro: 0
[Licensing::Client] Successfully resolved entitlement details

COMMAND LINE ARGUMENTS:
E:\workwork\steamgamework\unit\2022.3.62f3c1\Editor\Unity.exe
-batchmode
-nographics
-projectPath
D:\WorkWork\Assist\image_to_smart\.codex_tmp\w24-fresh-20260825-0628\project
-runTests
-testPlatform
EditMode
-testFilter
VFXComposer.Tests.EditMode.W24S4MigrationAuditTests
-testResults
D:\WorkWork\Assist\image_to_smart\.codex_tmp\w24-stage-regression-results\r8\s4-migration-audit.xml
-logFile
D:\WorkWork\Assist\image_to_smart\.codex_tmp\w24-stage-regression-results\r8\s4-migration-audit.log
Successfully changed project path to: D:\WorkWork\Assist\image_to_smart\.codex_tmp\w24-fresh-20260825-0628\project
D:/WorkWork/Assist/image_to_smart/.codex_tmp/w24-fresh-20260825-0628/project
[UnityMemory] Configuration Parameters - Can be set up in boot.config
    "memorysetup-bucket-allocator-granularity=16"
    "memorysetup-bucket-allocator-bucket-count=8"
    "memorysetup-bucket-allocator-block-size=33554432"
    "memorysetup-bucket-allocator-block-count=8"
    "memorysetup-main-allocator-block-size=16777216"
    "memorysetup-thread-allocator-block-size=16777216"
    "memorysetup-gfx-main-allocator-block-size=16777216"
    "memorysetup-gfx-thread-allocator-block-size=16777216"
    "memorysetup-cache-allocator-block-size=4194304"
    "memorysetup-typetree-allocator-block-size=2097152"
    "memorysetup-profiler-bucket-allocator-granularity=16"
    "memorysetup-profiler-bucket-allocator-bucket-count=8"
    "memorysetup-profiler-bucket-allocator-block-size=33554432"
    "memorysetup-profiler-bucket-allocator-block-count=8"
    "memorysetup-profiler-allocator-block-size=16777216"
    "memorysetup-profiler-editor-allocator-block-size=1048576"
    "memorysetup-temp-allocator-size-main=16777216"
    "memorysetup-job-temp-allocator-block-size=2097152"
    "memorysetup-job-temp-allocator-block-size-background=1048576"
    "memorysetup-job-temp-allocator-reduction-small-platforms=262144"
    "memorysetup-allocator-temp-initial-block-size-main=262144"
    "memorysetup-allocator-temp-initial-block-size-worker=262144"
    "memorysetup-temp-allocator-size-background-worker=32768"
    "memorysetup-temp-allocator-size-job-worker=262144"
    "memorysetup-temp-allocator-size-preload-manager=33554432"
    "memorysetup-temp-allocator-size-nav-mesh-worker=65536"
    "memorysetup-temp-allocator-size-audio-worker=65536"
    "memorysetup-temp-allocator-size-cloud-worker=32768"
    "memorysetup-temp-allocator-size-gi-baking-worker=262144"
    "memorysetup-temp-allocator-size-gfx=262144"
Player connection [43364]  Target information:

Player connection [43364]  * "[IP] 192.168.1.2 [Port] 55505 [Flags] 2 [Guid] 3827695325 [EditorId] 3827695325 [Version] 1048832 [Id] WindowsEditor(7,snowpeak) [Debug] 1 [PackageName] WindowsEditor [ProjectName] Editor" 

Player connection [43364]  * "[IP] 172.18.96.1 [Port] 55505 [Flags] 2 [Guid] 3827695325 [EditorId] 3827695325 [Version] 1048832 [Id] WindowsEditor(7,snowpeak) [Debug] 1 [PackageName] WindowsEditor [ProjectName] Editor" 

Player connection [43364]  * "[IP] 198.18.0.1 [Port] 55505 [Flags] 2 [Guid] 3827695325 [EditorId] 3827695325 [Version] 1048832 [Id] WindowsEditor(7,snowpeak) [Debug] 1 [PackageName] WindowsEditor [ProjectName] Editor" 

Player connection [43364] Host joined multi-casting on [225.0.0.222:54997]...
Player connection [43364] Host joined alternative multi-casting on [225.0.0.222:34997]...
Input System module state changed to: Initialized.
[PhysX] Initialized MultithreadedTaskDispatcher with 20 workers.
[Package Manager] UpmClient::Connect -- Connected to IPC stream "Upm-20464" after 0.3 seconds.
[Package Manager] Restoring resolved packages state from cache
[Licensing::Client] Successfully resolved entitlement details
[Package Manager] Registered 23 packages:
  Packages from [https://packages.unity.cn]:
    com.unity.nuget.newtonsoft-json@3.0.2 (location: D:\WorkWork\Assist\image_to_smart\.codex_tmp\w24-fresh-20260825-0628\project\Library\PackageCache\com.unity.nuget.newtonsoft-json@3.0.2)
    com.unity.test-framework@1.1.33 (location: D:\WorkWork\Assist\image_to_smart\.codex_tmp\w24-fresh-20260825-0628\project\Library\PackageCache\com.unity.test-framework@1.1.33)
    com.unity.toolchain.win-x86_64-linux-x86_64@2.0.11 (location: D:\WorkWork\Assist\image_to_smart\.codex_tmp\w24-fresh-20260825-0628\project\Library\PackageCache\com.unity.toolchain.win-x86_64-linux-x86_64@2.0.11)
    com.unity.sysroot@2.0.10 (location: D:\WorkWork\Assist\image_to_smart\.codex_tmp\w24-fresh-20260825-0628\project\Library\PackageCache\com.unity.sysroot@2.0.10)
    com.unity.sysroot.linux-x86_64@2.0.9 (location: D:\WorkWork\Assist\image_to_smart\.codex_tmp\w24-fresh-20260825-0628\project\Library\PackageCache\com.unity.sysroot.linux-x86_64@2.0.9)
    com.unity.ext.nunit@1.0.6 (location: D:\WorkWork\Assist\image_to_smart\.codex_tmp\w24-fresh-20260825-0628\project\Library\PackageCache\com.unity.ext.nunit@1.0.6)
    com.unity.mathematics@1.2.6 (location: D:\WorkWork\Assist\image_to_smart\.codex_tmp\w24-fresh-20260825-0628\project\Library\PackageCache\com.unity.mathematics@1.2.6)
    com.unity.burst@1.8.21 (location: D:\WorkWork\Assist\image_to_smart\.codex_tmp\w24-fresh-20260825-0628\project\Library\PackageCache\com.unity.burst@1.8.21)
    com.unity.searcher@4.9.2 (location: D:\WorkWork\Assist\image_to_smart\.codex_tmp\w24-fresh-20260825-0628\project\Library\PackageCache\com.unity.searcher@4.9.2)
  Built-in packages:
    com.unity.2d.sprite@1.0.0 (location: D:\WorkWork\Assist\image_to_smart\.codex_tmp\w24-fresh-20260825-0628\project\Library\PackageCache\com.unity.2d.sprite@1.0.0)
    com.unity.modules.particlesystem@1.0.0 (location: D:\WorkWork\Assist\image_to_smart\.codex_tmp\w24-fresh-20260825-0628\project\Library\PackageCache\com.unity.modules.particlesystem@1.0.0)
    com.unity.modules.imageconversion@1.0.0 (location: D:\WorkWork\Assist\image_to_smart\.codex_tmp\w24-fresh-20260825-0628\project\Library\PackageCache\com.unity.modules.imageconversion@1.0.0)
    com.unity.render-pipelines.universal@14.0.12 (location: D:\WorkWork\Assist\image_to_smart\.codex_tmp\w24-fresh-20260825-0628\project\Library\PackageCache\com.unity.render-pipelines.universal@14.0.12)
    com.unity.modules.imgui@1.0.0 (location: D:\WorkWork\Assist\image_to_smart\.codex_tmp\w24-fresh-20260825-0628\project\Library\PackageCache\com.unity.modules.imgui@1.0.0)
    com.unity.modules.jsonserialize@1.0.0 (location: D:\WorkWork\Assist\image_to_smart\.codex_tmp\w24-fresh-20260825-0628\project\Library\PackageCache\com.unity.modules.jsonserialize@1.0.0)
    com.unity.render-pipelines.core@14.0.12 (location: D:\WorkWork\Assist\image_to_smart\.codex_tmp\w24-fresh-20260825-0628\project\Library\PackageCache\com.unity.render-pipelines.core@14.0.12)
    com.unity.shadergraph@14.0.12 (location: D:\WorkWork\Assist\image_to_smart\.codex_tmp\w24-fresh-20260825-0628\project\Library\PackageCache\com.unity.shadergraph@14.0.12)
    com.unity.render-pipelines.universal-config@14.0.10 (location: D:\WorkWork\Assist\image_to_smart\.codex_tmp\w24-fresh-20260825-0628\project\Library\PackageCache\com.unity.render-pipelines.universal-config@14.0.10)
    com.unity.ugui@1.0.0 (location: D:\WorkWork\Assist\image_to_smart\.codex_tmp\w24-fresh-20260825-0628\project\Library\PackageCache\com.unity.ugui@1.0.0)
    com.unity.modules.physics@1.0.0 (location: D:\WorkWork\Assist\image_to_smart\.codex_tmp\w24-fresh-20260825-0628\project\Library\PackageCache\com.unity.modules.physics@1.0.0)
    com.unity.modules.terrain@1.0.0 (location: D:\WorkWork\Assist\image_to_smart\.codex_tmp\w24-fresh-20260825-0628\project\Library\PackageCache\com.unity.modules.terrain@1.0.0)
    com.unity.modules.ui@1.0.0 (location: D:\WorkWork\Assist\image_to_smart\.codex_tmp\w24-fresh-20260825-0628\project\Library\PackageCache\com.unity.modules.ui@1.0.0)
  Embedded packages:
    com.vfxcomposer.unity@file:D:\WorkWork\Assist\image_to_smart\.codex_tmp\w24-fresh-20260825-0628\project\Packages\com.vfxcomposer.unity (location: D:\WorkWork\Assist\image_to_smart\.codex_tmp\w24-fresh-20260825-0628\project\Packages\com.vfxcomposer.unity)
[Subsystems] No new subsystems found in resolved package list.
Package Manager log level set to [2]
[Package Manager] Done registering packages in 0.04 seconds
Refreshing native plugins compatible for Editor in 1.76 ms, found 0 plugins.
Preloading 0 native plugins for Editor in 0.00 ms.
Initialize engine version: 2022.3.62f3c1 (1623fc0bbb97)
[Subsystems] Discovering subsystems at path E:/workwork/steamgamework/unit/2022.3.62f3c1/Editor/Data/Resources/UnitySubsystems
[Subsystems] Discovering subsystems at path D:/WorkWork/Assist/image_to_smart/.codex_tmp/w24-fresh-20260825-0628/project/Assets
Forcing GfxDevice: Null
GfxDevice: creating device client; threaded=0; jobified=0
NullGfxDevice:
    Version:  NULL 1.0 [1.0]
    Renderer: Null Device
    Vendor:   Unity Technologies
[Licensing::Client] Successfully resolved entitlement details
Initialize mono
Mono path[0] = 'E:/workwork/steamgamework/unit/2022.3.62f3c1/Editor/Data/Managed'
Mono path[1] = 'E:/workwork/steamgamework/unit/2022.3.62f3c1/Editor/Data/MonoBleedingEdge/lib/mono/unityjit-win32'
Mono config path = 'E:/workwork/steamgamework/unit/2022.3.62f3c1/Editor/Data/MonoBleedingEdge/etc'
Using monoOptions --debugger-agent=transport=dt_socket,embedding=1,server=y,suspend=n,address=127.0.0.1:56464
Using cacheserver namespaces - metadata:defaultmetadata, artifacts:defaultartifacts
Using cacheserver namespaces - metadata:defaultmetadata, artifacts:defaultartifacts
ImportWorker Server TCP listen port: 0
Begin MonoManager ReloadAssembly
Registering precompiled unity dll's ...
Register platform support module: E:/workwork/steamgamework/unit/2022.3.62f3c1/Editor/Data/PlaybackEngines/WindowsStandaloneSupport/UnityEditor.WindowsStandalone.Extensions.dll
Register platform support module: E:/workwork/steamgamework/unit/2022.3.62f3c1/Editor/Data/PlaybackEngines/LinuxStandaloneSupport/UnityEditor.LinuxStandalone.Extensions.dll
Registered in 0.002970 seconds.
- Loaded All Assemblies, in  0.222 seconds
Native extension for LinuxStandalone target not found
Native extension for WindowsStandalone target not found
Mono: successfully reloaded assembly
- Finished resetting the current domain, in  0.181 seconds
Domain Reload Profiling: 403ms
	BeginReloadAssembly (66ms)
		ExecutionOrderSort (0ms)
		DisableScriptedObjects (0ms)
		BackupInstance (0ms)
		ReleaseScriptingObjects (0ms)
		CreateAndSetChildDomain (1ms)
	RebuildCommonClasses (22ms)
	RebuildNativeTypeToScriptingClass (6ms)
	initialDomainReloadingComplete (35ms)
	LoadAllAssembliesAndSetupDomain (91ms)
		LoadAssemblies (66ms)
		RebuildTransferFunctionScriptingTraits (0ms)
		AnalyzeDomain (90ms)
			TypeCache.Refresh (89ms)
				TypeCache.ScanAssembly (79ms)
			ScanForSourceGeneratedMonoScriptInfo (0ms)
			ResolveRequiredComponents (0ms)
	FinalizeReload (181ms)
		ReleaseScriptCaches (0ms)
		RebuildScriptCaches (0ms)
		SetupLoadedEditorAssemblies (150ms)
			LogAssemblyErrors (0ms)
			InitializePlatformSupportModulesInManaged (10ms)
			SetLoadedEditorAssemblies (5ms)
			RefreshPlugins (0ms)
			BeforeProcessingInitializeOnLoad (2ms)
			ProcessInitializeOnLoadAttributes (100ms)
			ProcessInitializeOnLoadMethodAttributes (32ms)
			AfterProcessingInitializeOnLoad (0ms)
			EditorAssembliesLoaded (1ms)
		ExecutionOrderSort2 (0ms)
		AwakeInstancesAfterBackupRestoration (0ms)
[Licensing::Client] Successfully resolved entitlement details
Application.AssetDatabase Initial Refresh Start
Starting: E:\workwork\steamgamework\unit\2022.3.62f3c1\Editor\Data\bee_backend.exe --ipc --defer-dag-verification --dagfile="Library/Bee/1900b0aE.dag" --continue-on-failure --profile="Library/Bee/backend1.traceevents" ScriptAssemblies
WorkingDir: D:/WorkWork/Assist/image_to_smart/.codex_tmp/w24-fresh-20260825-0628/project
DisplayProgressbar: Compiling Scripts
ExitCode: 0 Duration: 0s137ms
[368/465    0s] ILPP-Configuration Library/ilpp-configuration.nevergeneratedoutput
*** Tundra build success (0.11 seconds), 1 items updated, 465 evaluated
AssetDatabase: script compilation time: 0.459096s
Begin MonoManager ReloadAssembly
- Loaded All Assemblies, in  0.317 seconds
Refreshing native plugins compatible for Editor in 0.65 ms, found 0 plugins.
Preloading 0 native plugins for Editor in 0.00 ms.
Refreshing native plugins compatible for Editor in 0.92 ms, found 0 plugins.
Native extension for LinuxStandalone target not found
Native extension for WindowsStandalone target not found
Mono: successfully reloaded assembly
- Finished resetting the current domain, in  1.588 seconds
Domain Reload Profiling: 1905ms
	BeginReloadAssembly (97ms)
		ExecutionOrderSort (0ms)
		DisableScriptedObjects (3ms)
		BackupInstance (0ms)
		ReleaseScriptingObjects (0ms)
		CreateAndSetChildDomain (17ms)
	RebuildCommonClasses (23ms)
	RebuildNativeTypeToScriptingClass (7ms)
	initialDomainReloadingComplete (18ms)
	LoadAllAssembliesAndSetupDomain (172ms)
		LoadAssemblies (154ms)
		RebuildTransferFunctionScriptingTraits (0ms)
		AnalyzeDomain (72ms)
			TypeCache.Refresh (56ms)
				TypeCache.ScanAssembly (47ms)
			ScanForSourceGeneratedMonoScriptInfo (10ms)
			ResolveRequiredComponents (5ms)
	FinalizeReload (1589ms)
		ReleaseScriptCaches (0ms)
		RebuildScriptCaches (0ms)
		SetupLoadedEditorAssemblies (1458ms)
			LogAssemblyErrors (0ms)
			InitializePlatformSupportModulesInManaged (6ms)
			SetLoadedEditorAssemblies (3ms)
			RefreshPlugins (0ms)
			BeforeProcessingInitializeOnLoad (38ms)
			ProcessInitializeOnLoadAttributes (1356ms)
			ProcessInitializeOnLoadMethodAttributes (52ms)
			AfterProcessingInitializeOnLoad (2ms)
			EditorAssembliesLoaded (0ms)
		ExecutionOrderSort2 (0ms)
		AwakeInstancesAfterBackupRestoration (4ms)
Asset Pipeline Refresh (id=2be6240fbe9399147b2bd922a278da4a): Total: 2.890 seconds - Initiated by InitialRefreshV2(ForceSynchronousImport)
	Summary:
		Imports: total=0 (actual=0, local cache=0, cache server=0)
		Asset DB Process Time: managed=0 ms, native=471 ms
		Asset DB Callback time: managed=9 ms, native=0 ms
		Scripting: domain reloads=1, domain reload time=1931 ms, compile time=461 ms, other=17 ms
		Project Asset Count: scripts=3723, non-scripts=2401
		Asset File Changes: new=0, changed=0, moved=0, deleted=0
		Scan Filter Count: 0
	InvokeBeforeRefreshCallbacks: 0.333ms
	ApplyChangesToAssetFolders: 0.028ms
	Scan: 58.183ms
	OnSourceAssetsModified: 0.001ms
	GetAllGuidsForCategorization: 0.530ms
	CategorizeAssets: 76.898ms
	ImportOutOfDateAssets: 1605.418ms (1134.070ms without children)
		CompileScripts: 460.759ms
		ReloadNativeAssets: 0.012ms
		UnloadImportedAssets: 8.567ms
		EnsureUptoDateAssetsAreRegisteredWithGuidPM: 1.151ms
		InitializingProgressBar: 0.000ms
		PostProcessAllAssetNotificationsAddChangedAssets: 0.000ms
		OnDemandSchedulerStart: 0.858ms
	PostProcessAllAssets: 9.123ms
	GatherAllCurrentPrimaryArtifactRevisions: 0.001ms
	UnloadStreamsBegin: 0.261ms
	PersistCurrentRevisions: 0.210ms
	UnloadStreamsEnd: 0.015ms
	GenerateScriptTypeHashes: 1.918ms
	Untracked: 1138.971ms
Application.AssetDatabase Initial Refresh End
Shader Hidden/ProbeVolume/VoxelizeScene is not supported: GPU does not support conservative rasterization
Shader Hidden/ProbeVolume/VoxelizeScene is not supported: GPU does not support conservative rasterization
Scanning for USB devices : 7.886ms
Initializing Unity extensions:
[MODES] ModeService[none].Initialize
[MODES] ModeService[none].LoadModes
[MODES] Loading mode Default (0) for mode-current-id-project
[PhysX] Initialized MultithreadedTaskDispatcher with 20 workers.
ProgressiveSceneManager::Cancel()
Unloading 64 Unused Serialized files (Serialized files now loaded: 0)
Unloading 121 unused Assets / (4.4 MB). Loaded Objects now: 3182.
Memory consumption went from 142.0 MB to 137.6 MB.
Total: 4.513400 ms (FindLiveObjects: 0.141100 ms CreateObjectMapping: 0.058200 ms MarkObjects: 2.506000 ms  DeleteObjects: 1.807000 ms)

Microsoft Media Foundation video decoding to texture disabled: graphics device is Null, only Direct3D 11 and Direct3D 12 (only on desktop) are supported for hardware-accelerated video decoding.
[Project] Loading completed in 5.620 seconds
	Project init time: 				3.983 seconds
		Template init time: 		0.000 seconds
		Package Manager init time: 		0.260 seconds
		Asset Database init time: 		0.175 seconds
		Global illumination init time: 	0.003 seconds
		Assemblies load time: 			0.413 seconds
		Unity extensions init time: 	0.005 seconds
		Asset Database refresh time: 	0.000 seconds
	Scene opening time: 			0.237 seconds
##utp:{"type":"ProjectInfo","version":2,"phase":"Immediate","time":1787668565694,"processId":20464,"projectLoad":5.6200293,"projectInit":3.9830974,"templateInit":0.0,"packageManagerInit":0.2601533,"assetDatabaseInit":0.1746987,"globalIlluminationInit":0.0025286,"assembliesLoad":0.4126382,"unityExtensionsInit":0.004823,"assetDatabaseRefresh":0.0,"sceneOpening":0.2369558}
##utp:{"type":"EditorInfo","version":2,"phase":"Immediate","time":1787668565694,"processId":20464,"editorVersion":"2022.3.62f3c1 (1623fc0bbb97)","branch":"2022.3/china_unity/release","buildType":"Release","platform":"Windows"}
Running tests for EditMode
With test filter: VFXComposer.Tests.EditMode.W24S4MigrationAuditTests
Executing tests with settings: test mode = EditMode
UnityEngine.StackTraceUtility:ExtractStackTrace ()
UnityEngine.DebugLogHandler:LogFormat (UnityEngine.LogType,UnityEngine.Object,string,object[])
UnityEngine.Logger:Log (UnityEngine.LogType,object)
UnityEngine.Debug:Log (object)
UnityEditor.TestTools.TestRunner.CommandLineTest.Executer:InitializeAndExecuteRun (string[]) (at ./Library/PackageCache/com.unity.test-framework@1.1.33/UnityEditor.TestRunner/CommandLineTest/Executer.cs:47)
UnityEditor.TestTools.TestRunner.CommandLineTest.TestStarter:UpdateWatch () (at ./Library/PackageCache/com.unity.test-framework@1.1.33/UnityEditor.TestRunner/CommandLineTest/TestStarter.cs:50)
UnityEditor.EditorApplication:Internal_CallUpdateFunctions ()

(Filename: ./Library/PackageCache/com.unity.test-framework@1.1.33/UnityEditor.TestRunner/CommandLineTest/Executer.cs Line: 47)

[UnityConnectServicesConfig] config is NOT valid, switching to default
Created GICache directory at C:/Users/admin/AppData/LocalLow/Unity/Caches/GiCache. Took: 0.009s, timestamps: [5.631 - 5.640]
gi::BakeBackendSwitch: switching bake backend from 3 to 1.
GfxDevice renderer is null. Unity cannot update the Ambient Probe and Reflection Probes that the SkyManager generates. Run the Editor without the -nographics argument or generate lighting for your scene.
[PhysX] Initialized MultithreadedTaskDispatcher with 20 workers.
Unloading 1 Unused Serialized files (Serialized files now loaded: 0)
Unloading 0 unused Assets / (0 B). Loaded Objects now: 3199.
Memory consumption went from 122.4 MB to 122.4 MB.
Total: 3.769800 ms (FindLiveObjects: 0.117600 ms CreateObjectMapping: 0.052600 ms MarkObjects: 3.590700 ms  DeleteObjects: 0.008000 ms)

GfxDevice renderer is null. Unity cannot update the Ambient Probe and Reflection Probes that the SkyManager generates. Run the Editor without the -nographics argument or generate lighting for your scene.
[PhysX] Initialized MultithreadedTaskDispatcher with 20 workers.
Unloading 0 Unused Serialized files (Serialized files now loaded: 0)
Unloading 0 unused Assets / (0 B). Loaded Objects now: 3204.
Memory consumption went from 122.2 MB to 122.2 MB.
Total: 4.465400 ms (FindLiveObjects: 0.106200 ms CreateObjectMapping: 0.043900 ms MarkObjects: 4.307900 ms  DeleteObjects: 0.006400 ms)

Saving results to: D:\WorkWork\Assist\image_to_smart\.codex_tmp\w24-stage-regression-results\r8\s4-migration-audit.xml
[PhysX] Initialized MultithreadedTaskDispatcher with 20 workers.
Input System module state changed to: ShutdownInProgress.
Input System polling thread exited.
Input System module state changed to: Shutdown.
[Licensing::IpcConnector] LicenseClient-admin-2022.3.62-notifications channel disconnected successfully.
[Licensing::IpcConnector] LicenseClient-admin-2022.3.62 channel disconnected successfully.
Cleanup mono
[Performance] WinEditorMain                                                                                                                        :        1 samples, Peak.  1.39 s (1.0x), Avg.  1.39 s, Total. 1.386 s (19.8%)
[Performance] WinEditorMain.ConfigureCrashHandler                                                                                                  :        1 samples, Peak.  18.3 us (1.0x), Avg.  18.3 us, Total. 18.30 us (0.0%)
[Performance] WinEditorMain.CurlRequestInitialize                                                                                                  :        1 samples, Peak.   184 us (1.0x), Avg.   184 us, Total. 184.5 us (0.0%)
[Performance] WinEditorMain.SetupLogFile                                                                                                           :        1 samples, Peak.   130 us (1.0x), Avg.   130 us, Total. 130.4 us (0.0%)
[Performance] WinEditorMain.RunNativeTestsIfRequiredAndExit                                                                                        :        1 samples, Peak. 100.0 ns (1.0x), Avg. 100.0 ns, Total. 100.00 ns (0.0%)
[Performance] WinEditorMain.Licensing                                                                                                              :        1 samples, Peak.  1.31 s (1.0x), Avg.  1.31 s, Total. 1.309 s (18.7%)
[Performance] WinEditorMain.InitializeCrashHandler                                                                                                 :        1 samples, Peak.  12.2 ms (1.0x), Avg.  12.2 ms, Total. 12.17 ms (0.2%)
[Performance] WinEditorMain.CreateApplication                                                                                                      :        1 samples, Peak.  17.6 ms (1.0x), Avg.  17.6 ms, Total. 17.62 ms (0.3%)
[Performance] Application.InitializeProject                                                                                                        :        1 samples, Peak.  3.98 s (1.0x), Avg.  3.98 s, Total. 3.983 s (56.8%)
[Performance] Application.PackageManager.StartServer                                                                                               :        1 samples, Peak.  3.43 ms (1.0x), Avg.  3.43 ms, Total. 3.428 ms (0.0%)
[Performance] Application.AcquireProjectLock                                                                                                       :        1 samples, Peak.  2.78 ms (1.0x), Avg.  2.78 ms, Total. 2.782 ms (0.0%)
[Performance] Application.InitializeEngineNoGraphics                                                                                               :        1 samples, Peak.  38.9 ms (1.0x), Avg.  38.9 ms, Total. 38.94 ms (0.6%)
[Performance] Application.PackageManager.Initialize                                                                                                :        1 samples, Peak.   260 ms (1.0x), Avg.   260 ms, Total. 260.2 ms (3.7%)
[Performance] Connecting to Package Manager                                                                                                        :       27 samples, Peak.  58.7 us (15.7x), Avg.  3.73 us, Total. 100.7 us (0.0%)
[Performance] Application.EngineGraphics.Initialize                                                                                                :        1 samples, Peak.  22.6 ms (1.0x), Avg.  22.6 ms, Total. 22.63 ms (0.3%)
[Performance] Application.GI.Initialize                                                                                                            :        1 samples, Peak.  2.53 ms (1.0x), Avg.  2.53 ms, Total. 2.530 ms (0.0%)
[Performance] Application.LoadAllDefaultResourcesFromEditor                                                                                        :        1 samples, Peak.  1.62 ms (1.0x), Avg.  1.62 ms, Total. 1.624 ms (0.0%)
[Performance] Application.LoadMonoAssemblies                                                                                                       :        1 samples, Peak.   413 ms (1.0x), Avg.   413 ms, Total. 412.6 ms (5.9%)
[Performance] RestoreManagedReferences                                                                                                             :        2 samples, Peak.  49.2 ms (2.0x), Avg.  24.6 ms, Total. 49.23 ms (0.7%)
[Performance] InitializeOnLoad DrivenRectTransformUndo                                                                                             :        2 samples, Peak.   355 us (1.1x), Avg.   332 us, Total. 664.8 us (0.0%)
[Performance] InitializeOnLoad SceneSearch                                                                                                         :        2 samples, Peak.   100 us (1.0x), Avg.  96.1 us, Total. 192.1 us (0.0%)
[Performance] InitializeOnLoad CloudBuild                                                                                                          :        2 samples, Peak.  4.10 us (1.3x), Avg.  3.25 us, Total. 6.500 us (0.0%)
[Performance] InitializeOnLoad NativeFormatImporterUtility                                                                                         :        2 samples, Peak.  2.15 ms (1.2x), Avg.  1.77 ms, Total. 3.536 ms (0.1%)
[Performance] InitializeOnLoad SearchService                                                                                                       :        2 samples, Peak.  87.8 us (1.0x), Avg.  86.8 us, Total. 173.6 us (0.0%)
[Performance] InitializeOnLoad SettingsService                                                                                                     :        2 samples, Peak.  7.40 us (1.2x), Avg.  5.95 us, Total. 11.90 us (0.0%)
[Performance] InitializeOnLoad WindowLayout                                                                                                        :        2 samples, Peak.   600 us (1.1x), Avg.   527 us, Total. 1.054 ms (0.0%)
[Performance] InitializeOnLoad AssetStoreContext                                                                                                   :        2 samples, Peak.  19.8 ms (1.0x), Avg.  19.0 ms, Total. 38.02 ms (0.5%)
[Performance] InitializeOnLoad PoolManager                                                                                                         :        2 samples, Peak.   481 us (1.0x), Avg.   468 us, Total. 936.2 us (0.0%)
[Performance] InitializeOnLoad MixerEffectDefinitionReloader                                                                                       :        2 samples, Peak.  1.85 ms (1.2x), Avg.  1.57 ms, Total. 3.145 ms (0.0%)
[Performance] InitializeOnLoad ProjectSearch                                                                                                       :        2 samples, Peak.  51.4 us (1.1x), Avg.  45.1 us, Total. 90.20 us (0.0%)
[Performance] InitializeOnLoad UISystemProfilerRenderService                                                                                       :        2 samples, Peak.  6.60 us (1.1x), Avg.  5.80 us, Total. 11.60 us (0.0%)
[Performance] InitializeOnLoad EditMode                                                                                                            :        2 samples, Peak.   297 us (1.1x), Avg.   278 us, Total. 555.5 us (0.0%)
[Performance] InitializeOnLoad UnityConnect                                                                                                        :        2 samples, Peak.  34.6 us (1.0x), Avg.  33.6 us, Total. 67.20 us (0.0%)
[Performance] InitializeOnLoad ManagedDebugger                                                                                                     :        2 samples, Peak.   407 us (1.7x), Avg.   242 us, Total. 483.8 us (0.0%)
[Performance] InitializeOnLoad ShortcutIntegration                                                                                                 :        2 samples, Peak.  44.4 us (1.1x), Avg.  38.8 us, Total. 77.70 us (0.0%)
[Performance] InitializeOnLoad AddComponentWindow                                                                                                  :        2 samples, Peak.  68.9 us (1.0x), Avg.  68.7 us, Total. 137.3 us (0.0%)
[Performance] InitializeOnLoad ManagedDebuggerWindow                                                                                               :        2 samples, Peak.  86.1 us (1.1x), Avg.  80.4 us, Total. 160.8 us (0.0%)
[Performance] InitializeOnLoad CacheServerWindow                                                                                                   :        2 samples, Peak.  6.70 us (1.3x), Avg.  5.25 us, Total. 10.50 us (0.0%)
[Performance] InitializeOnLoad PlayModeDownload                                                                                                    :        2 samples, Peak.  4.22 ms (1.9x), Avg.  2.17 ms, Total. 4.346 ms (0.1%)
[Performance] InitializeOnLoad MenuItems                                                                                                           :        2 samples, Peak.  77.7 us (1.2x), Avg.  64.0 us, Total. 128.1 us (0.0%)
[Performance] InitializeOnLoad PrefabInstanceChangedListener                                                                                       :        2 samples, Peak.   100 us (1.1x), Avg.  92.2 us, Total. 184.4 us (0.0%)
[Performance] InitializeOnLoad ObjectSelectorSearch                                                                                                :        2 samples, Peak.  26.4 us (1.0x), Avg.  25.3 us, Total. 50.60 us (0.0%)
[Performance] InitializeOnLoad EditorMonitor                                                                                                       :        2 samples, Peak.   517 us (1.2x), Avg.   424 us, Total. 848.1 us (0.0%)
[Performance] InitializeOnLoad RetainedMode                                                                                                        :        2 samples, Peak.  1.63 ms (1.0x), Avg.  1.63 ms, Total. 3.254 ms (0.0%)
[Performance] InitializeOnLoad EditorShaderLoader                                                                                                  :        2 samples, Peak.   467 us (1.1x), Avg.   430 us, Total. 860.7 us (0.0%)
[Performance] InitializeOnLoad EditorDelegateRegistration                                                                                          :        2 samples, Peak.   344 us (1.1x), Avg.   309 us, Total. 618.1 us (0.0%)
[Performance] InitializeOnLoad UIDocumentHierarchyWatcher                                                                                          :        2 samples, Peak.  48.9 us (1.0x), Avg.  48.3 us, Total. 96.70 us (0.0%)
[Performance] InitializeOnLoad LiveReloadTrackerCreator                                                                                            :        2 samples, Peak.   157 us (1.2x), Avg.   130 us, Total. 260.4 us (0.0%)
[Performance] InitializeOnLoad UxmlObjectEditorFactories                                                                                           :        2 samples, Peak.   359 us (1.1x), Avg.   323 us, Total. 645.8 us (0.0%)
[Performance] InitializeOnLoad UXMLEditorFactories                                                                                                 :        2 samples, Peak.  43.0 ms (1.0x), Avg.  41.2 ms, Total. 82.32 ms (1.2%)
[Performance] InitializeOnLoad PurchasingService                                                                                                   :        2 samples, Peak.  5.05 ms (1.0x), Avg.  5.05 ms, Total. 10.11 ms (0.1%)
[Performance] InitializeOnLoad CloudBuildPoller                                                                                                    :        2 samples, Peak.  85.6 us (1.0x), Avg.  82.5 us, Total. 165.1 us (0.0%)
[Performance] InitializeOnLoad EditorGameServicesAnalytics                                                                                         :        2 samples, Peak.  2.05 ms (1.8x), Avg.  1.16 ms, Total. 2.321 ms (0.0%)
[Performance] InitializeOnLoad AnalyticsService                                                                                                    :        2 samples, Peak.   146 us (1.1x), Avg.   135 us, Total. 270.5 us (0.0%)
[Performance] InitializeOnLoad BuildService                                                                                                        :        2 samples, Peak.   102 us (1.0x), Avg.  98.1 us, Total. 196.1 us (0.0%)
[Performance] InitializeOnLoad AdsService                                                                                                          :        2 samples, Peak.   270 us (1.0x), Avg.   266 us, Total. 532.0 us (0.0%)
[Performance] InitializeOnLoad UDPService                                                                                                          :        2 samples, Peak.   108 us (1.0x), Avg.   104 us, Total. 208.4 us (0.0%)
[Performance] InitializeOnLoad CrashService                                                                                                        :        2 samples, Peak.  94.0 us (1.0x), Avg.  92.7 us, Total. 185.5 us (0.0%)
[Performance] InitializeOnLoad ServicesRepository                                                                                                  :        2 samples, Peak.   300 ns (1.0x), Avg.   300 ns, Total. 600.0 ns (0.0%)
[Performance] InitializeOnLoad SearchWindow                                                                                                        :        2 samples, Peak.   104 us (1.2x), Avg.  89.0 us, Total. 177.9 us (0.0%)
[Performance] InitializeOnLoad CustomIndexers                                                                                                      :        2 samples, Peak.  13.6 ms (1.2x), Avg.  11.7 ms, Total. 23.45 ms (0.3%)
[Performance] InitializeOnLoad SearchMonitor                                                                                                       :        2 samples, Peak.   948 us (1.2x), Avg.   784 us, Total. 1.569 ms (0.0%)
[Performance] InitializeOnLoad ParameterControllerEditor                                                                                           :        2 samples, Peak.  18.7 us (1.3x), Avg.  14.5 us, Total. 29.00 us (0.0%)
[Performance] InitializeOnLoad LayerSettingsWindow                                                                                                 :        2 samples, Peak.  16.1 us (1.7x), Avg.  9.45 us, Total. 18.90 us (0.0%)
[Performance] InitializeOnLoad PackageManagerHookGUIDConverter.RegisterPackagesEventHandler                                                        :        2 samples, Peak.   599 us (1.6x), Avg.   366 us, Total. 732.0 us (0.0%)
[Performance] InitializeOnLoad EditorDragAndDrop.RegisterEditorClient                                                                              :        2 samples, Peak.   206 us (1.2x), Avg.   175 us, Total. 350.4 us (0.0%)
[Performance] InitializeOnLoad EditorEventCallbacks.InitializeFontAssetResourceChangeCallBacks                                                     :        2 samples, Peak.   863 us (1.0x), Avg.   862 us, Total. 1.725 ms (0.0%)
[Performance] InitializeOnLoad SceneTemplateService.Init                                                                                           :        2 samples, Peak.   945 us (1.0x), Avg.   916 us, Total. 1.833 ms (0.0%)
[Performance] InitializeOnLoad DiagnosticSwitchesConsoleMessage.Init                                                                               :        2 samples, Peak.  3.81 ms (1.7x), Avg.  2.31 ms, Total. 4.612 ms (0.1%)
[Performance] InitializeOnLoad MemoryProfilerCompilationGuard.InjectCompileGuard                                                                   :        2 samples, Peak.   148 us (1.3x), Avg.   110 us, Total. 219.5 us (0.0%)
[Performance] InitializeOnLoad EditorWindow.Initialize                                                                                             :        2 samples, Peak.   183 us (1.0x), Avg.   179 us, Total. 358.5 us (0.0%)
[Performance] InitializeOnLoad AssetPostprocessingInternal.RefreshCustomDependencies                                                               :        2 samples, Peak.  2.27 ms (1.4x), Avg.  1.64 ms, Total. 3.287 ms (0.0%)
[Performance] InitializeOnLoad SysrootManager.Initialize                                                                                           :        2 samples, Peak.  12.9 us (1.0x), Avg.  12.6 us, Total. 25.30 us (0.0%)
[Performance] InitializeOnLoad PackageManagerWindow.EditorInitializedInSafeMode                                                                    :        2 samples, Peak.  18.4 ms (2.0x), Avg.  9.23 ms, Total. 18.47 ms (0.3%)
[Performance] InitializeOnLoad ToolShortcutContext.Init                                                                                            :        2 samples, Peak.  99.3 us (1.0x), Avg.  94.6 us, Total. 189.2 us (0.0%)
[Performance] InitializeOnLoad SceneVisibilityManager.Initialize                                                                                   :        2 samples, Peak.  3.55 ms (1.7x), Avg.  2.07 ms, Total. 4.145 ms (0.1%)
[Performance] InitializeOnLoad ScopedRegistryAddedPopup.SubscribeToRegistriesAdded                                                                 :        2 samples, Peak.  5.15 ms (2.0x), Avg.  2.61 ms, Total. 5.219 ms (0.1%)
[Performance] AssemblyReloadEvents.afterAssemblyReload: UnityEditor.SceneTemplate.SceneTemplateService.AfterAssemblyReload                         :        2 samples, Peak.  3.38 ms (1.9x), Avg.  1.80 ms, Total. 3.610 ms (0.1%)
[Performance] ProcessService.EditorAfterLoadAllAssemblies                                                                                          :        2 samples, Peak.   417 us (1.2x), Avg.   346 us, Total. 692.3 us (0.0%)
[Performance] Application.ReadLicenseInfo                                                                                                          :        1 samples, Peak.  13.6 ms (1.0x), Avg.  13.6 ms, Total. 13.64 ms (0.2%)
[Performance] Application.InitialRefresh                                                                                                           :        1 samples, Peak.  2.89 s (1.0x), Avg.  2.89 s, Total. 2.891 s (41.2%)
[Performance] Compiling Scripts                                                                                                                    :        1 samples, Peak.   459 ms (1.0x), Avg.   459 ms, Total. 459.1 ms (6.5%)
[Performance] AssemblyReloadEvents.beforeAssemblyReload: UnityEditor.SceneTemplate.SceneTemplateService.BeforeAssemblyReload                       :        1 samples, Peak.   361 us (1.0x), Avg.   361 us, Total. 361.4 us (0.0%)
[Performance] InitializeOnLoad S14SlashWysiwygCapture                                                                                              :        1 samples, Peak.   262 us (1.0x), Avg.   262 us, Total. 261.9 us (0.0%)
[Performance] InitializeOnLoad BurstLoader                                                                                                         :        1 samples, Peak.  1.26 s (1.0x), Avg.  1.26 s, Total. 1.256 s (17.9%)
[Performance] InitializeOnLoad ShadowCasterGroup2DManager                                                                                          :        1 samples, Peak.  77.9 us (1.0x), Avg.  77.9 us, Total. 77.90 us (0.0%)
[Performance] InitializeOnLoad ProbeGIBaking                                                                                                       :        1 samples, Peak.  2.02 ms (1.0x), Avg.  2.02 ms, Total. 2.016 ms (0.0%)
[Performance] InitializeOnLoad FilterWindow                                                                                                        :        1 samples, Peak.  41.0 us (1.0x), Avg.  41.0 us, Total. 41.00 us (0.0%)
[Performance] InitializeOnLoad RealtimeProbeSubdivisionDebug                                                                                       :        1 samples, Peak.   129 us (1.0x), Avg.   129 us, Total. 128.7 us (0.0%)
[Performance] InitializeOnLoad NodeClassCache                                                                                                      :        1 samples, Peak.  13.2 us (1.0x), Avg.  13.2 us, Total. 13.20 us (0.0%)
[Performance] InitializeOnLoad ShaderGraphMaterialsUpdater                                                                                         :        2 samples, Peak.   291 us (1.7x), Avg.   172 us, Total. 344.6 us (0.0%)
[Performance] InitializeOnLoad PrefabLayoutRebuilder                                                                                               :        1 samples, Peak.   299 us (1.0x), Avg.   299 us, Total. 299.3 us (0.0%)
[Performance] InitializeOnLoad SpriteEditorWindow                                                                                                  :        1 samples, Peak.   314 us (1.0x), Avg.   314 us, Total. 313.6 us (0.0%)
[Performance] InitializeOnLoad BackgroundWatcher                                                                                                   :        1 samples, Peak.   109 us (1.0x), Avg.   109 us, Total. 108.8 us (0.0%)
[Performance] InitializeOnLoad UnityTestProtocolStarter                                                                                            :        1 samples, Peak.   146 us (1.0x), Avg.   146 us, Total. 146.2 us (0.0%)
[Performance] InitializeOnLoad TestStarter                                                                                                         :        1 samples, Peak.  1.11 ms (1.0x), Avg.  1.11 ms, Total. 1.114 ms (0.0%)
[Performance] InitializeOnLoad RerunCallbackInitializer                                                                                            :        1 samples, Peak.  1.64 ms (1.0x), Avg.  1.64 ms, Total. 1.638 ms (0.0%)
[Performance] InitializeOnLoad Renderer2DAnalytics                                                                                                 :        1 samples, Peak.  66.3 us (1.0x), Avg.  66.3 us, Total. 66.30 us (0.0%)
[Performance] InitializeOnLoad EditorToolManager                                                                                                   :        1 samples, Peak.  1.57 ms (1.0x), Avg.  1.57 ms, Total. 1.570 ms (0.0%)
[Performance] InitializeOnLoad MaterialReimporter.RegisterUpgraderReimport                                                                         :        2 samples, Peak.   586 us (1.9x), Avg.   304 us, Total. 608.9 us (0.0%)
[Performance] InitializeOnLoad SysrootPackage.IssueWarningIfLinuxIL2CPPNotPresent                                                                  :        1 samples, Peak.   270 us (1.0x), Avg.   270 us, Total. 269.9 us (0.0%)
[Performance] InitializeOnLoad TestJobDataHolder.ResumeRunningJobs                                                                                 :        1 samples, Peak.   590 us (1.0x), Avg.   590 us, Total. 590.4 us (0.0%)
[Performance] InitializeOnLoad AnalyticsReporter.RegisterCallbacks                                                                                 :        1 samples, Peak.   169 us (1.0x), Avg.   169 us, Total. 168.6 us (0.0%)
[Performance] InitializeOnLoad DebugManagerWindowLifetimeAnalytic.SubscribeToDebugManagerOpenCloseWindows                                          :        1 samples, Peak.   586 us (1.0x), Avg.   586 us, Total. 586.2 us (0.0%)
[Performance] InitializeOnLoad CoreRenderPipelinePreferences.InitPreferenceProviders                                                               :        1 samples, Peak.  38.8 ms (1.0x), Avg.  38.8 ms, Total. 38.76 ms (0.6%)
[Performance] InitializeOnLoad VolumeGizmoDrawer.InitVolumeGizmoCallbacks                                                                          :        1 samples, Peak.   322 us (1.0x), Avg.   322 us, Total. 322.1 us (0.0%)
[Performance] DidReloadScriptsTestRunnerWindow.CompilationCallback                                                                                 :        1 samples, Peak.   727 us (1.0x), Avg.   727 us, Total. 727.4 us (0.0%)
[Performance] DidReloadScriptsTestListCache.ScriptReloaded                                                                                         :        1 samples, Peak.   927 us (1.0x), Avg.   927 us, Total. 927.4 us (0.0%)
[Performance] DidReloadScriptsLookDev.OnEditorReload                                                                                               :        1 samples, Peak.   159 us (1.0x), Avg.   159 us, Total. 159.1 us (0.0%)
[Performance] DidReloadScriptsDebugWindow.OnEditorReload                                                                                           :        1 samples, Peak.  9.85 ms (1.0x), Avg.  9.85 ms, Total. 9.847 ms (0.1%)
[Performance] DidReloadScriptsVolumeComponentEditor.OnEditorReload                                                                                 :        1 samples, Peak.  18.9 ms (1.0x), Avg.  18.9 ms, Total. 18.93 ms (0.3%)
[Performance] DidReloadScriptsAdvancedDropdownWindow.OnScriptReload                                                                                :        1 samples, Peak.   205 us (1.0x), Avg.   205 us, Total. 205.0 us (0.0%)
[Performance] UniversalRenderPipelineGlobalSettingsPostprocessor.OnPostprocessAllAssets                                                            :        2 samples, Peak.  1.01 ms (1.1x), Avg.   960 us, Total. 1.920 ms (0.0%)
[Performance] SyncVS.PostprocessSyncProject                                                                                                        :        1 samples, Peak.   876 us (1.0x), Avg.   876 us, Total. 875.9 us (0.0%)
[Performance] Application.ImportPackagesAndSetTemplateWhenCreatingProject                                                                          :        1 samples, Peak.  10.2 ms (1.0x), Avg.  10.2 ms, Total. 10.16 ms (0.1%)
[Performance] Application.SyncCurrentColorSpace                                                                                                    :        1 samples, Peak.  12.0 ms (1.0x), Avg.  12.0 ms, Total. 11.99 ms (0.2%)
[Performance] Application.OnUsbDevicesChanged                                                                                                      :        1 samples, Peak.  7.95 ms (1.0x), Avg.  7.95 ms, Total. 7.946 ms (0.1%)
[Performance] Application.AssetInstanceCacheUpdate                                                                                                 :        1 samples, Peak.   300 ns (1.0x), Avg.   300 ns, Total. 300.0 ns (0.0%)
[Performance] Application.UnityExtensions.Initialize                                                                                               :        1 samples, Peak.  4.82 ms (1.0x), Avg.  4.82 ms, Total. 4.825 ms (0.1%)
[Performance] CodeEditorProjectSync.SyncEditorProject                                                                                              :        1 samples, Peak.   126 us (1.0x), Avg.   126 us, Total. 126.0 us (0.0%)
[Performance] Application.ExecuteStartups                                                                                                          :        1 samples, Peak.  34.7 ms (1.0x), Avg.  34.7 ms, Total. 34.75 ms (0.5%)
[Performance] Menu.RegisterMenuInterface                                                                                                           :       26 samples, Peak.   800 ns (5.1x), Avg.   158 ns, Total. 4.100 us (0.0%)
[Performance] Gizmo.RebuildRenderers                                                                                                               :        1 samples, Peak.  33.9 ms (1.0x), Avg.  33.9 ms, Total. 33.85 ms (0.5%)
[Performance] Gizmo.AddGizmoRenderers                                                                                                              :       61 samples, Peak.  1.25 ms (29.2x), Avg.  42.9 us, Total. 2.614 ms (0.0%)
[Performance] Application.editorInitializingProject                                                                                                :        1 samples, Peak.  10.9 us (1.0x), Avg.  10.9 us, Total. 10.90 us (0.0%)
[Performance] Application.FinishLoadingProject                                                                                                     :        1 samples, Peak.   237 ms (1.0x), Avg.   237 ms, Total. 237.0 ms (3.4%)
[Performance] Application.InitializeMenu                                                                                                           :        1 samples, Peak.  53.7 ms (1.0x), Avg.  53.7 ms, Total. 53.74 ms (0.8%)
[Performance] Menu.RebuildAll                                                                                                                      :        1 samples, Peak.  53.7 ms (1.0x), Avg.  53.7 ms, Total. 53.73 ms (0.8%)
[Performance] Menu.BuildRegisteredMenuInterfaces                                                                                                   :        1 samples, Peak.  51.4 ms (1.0x), Avg.  51.4 ms, Total. 51.41 ms (0.7%)
[Performance] Menu.FilterMenuItem                                                                                                                  :      744 samples, Peak.  29.1 ms (737.1x), Avg.  39.5 us, Total. 29.39 ms (0.4%)
[Performance] UpdateAllMenus                                                                                                                       :        1 samples, Peak.   584 us (1.0x), Avg.   584 us, Total. 584.3 us (0.0%)
[Performance] Menu.RebuildOSMainMenu                                                                                                               :        1 samples, Peak.  1.55 ms (1.0x), Avg.  1.55 ms, Total. 1.548 ms (0.0%)
[Performance] EditorSceneManager.sceneClosing: UnityEditor.SceneVisibilityManager.EditorSceneManagerOnSceneClosing                                 :        3 samples, Peak.   209 us (2.8x), Avg.  73.7 us, Total. 221.1 us (0.0%)
[Performance] GUIView.RepaintAll.PlayerLoopController                                                                                              :        5 samples, Peak.  1.00 us (1.3x), Avg.   780 ns, Total. 3.900 us (0.0%)
[Performance] EditorSceneManager.newSceneCreated: UnityEditor.SceneTemplate.SceneTemplateService.OnNewSceneCreated                                 :        3 samples, Peak.   224 us (3.0x), Avg.  75.7 us, Total. 227.0 us (0.0%)
[Performance] EditorSceneManager.newSceneCreated: UnityEditor.SceneVisibilityManager.EditorSceneManagerOnNewSceneCreated                           :        3 samples, Peak.   161 us (2.8x), Avg.  58.4 us, Total. 175.2 us (0.0%)
[Performance] EditorSceneManager.newSceneCreated: UnityEditor.SceneManagement.StageNavigationManager.OnNewSceneCreated                             :        3 samples, Peak.  48.5 us (2.8x), Avg.  17.0 us, Total. 51.10 us (0.0%)
[Performance] Application.InvokeFinishedLoadingProject                                                                                             :        1 samples, Peak.   150 ms (1.0x), Avg.   150 ms, Total. 150.0 ms (2.1%)
[Performance] ProcessService.OnProjectLoaded                                                                                                       :        1 samples, Peak.  89.4 us (1.0x), Avg.  89.4 us, Total. 89.40 us (0.0%)
[Performance] VersionControl.Task.Wait                                                                                                             :        1 samples, Peak.  6.40 us (1.0x), Avg.  6.40 us, Total. 6.400 us (0.0%)
[Performance] Application.InvokeProjectWasLoaded                                                                                                   :        1 samples, Peak.  31.6 us (1.0x), Avg.  31.6 us, Total. 31.60 us (0.0%)
[Performance] Application.Message                                                                                                                  :       28 samples, Peak.  79.4 us (16.1x), Avg.  4.94 us, Total. 138.2 us (0.0%)
[Performance] Application.Message.Timer                                                                                                            :        3 samples, Peak.  38.3 us (1.4x), Avg.  27.0 us, Total. 80.90 us (0.0%)
[Performance] Application.Message.WM_0031F                                                                                                         :        1 samples, Peak.  3.60 us (1.0x), Avg.  3.60 us, Total. 3.600 us (0.0%)
[Performance] Application.Tick                                                                                                                     :       27 samples, Peak.   148 ms (7.1x), Avg.  20.9 ms, Total. 564.4 ms (8.1%)
[Performance] CheckLicensingClient                                                                                                                 :        1 samples, Peak.  8.00 us (1.0x), Avg.  8.00 us, Total. 8.000 us (0.0%)
[Performance] CheckLicensingClientNotification                                                                                                     :        1 samples, Peak.  10.1 us (1.0x), Avg.  10.1 us, Total. 10.10 us (0.0%)
[Performance] LicenseActivated.Tick                                                                                                                :        1 samples, Peak.  8.10 us (1.0x), Avg.  8.10 us, Total. 8.100 us (0.0%)
[Performance] Application.TickVersionControl                                                                                                       :       28 samples, Peak.  1.50 us (1.4x), Avg.  1.08 us, Total. 30.10 us (0.0%)
[Performance] MonoCompiler.Tick                                                                                                                    :        3 samples, Peak.  6.80 us (1.1x), Avg.  6.20 us, Total. 18.60 us (0.0%)
[Performance] UnityConnect.Tick                                                                                                                    :        7 samples, Peak.  6.98 ms (6.9x), Avg.  1.01 ms, Total. 7.092 ms (0.1%)
[Performance] UnityVersionControl.Tick                                                                                                             :        7 samples, Peak.   800 ns (3.7x), Avg.   214 ns, Total. 1.500 us (0.0%)
[Performance] CurlRequest.Tick                                                                                                                     :        5 samples, Peak.   147 us (3.8x), Avg.  38.7 us, Total. 193.7 us (0.0%)
[Performance] HubClient.Tick                                                                                                                       :        5 samples, Peak.   500 ns (2.3x), Avg.   220 ns, Total. 1.100 us (0.0%)
[Performance] AssetDatabase.Tick                                                                                                                   :        5 samples, Peak.  66.8 us (4.9x), Avg.  13.5 us, Total. 67.50 us (0.0%)
[Performance] SceneBackgroundTask.Tick                                                                                                             :        4 samples, Peak.   300 ns (2.4x), Avg.   125 ns, Total. 500.0 ns (0.0%)
[Performance] Scheduler.Tick                                                                                                                       :       14 samples, Peak.  2.59 ms (13.7x), Avg.   190 us, Total. 2.655 ms (0.0%)
[Performance] RepaintAllProfilerWindows                                                                                                            :        2 samples, Peak.   327 us (2.0x), Avg.   164 us, Total. 327.8 us (0.0%)
[Performance] PlayerUpdates.Tick                                                                                                                   :        7 samples, Peak.  18.2 us (1.3x), Avg.  14.5 us, Total. 101.2 us (0.0%)
[Performance] Application.TickGlobalCallbacks                                                                                                      :       28 samples, Peak.  38.3 ms (25.3x), Avg.  1.51 ms, Total. 42.39 ms (0.6%)
[Performance] CoreBusinessMetrics.Tick                                                                                                             :        1 samples, Peak.  46.7 us (1.0x), Avg.  46.7 us, Total. 46.70 us (0.0%)
[Performance] EditorAnalytics.Tick                                                                                                                 :        3 samples, Peak.  7.50 us (2.8x), Avg.  2.67 us, Total. 8.000 us (0.0%)
[Performance] GI.Tick                                                                                                                              :        7 samples, Peak.  3.00 ms (6.0x), Avg.   502 us, Total. 3.514 ms (0.1%)
[Performance] Video.Update                                                                                                                         :       28 samples, Peak.   800 ns (1.6x), Avg.   511 ns, Total. 14.30 us (0.0%)
[Performance] UnitySynchronization.ExecuteTasks                                                                                                    :        7 samples, Peak.  2.80 us (1.2x), Avg.  2.29 us, Total. 16.00 us (0.0%)
[Performance] Application.TickPreloadManager                                                                                                       :       28 samples, Peak.  6.90 us (1.6x), Avg.  4.20 us, Total. 117.7 us (0.0%)
[Performance] Application.TickProgress                                                                                                             :       28 samples, Peak.  2.22 ms (27.4x), Avg.  80.8 us, Total. 2.261 ms (0.0%)
[Performance] Application.TickSceneTracker                                                                                                         :       27 samples, Peak.   148 ms (8.3x), Avg.  17.7 ms, Total. 478.9 ms (6.8%)
[Performance] EditorApplication.update                                                                                                             :       27 samples, Peak.   148 ms (8.3x), Avg.  17.7 ms, Total. 478.6 ms (6.8%)
[Performance] EditorApplication.update: UnityEngine.Rendering.ProbeSubdivisionContext+RealtimeProbeSubdivisionDebug.UpdateRealtimeSubdivisionDebug :       28 samples, Peak.  2.39 ms (27.6x), Avg.  86.6 us, Total. 2.425 ms (0.0%)
[Performance] EditorApplication.update: UnityEditor.TestTools.TestRunner.CommandLineTest.TestStarter.UpdateWatch                                   :        1 samples, Peak.  26.3 ms (1.0x), Avg.  26.3 ms, Total. 26.31 ms (0.4%)
[Performance] EditorApplication.update: callback in UnityEditor.Rendering.Universal.MaterialReimporter                                             :       28 samples, Peak.   858 us (25.2x), Avg.  34.0 us, Total. 952.6 us (0.0%)
[Performance] EditorApplication.update: UnityEditor.PackageManager.UI.Internal.ApplicationProxy.OnUpdate                                           :       28 samples, Peak.   452 us (25.0x), Avg.  18.1 us, Total. 506.0 us (0.0%)
[Performance] EditorApplication.update: UnityEditor.SceneManagement.StageNavigationManager.Update                                                  :       28 samples, Peak.   303 us (26.8x), Avg.  11.3 us, Total. 316.8 us (0.0%)
[Performance] ConsoleLog.Tick                                                                                                                      :        3 samples, Peak.   171 us (2.6x), Avg.  64.7 us, Total. 194.0 us (0.0%)
[Performance] HierarchyWindow.Tick                                                                                                                 :        4 samples, Peak.   576 us (3.3x), Avg.   177 us, Total. 708.1 us (0.0%)
[Performance] EditorApplication.hierarchyChanged: Unity.UIElements.Editor.UIDocumentHierarchyWatcher.OnHierarchyChanged                            :        2 samples, Peak.   270 us (1.9x), Avg.   143 us, Total. 286.0 us (0.0%)
[Performance] Inspector.Tick                                                                                                                       :        4 samples, Peak.  26.0 ms (4.0x), Avg.  6.49 ms, Total. 25.97 ms (0.4%)
[Performance] EditorApplication.delayCall: UnityEditor.ShortcutManagement.ShortcutIntegration.EnsureShortcutsAreInitialized                        :        1 samples, Peak.  24.7 ms (1.0x), Avg.  24.7 ms, Total. 24.70 ms (0.4%)
[Performance] EditorApplication.delayCall: callback in UnityEditor.EditorWindow                                                                    :        1 samples, Peak.   981 us (1.0x), Avg.   981 us, Total. 981.3 us (0.0%)
[Performance] EditorApplication.delayCall: callback in UnityEditor.EditorTools.ToolShortcutContext                                                 :        1 samples, Peak.  85.2 us (1.0x), Avg.  85.2 us, Total. 85.20 us (0.0%)
[Performance] EditorApplication.delayCall: callback in UnityEditor.SceneVisibilityManager                                                          :        1 samples, Peak.  28.4 us (1.0x), Avg.  28.4 us, Total. 28.40 us (0.0%)
[Performance] Tooltip.Tick                                                                                                                         :        6 samples, Peak.   145 us (4.0x), Avg.  36.4 us, Total. 218.5 us (0.0%)
[Performance] Application.RequestRepaintForPanels                                                                                                  :       27 samples, Peak.   313 us (21.4x), Avg.  14.6 us, Total. 393.9 us (0.0%)
[Performance] Application.UpdateScene                                                                                                              :       27 samples, Peak.   172 us (6.6x), Avg.  26.3 us, Total. 710.4 us (0.0%)
[Performance] Application.UpdateTextureStreaming                                                                                                   :       27 samples, Peak.  2.30 us (6.3x), Avg.   367 ns, Total. 9.900 us (0.0%)
[Performance] Application.UpdateVideoTextures                                                                                                      :       27 samples, Peak.   400 ns (1.7x), Avg.   241 ns, Total. 6.500 us (0.0%)
[Performance] PackageImporter.Tick                                                                                                                 :        3 samples, Peak.   400 ns (1.5x), Avg.   267 ns, Total. 800.0 ns (0.0%)
[Performance] InspectorBackground.Tick                                                                                                             :        3 samples, Peak.  1.90 us (1.4x), Avg.  1.33 us, Total. 4.000 us (0.0%)
[Performance] BurstDebug.Tick                                                                                                                      :        1 samples, Peak.   600 ns (1.0x), Avg.   600 ns, Total. 600.0 ns (0.0%)
[Performance] Application.ChangeLayoutIfNeeded                                                                                                     :       27 samples, Peak.   100 ns (1.7x), Avg.  59.3 ns, Total. 1.600 us (0.0%)
[Performance] AsyncReadManager.ForceCloseFiles                                                                                                     :        1 samples, Peak.  25.2 us (1.0x), Avg.  25.2 us, Total. 25.20 us (0.0%)
[Performance] EditorApplication.update: UnityEditor.TestTools.TestRunner.TestRun.TestJobRunner.ExecuteStep                                         :       27 samples, Peak.   148 ms (9.6x), Avg.  15.4 ms, Total. 415.6 ms (5.9%)
[Performance] GUIView.RepaintAll.RepaintScene                                                                                                      :       25 samples, Peak.  1.10 us (2.5x), Avg.   436 ns, Total. 10.90 us (0.0%)
[Performance] Application.Idle                                                                                                                     :       12 samples, Peak.  4.30 ms (1.5x), Avg.  2.83 ms, Total. 34.00 ms (0.5%)
[Performance] EditorApplication.update: UnityEditor.TestTools.TestRunner.EditModeRunnerCallback.DisplayProgressBar                                 :        7 samples, Peak.   160 us (6.9x), Avg.  23.2 us, Total. 162.5 us (0.0%)
[Performance] EditorApplication.update: UnityEditor.TestTools.TestRunner.EditModeRunner.TestConsumer                                               :        6 samples, Peak.  8.38 ms (1.6x), Avg.  5.18 ms, Total. 31.09 ms (0.4%)
[Performance] Application.Shutdown.SaveDefaultWindowPreferences                                                                                    :        1 samples, Peak.  94.7 us (1.0x), Avg.  94.7 us, Total. 94.70 us (0.0%)
[Performance] Application.Shutdown.SaveSceneManagerSetup                                                                                           :        1 samples, Peak.   282 us (1.0x), Avg.   282 us, Total. 282.0 us (0.0%)
[Performance] Application.Shutdown.CleanupAllContainerWindows                                                                                      :        1 samples, Peak.  1.00 us (1.0x), Avg.  1.00 us, Total. 1.000 us (0.0%)
[Performance] EditorApplication.quitting: Unity.Burst.Editor.BurstLoader.OnEditorApplicationQuitting                                               :        1 samples, Peak.  28.5 us (1.0x), Avg.  28.5 us, Total. 28.50 us (0.0%)
[Performance] EditorApplication.quitting: callback in UnityEditor.TextCore.Text.EditorEventCallbacks                                               :        1 samples, Peak.  11.8 ms (1.0x), Avg.  11.8 ms, Total. 11.82 ms (0.2%)
[Performance] Application.Shutdown.PauseProfilerSession                                                                                            :        1 samples, Peak.  21.6 us (1.0x), Avg.  21.6 us, Total. 21.60 us (0.0%)
[Performance] Application.Shutdown.PauseAssetImportWorkers                                                                                         :        1 samples, Peak.   155 us (1.0x), Avg.   155 us, Total. 154.8 us (0.0%)
[Performance] Application.Shutdown.SaveAssets                                                                                                      :        1 samples, Peak.  5.66 ms (1.0x), Avg.  5.66 ms, Total. 5.660 ms (0.1%)
[Performance] BuilderAssetModificationProcessor.OnWillSaveAssets                                                                                   :        1 samples, Peak.   377 us (1.0x), Avg.   377 us, Total. 377.4 us (0.0%)
[Performance] TerrainModificationProcessor.OnWillSaveAssets                                                                                        :        1 samples, Peak.   468 us (1.0x), Avg.   468 us, Total. 467.7 us (0.0%)
[Performance] AssetDatabase.ImportAssets                                                                                                           :        2 samples, Peak.   500 ns (1.7x), Avg.   300 ns, Total. 600.0 ns (0.0%)
[Performance] Application.Shutdown.CleanupRenderPipeline                                                                                           :        1 samples, Peak.  5.70 us (1.0x), Avg.  5.70 us, Total. 5.700 us (0.0%)
[Performance] Application.Shutdown.StopPreloadManager                                                                                              :        1 samples, Peak.  9.73 ms (1.0x), Avg.  9.73 ms, Total. 9.729 ms (0.1%)
[Performance] Application.Shutdown.DestroyWorld                                                                                                    :        1 samples, Peak.   367 us (1.0x), Avg.   367 us, Total. 366.8 us (0.0%)
[Performance] Application.Shutdown.CleanupAfterLoad                                                                                                :        1 samples, Peak.   109 ms (1.0x), Avg.   109 ms, Total. 109.5 ms (1.6%)
[Performance] Application.Shutdown.Progress                                                                                                        :        1 samples, Peak.  3.20 us (1.0x), Avg.  3.20 us, Total. 3.200 us (0.0%)
[Performance] Application.Shutdown.GICleanupManagers                                                                                               :        1 samples, Peak.   476 us (1.0x), Avg.   476 us, Total. 476.4 us (0.0%)
[Performance] Application.Shutdown.MenuCleanupClass                                                                                                :        1 samples, Peak.   254 us (1.0x), Avg.   254 us, Total. 254.4 us (0.0%)
[Performance] Application.Shutdown.ADBSaveStateBeforeShutdown                                                                                      :        1 samples, Peak.  9.00 us (1.0x), Avg.  9.00 us, Total. 9.000 us (0.0%)
[Performance] Application.Shutdown.RemoteShutdown                                                                                                  :        1 samples, Peak.   900 ns (1.0x), Avg.   900 ns, Total. 900.0 ns (0.0%)
[Performance] Application.Shutdown.CleanupVCProvider                                                                                               :        1 samples, Peak.  9.10 us (1.0x), Avg.  9.10 us, Total. 9.100 us (0.0%)
[Performance] Application.Shutdown.InputShutdown                                                                                                   :        1 samples, Peak.   300 ns (1.0x), Avg.   300 ns, Total. 300.0 ns (0.0%)
[Performance] Application.Shutdown.GizmoManagerDestroy                                                                                             :        1 samples, Peak.   534 us (1.0x), Avg.   534 us, Total. 533.8 us (0.0%)
[Performance] Application.Shutdown.ProfilerSession                                                                                                 :        1 samples, Peak.   143 us (1.0x), Avg.   143 us, Total. 142.7 us (0.0%)
[Performance] Application.Shutdown.ReleaseGfxWindowOnAllGUIViews                                                                                   :        1 samples, Peak.   300 ns (1.0x), Avg.   300 ns, Total. 300.0 ns (0.0%)
[Performance] Application.Shutdown.CleanupEngine                                                                                                   :        1 samples, Peak.   142 ms (1.0x), Avg.   142 ms, Total. 141.9 ms (2.0%)
[Performance] Application.Shutdown.CleanupAssetDatabase                                                                                            :        1 samples, Peak.  5.43 ms (1.0x), Avg.  5.43 ms, Total. 5.429 ms (0.1%)
[Performance] Application.Shutdown.ScriptCompilationCleanUp                                                                                        :        1 samples, Peak.  16.5 ms (1.0x), Avg.  16.5 ms, Total. 16.45 ms (0.2%)
[Performance] Application.Shutdown.DestroyJobSystem                                                                                                :        1 samples, Peak.   154 us (1.0x), Avg.   154 us, Total. 154.1 us (0.0%)
[Performance] Application.Shutdown.CleanupPersistentManager                                                                                        :        1 samples, Peak.  1.13 ms (1.0x), Avg.  1.13 ms, Total. 1.131 ms (0.0%)
[Performance] Application.Shutdown.CleanupAsyncReadManager                                                                                         :        1 samples, Peak.   629 us (1.0x), Avg.   629 us, Total. 628.6 us (0.0%)
[Performance] Application.Shutdown.CleanupProgressBar                                                                                              :        1 samples, Peak.   500 ns (1.0x), Avg.   500 ns, Total. 500.0 ns (0.0%)
[Performance] Application.Shutdown.CleanupMono                                                                                                     :        1 samples, Peak.  60.4 ms (1.0x), Avg.  60.4 ms, Total. 60.37 ms (0.9%)
[Performance] Application.Shutdown.CleanupStdConverters                                                                                            :        1 samples, Peak.  7.20 us (1.0x), Avg.  7.20 us, Total. 7.200 us (0.0%)
[Performance] Application.Shutdown.UnloadAllPlatformSupportModuleNativeDlls                                                                        :        1 samples, Peak.   500 ns (1.0x), Avg.   500 ns, Total. 500.0 ns (0.0%)
[Performance] Application.Shutdown.UnloadAllPlatformSupportNativeLibraries                                                                         :        1 samples, Peak.   100 ns (1.0x), Avg.   100 ns, Total. 100.0 ns (0.0%)
[Performance] Application.Shutdown.CleanupAutoDocumentation                                                                                        :        1 samples, Peak.   274 us (1.0x), Avg.   274 us, Total. 274.0 us (0.0%)
[Performance] Application.Shutdown.ShaderNameManagerDestroy                                                                                        :        1 samples, Peak.  34.7 us (1.0x), Avg.  34.7 us, Total. 34.70 us (0.0%)
[Performance] Application.Shutdown.CleanupCacheServer                                                                                              :        1 samples, Peak. 100.0 ns (1.0x), Avg. 100.0 ns, Total. 100.00 ns (0.0%)
[Performance] Application.Shutdown.Virtualization_Shutdown                                                                                         :        1 samples, Peak.   200 ns (1.0x), Avg.   200 ns, Total. 200.0 ns (0.0%)
[Performance] Application.Shutdown.DevConnections                                                                                                  :        1 samples, Peak.   226 us (1.0x), Avg.   226 us, Total. 226.4 us (0.0%)
Checking for leaked weakptr:
  Found no leaked weakptrs.
[Package Manager] Server::Kill -- Server was shutdown
Memory Statistics:
[ALLOC_TEMP_TLS] TLS Allocator
  StackAllocators : 
    [ALLOC_TEMP_CurlRequest]
      Initial Block Size 64.0 KB
      Current Block Size 64.0 KB
      Peak Allocated Bytes 0 B
      Overflow Count 0
    [ALLOC_TEMP_MAIN]
      Peak usage frame count: [0.5 MB-1.0 MB]: 1 frames, [8.0 MB-16.0 MB]: 1 frames
      Initial Block Size 16.0 MB
      Current Block Size 16.0 MB
      Peak Allocated Bytes 9.8 MB
      Overflow Count 0
    [ALLOC_TEMP_Job.Worker 18]
      Initial Block Size 256.0 KB
      Current Block Size 256.0 KB
      Peak Allocated Bytes 2.0 KB
      Overflow Count 0
    [ALLOC_TEMP_Background Job.Worker 8]
      Initial Block Size 32.0 KB
      Current Block Size 32.0 KB
      Peak Allocated Bytes 54 B
      Overflow Count 0
    [ALLOC_TEMP_Job.Worker 4]
      Initial Block Size 256.0 KB
      Current Block Size 0.9 MB
      Peak Allocated Bytes 0.9 MB
      Overflow Count 1
    [ALLOC_TEMP_AUDIO_FMOD mixer thread]
      Initial Block Size 64.0 KB
      Current Block Size 64.0 KB
      Peak Allocated Bytes 54 B
      Overflow Count 0
    [ALLOC_TEMP_BakingJobs.Worker 5]
      Initial Block Size 256.0 KB
      Current Block Size 256.0 KB
      Peak Allocated Bytes 54 B
      Overflow Count 0
    [ALLOC_TEMP_BakingJobs.Worker 10]
      Initial Block Size 256.0 KB
      Current Block Size 256.0 KB
      Peak Allocated Bytes 54 B
      Overflow Count 0
    [ALLOC_TEMP_Background Job.Worker 3]
      Initial Block Size 32.0 KB
      Current Block Size 32.0 KB
      Peak Allocated Bytes 54 B
      Overflow Count 0
    [ALLOC_TEMP_BatchDeleteObjects]
      Initial Block Size 64.0 KB
      Current Block Size 64.0 KB
      Peak Allocated Bytes 54 B
      Overflow Count 0
    [ALLOC_TEMP_Background Job.Worker 11]
      Initial Block Size 32.0 KB
      Current Block Size 32.0 KB
      Peak Allocated Bytes 54 B
      Overflow Count 0
    [ALLOC_TEMP_REST Message Handler]
      Initial Block Size 64.0 KB
      Current Block Size 64.0 KB
      Peak Allocated Bytes 54 B
      Overflow Count 0
    [ALLOC_TEMP_CoreBusinessMetricsCache]
      Initial Block Size 64.0 KB
      Current Block Size 64.0 KB
      Peak Allocated Bytes 8.0 KB
      Overflow Count 0
    [ALLOC_TEMP_Job.Worker 13]
      Initial Block Size 256.0 KB
      Current Block Size 256.0 KB
      Peak Allocated Bytes 1.9 KB
      Overflow Count 0
    [ALLOC_TEMP_Background Job.Worker 2]
      Initial Block Size 32.0 KB
      Current Block Size 32.0 KB
      Peak Allocated Bytes 1.9 KB
      Overflow Count 0
    [ALLOC_TEMP_AssetDatabase.IOService]
      Initial Block Size 64.0 KB
      Current Block Size 64.0 KB
      Peak Allocated Bytes 54 B
      Overflow Count 0
    [ALLOC_TEMP_Job.Worker 10]
      Initial Block Size 256.0 KB
      Current Block Size 0.9 MB
      Peak Allocated Bytes 0.9 MB
      Overflow Count 0
    [ALLOC_TEMP_Job.Worker 15]
      Initial Block Size 256.0 KB
      Current Block Size 256.0 KB
      Peak Allocated Bytes 1.9 KB
      Overflow Count 0
    [ALLOC_TEMP_Job.Worker 12]
      Initial Block Size 256.0 KB
      Current Block Size 0.9 MB
      Peak Allocated Bytes 0.9 MB
      Overflow Count 1
    [ALLOC_TEMP_Loading.PreloadManager]
      Initial Block Size 32.0 MB
      Current Block Size 32.0 MB
      Peak Allocated Bytes 54 B
      Overflow Count 0
    [ALLOC_TEMP_Profiler.Dispatcher]
      Initial Block Size 64.0 KB
      Current Block Size 64.0 KB
      Peak Allocated Bytes 0 B
      Overflow Count 0
    [ALLOC_TEMP_Job.Worker 17]
      Initial Block Size 256.0 KB
      Current Block Size 256.0 KB
      Peak Allocated Bytes 1.7 KB
      Overflow Count 0
    [ALLOC_TEMP_Job.Worker 3]
      Initial Block Size 256.0 KB
      Current Block Size 0.9 MB
      Peak Allocated Bytes 0.9 MB
      Overflow Count 1
    [ALLOC_TEMP_BakingJobs.Worker 7]
      Initial Block Size 256.0 KB
      Current Block Size 256.0 KB
      Peak Allocated Bytes 54 B
      Overflow Count 0
    [ALLOC_TEMP_Job.Worker 14]
      Initial Block Size 256.0 KB
      Current Block Size 256.0 KB
      Peak Allocated Bytes 2.0 KB
      Overflow Count 1
    [ALLOC_TEMP_Background Job.Worker 5]
      Initial Block Size 32.0 KB
      Current Block Size 32.0 KB
      Peak Allocated Bytes 54 B
      Overflow Count 0
    [ALLOC_TEMP_CurlRequest]
      Initial Block Size 64.0 KB
      Current Block Size 64.0 KB
      Peak Allocated Bytes 1.9 KB
      Overflow Count 0
    [ALLOC_TEMP_Background Job.Worker 13]
      Initial Block Size 32.0 KB
      Current Block Size 32.0 KB
      Peak Allocated Bytes 54 B
      Overflow Count 0
    [ALLOC_TEMP_Job.Worker 2]
      Initial Block Size 256.0 KB
      Current Block Size 0.9 MB
      Peak Allocated Bytes 0.9 MB
      Overflow Count 1
    [ALLOC_TEMP_BakingJobs.Worker 6]
      Initial Block Size 256.0 KB
      Current Block Size 256.0 KB
      Peak Allocated Bytes 54 B
      Overflow Count 0
    [ALLOC_TEMP_Job.Worker 11]
      Initial Block Size 256.0 KB
      Current Block Size 0.9 MB
      Peak Allocated Bytes 0.9 MB
      Overflow Count 1
    [ALLOC_TEMP_Job.Worker 0]
      Initial Block Size 256.0 KB
      Current Block Size 256.0 KB
      Peak Allocated Bytes 2.0 KB
      Overflow Count 0
    [ALLOC_TEMP_Job.Worker 5]
      Initial Block Size 256.0 KB
      Current Block Size 0.9 MB
      Peak Allocated Bytes 0.9 MB
      Overflow Count 1
    [ALLOC_TEMP_Job.Worker 6]
      Initial Block Size 256.0 KB
      Current Block Size 0.9 MB
      Peak Allocated Bytes 0.9 MB
      Overflow Count 0
    [ALLOC_TEMP_Background Job.Worker 9]
      Initial Block Size 32.0 KB
      Current Block Size 32.0 KB
      Peak Allocated Bytes 54 B
      Overflow Count 0
    [ALLOC_TEMP_BakingJobs.Worker 8]
      Initial Block Size 256.0 KB
      Current Block Size 256.0 KB
      Peak Allocated Bytes 54 B
      Overflow Count 0
    [ALLOC_TEMP_Job.Worker 9]
      Initial Block Size 256.0 KB
      Current Block Size 256.0 KB
      Peak Allocated Bytes 1.9 KB
      Overflow Count 0
    [ALLOC_TEMP_DirMonitor]
      Initial Block Size 64.0 KB
      Current Block Size 64.0 KB
      Peak Allocated Bytes 1.0 KB
      Overflow Count 0
    [ALLOC_TEMP_BakingJobs.Worker 1]
      Initial Block Size 256.0 KB
      Current Block Size 256.0 KB
      Peak Allocated Bytes 0.6 KB
      Overflow Count 0
    [ALLOC_TEMP_Loading.AsyncRead]
      Initial Block Size 64.0 KB
      Current Block Size 64.0 KB
      Peak Allocated Bytes 128 B
      Overflow Count 0
    [ALLOC_TEMP_Background Job.Worker 10]
      Initial Block Size 32.0 KB
      Current Block Size 32.0 KB
      Peak Allocated Bytes 54 B
      Overflow Count 0
    [ALLOC_TEMP_Job.Worker 16]
      Initial Block Size 256.0 KB
      Current Block Size 256.0 KB
      Peak Allocated Bytes 1.9 KB
      Overflow Count 0
    [ALLOC_TEMP_BakingJobs.Worker 9]
      Initial Block Size 256.0 KB
      Current Block Size 256.0 KB
      Peak Allocated Bytes 54 B
      Overflow Count 0
    [ALLOC_TEMP_AUDIO_FMOD (WASAPI) feeder thread]
      Initial Block Size 64.0 KB
      Current Block Size 64.0 KB
      Peak Allocated Bytes 168 B
      Overflow Count 0
    [ALLOC_TEMP_Background Job.Worker 6]
      Initial Block Size 32.0 KB
      Current Block Size 32.0 KB
      Peak Allocated Bytes 54 B
      Overflow Count 0
    [ALLOC_TEMP_Background Job.Worker 1]
      Initial Block Size 32.0 KB
      Current Block Size 216.0 KB
      Peak Allocated Bytes 170.6 KB
      Overflow Count 2
    [ALLOC_TEMP_BakingJobs.Worker 11]
      Initial Block Size 256.0 KB
      Current Block Size 256.0 KB
      Peak Allocated Bytes 54 B
      Overflow Count 0
    [ALLOC_TEMP_AUDIO_FMOD stream thread]
      Initial Block Size 64.0 KB
      Current Block Size 64.0 KB
      Peak Allocated Bytes 54 B
      Overflow Count 0
    [ALLOC_TEMP_BakingJobs.Worker 2]
      Initial Block Size 256.0 KB
      Current Block Size 256.0 KB
      Peak Allocated Bytes 54 B
      Overflow Count 0
    [ALLOC_TEMP_Background Job.Worker 7]
      Initial Block Size 32.0 KB
      Current Block Size 32.0 KB
      Peak Allocated Bytes 54 B
      Overflow Count 0
    [ALLOC_TEMP_Job.Worker 8]
      Initial Block Size 256.0 KB
      Current Block Size 256.0 KB
      Peak Allocated Bytes 1.9 KB
      Overflow Count 0
    [ALLOC_TEMP_Job.Worker 1]
      Initial Block Size 256.0 KB
      Current Block Size 0.9 MB
      Peak Allocated Bytes 0.9 MB
      Overflow Count 1
    [ALLOC_TEMP_BakingJobs.Worker 0]
      Initial Block Size 256.0 KB
      Current Block Size 256.0 KB
      Peak Allocated Bytes 54 B
      Overflow Count 0
    [ALLOC_TEMP_BakingJobs.Worker 3]
      Initial Block Size 256.0 KB
      Current Block Size 256.0 KB
      Peak Allocated Bytes 54 B
      Overflow Count 0
    [ALLOC_TEMP_EditorTaskManager]
      Initial Block Size 64.0 KB
      Current Block Size 68.0 KB
      Peak Allocated Bytes 64.0 KB
      Overflow Count 0
    [ALLOC_TEMP_Background Job.Worker 15]
      Initial Block Size 32.0 KB
      Current Block Size 32.0 KB
      Peak Allocated Bytes 54 B
      Overflow Count 0
    [ALLOC_TEMP_BakingJobs.Worker 4]
      Initial Block Size 256.0 KB
      Current Block Size 256.0 KB
      Peak Allocated Bytes 54 B
      Overflow Count 0
    [ALLOC_TEMP_Background Job.Worker 12]
      Initial Block Size 32.0 KB
      Current Block Size 32.0 KB
      Peak Allocated Bytes 54 B
      Overflow Count 0
    [ALLOC_TEMP_HTTP REST Server]
      Initial Block Size 64.0 KB
      Current Block Size 64.0 KB
      Peak Allocated Bytes 152 B
      Overflow Count 0
    [ALLOC_TEMP_AssetGarbageCollectorHelper] x 19
      Initial Block Size 64.0 KB
      Current Block Size 64.0 KB
      Peak Allocated Bytes 0 B
      Overflow Count 0
    [ALLOC_TEMP_Background Job.Worker 0]
      Initial Block Size 32.0 KB
      Current Block Size 32.0 KB
      Peak Allocated Bytes 54 B
      Overflow Count 0
    [ALLOC_TEMP_Background Job.Worker 4]
      Initial Block Size 32.0 KB
      Current Block Size 32.0 KB
      Peak Allocated Bytes 54 B
      Overflow Count 0
    [ALLOC_TEMP_Background Job.Worker 14]
      Initial Block Size 32.0 KB
      Current Block Size 32.0 KB
      Peak Allocated Bytes 54 B
      Overflow Count 0
    [ALLOC_TEMP_Job.Worker 7]
      Initial Block Size 256.0 KB
      Current Block Size 256.0 KB
      Peak Allocated Bytes 2.0 KB
      Overflow Count 0
[ALLOC_MEMORYPROFILER]
  Peak usage frame count: [128.0 KB-256.0 KB]: 1 frames, [256.0 KB-0.5 MB]: 1 frames
  Requested Block Size 1.0 MB
  Peak Block count 1
  Peak Allocated memory 455.5 KB
  Peak Large allocation bytes 0 B
[ALLOC_DEFAULT] Dual Thread Allocator
  Peak main deferred allocation count 1298
    [ALLOC_BUCKET]
      Large Block size 32.0 MB
      Used Block count 1
      Peak Allocated bytes 9.8 MB
    [ALLOC_DEFAULT_MAIN]
      Peak usage frame count: [64.0 MB-128.0 MB]: 2 frames
      Requested Block Size 16.0 MB
      Peak Block count 5
      Peak Allocated memory 70.3 MB
      Peak Large allocation bytes 0 B
    [ALLOC_DEFAULT_THREAD]
      Peak usage frame count: [4.0 MB-8.0 MB]: 2 frames
      Requested Block Size 16.0 MB
      Peak Block count 1
      Peak Allocated memory 5.5 MB
      Peak Large allocation bytes 0 B
[ALLOC_TEMP_JOB_1_FRAME]
  Initial Block Size 2.0 MB
  Used Block Count 0
  Overflow Count (too large) 0
  Overflow Count (full) 0
[ALLOC_TEMP_JOB_2_FRAMES]
  Initial Block Size 2.0 MB
  Used Block Count 0
  Overflow Count (too large) 0
  Overflow Count (full) 0
[ALLOC_TEMP_JOB_4_FRAMES (JobTemp)]
  Initial Block Size 2.0 MB
  Used Block Count 1
  Overflow Count (too large) 0
  Overflow Count (full) 0
[ALLOC_TEMP_JOB_ASYNC (Background)]
  Initial Block Size 1.0 MB
  Used Block Count 1
  Overflow Count (too large) 0
  Overflow Count (full) 0
[ALLOC_GFX] Dual Thread Allocator
  Peak main deferred allocation count 0
    [ALLOC_BUCKET]
      Large Block size 32.0 MB
      Used Block count 1
      Peak Allocated bytes 9.8 MB
    [ALLOC_GFX_MAIN]
      Peak usage frame count: [4.0 MB-8.0 MB]: 2 frames
      Requested Block Size 16.0 MB
      Peak Block count 1
      Peak Allocated memory 6.9 MB
      Peak Large allocation bytes 0 B
    [ALLOC_GFX_THREAD]
      Peak usage frame count: [0-1.0 KB]: 2 frames
      Requested Block Size 16.0 MB
      Peak Block count 0
      Peak Allocated memory 0 B
      Peak Large allocation bytes 0 B
[ALLOC_CACHEOBJECTS] Dual Thread Allocator
  Peak main deferred allocation count 656
    [ALLOC_BUCKET]
      Large Block size 32.0 MB
      Used Block count 1
      Peak Allocated bytes 9.8 MB
    [ALLOC_CACHEOBJECTS_MAIN]
      Peak usage frame count: [16.0 MB-32.0 MB]: 1 frames, [32.0 MB-64.0 MB]: 1 frames
      Requested Block Size 4.0 MB
      Peak Block count 11
      Peak Allocated memory 32.8 MB
      Peak Large allocation bytes 10.7 MB
    [ALLOC_CACHEOBJECTS_THREAD]
      Peak usage frame count: [0-1.0 KB]: 2 frames
      Requested Block Size 4.0 MB
      Peak Block count 0
      Peak Allocated memory 0 B
      Peak Large allocation bytes 0 B
[ALLOC_TYPETREE] Dual Thread Allocator
  Peak main deferred allocation count 1037
    [ALLOC_BUCKET]
      Large Block size 32.0 MB
      Used Block count 1
      Peak Allocated bytes 9.8 MB
    [ALLOC_TYPETREE_MAIN]
      Peak usage frame count: [1.0 MB-2.0 MB]: 1 frames, [8.0 MB-16.0 MB]: 1 frames
      Requested Block Size 2.0 MB
      Peak Block count 7
      Peak Allocated memory 12.3 MB
      Peak Large allocation bytes 0 B
    [ALLOC_TYPETREE_THREAD]
      Peak usage frame count: [0-1.0 KB]: 2 frames
      Requested Block Size 2.0 MB
      Peak Block count 0
      Peak Allocated memory 0 B
      Peak Large allocation bytes 0 B
[ALLOC_PROFILER]
  Peak usage frame count: [256.0 KB-0.5 MB]: 2 frames
  Requested Block Size 16.0 MB
  Peak Block count 1
  Peak Allocated memory 511.5 KB
  Peak Large allocation bytes 0 B
    [ALLOC_PROFILER_BUCKET]
      Large Block size 32.0 MB
      Used Block count 1
      Peak Allocated bytes 4.1 KB
[ALLOC_PROFILER_EDITOR]
  Peak usage frame count: [0-1.0 KB]: 2 frames
  Requested Block Size 1.0 MB
  Peak Block count 0
  Peak Allocated memory 0 B
  Peak Large allocation bytes 0 B
    [ALLOC_PROFILER_BUCKET]
      Large Block size 32.0 MB
      Used Block count 1
      Peak Allocated bytes 4.1 KB
##utp:{"type":"MemoryLeaks","version":2,"phase":"Immediate","time":1787668567107,"processId":20464,"allocatedMemory":23668898,"memoryLabels":[{"Default":20431},{"Permanent":15615},{"NewDelete":80944},{"Thread":4229412},{"Manager":34523},{"VertexData":12},{"Geometry":560},{"Texture":176},{"Shader":68848},{"Material":24},{"GfxDevice":57048},{"Animation":296},{"Audio":3928},{"FontEngine":272},{"Physics":513},{"Serialization":948},{"Input":14744},{"JobScheduler":33360},{"Mono":40},{"ScriptingNativeRuntime":191848},{"BaseObject":1627276},{"Resource":1360},{"Renderer":2304},{"Transform":16},{"File":888},{"WebCam":96},{"Culling":40},{"Terrain":1137},{"Wind":24},{"STL":48},{"String":15270},{"DynamicArray":70353},{"HashMap":4410210},{"Utility":2664898},{"Curl":1424},{"PoolAlloc":1728},{"AI":104},{"TypeTree":5077},{"ScriptManager":640},{"RuntimeInitializeOnLoadManager":80},{"SpriteAtlas":128},{"GI":4072},{"Director":7960},{"WebRequest":688},{"VR":46081},{"SceneManager":568},{"Video":72},{"LazyScriptCache":40},{"NativeArray":12},{"Camera":25},{"Secure":1},{"SerializationCache":1584},{"APIUpdating":11872},{"Subsystems":392},{"VirtualTexturing":57896},{"StaticSafetyDebugInfo":327680},{"EditorGui":56},{"EditorUtility":20055},{"VersionControl":4},{"Undo":704},{"AssetDatabase":9583751},{"RestService":1414},{"EditorGi":376},{"License":3584},{"UnityConnect":25344},{"Collab":593},{"Upm":2032},{"DrivenProperties":96},{"LocalIPC":296},{"ProfilerEditor":10943},{"CoreBusinessMetrics":3984},{"AssetReference":40},{"IPCStream":40}]}
